2025-12-19T06:37:36.0783891Z Current runner version: '2.330.0'
2025-12-19T06:37:36.0789156Z Runner name: 'XIYBHK'
2025-12-19T06:37:36.0789471Z Runner group name: 'Default'
2025-12-19T06:37:36.0789904Z Machine name: 'XIYBHK'
2025-12-19T06:37:36.0791545Z ##[group]GITHUB_TOKEN Permissions
2025-12-19T06:37:36.0792860Z Contents: read
2025-12-19T06:37:36.0793100Z Metadata: read
2025-12-19T06:37:36.0793355Z ##[endgroup]
2025-12-19T06:37:36.0794482Z Secret source: Actions
2025-12-19T06:37:36.0794810Z Prepare workflow directory
2025-12-19T06:37:36.1487358Z Prepare all required actions
2025-12-19T06:37:36.1514617Z Getting action download info
2025-12-19T06:37:37.7020677Z Download action repository 'actions/checkout@v4' (SHA:34e114876b0b11c390a56381ad16ebd13914f8d5)
2025-12-19T06:37:39.6686033Z Download action repository 'actions/upload-artifact@v4' (SHA:ea165f8d65b6e75b540449e92b4886f43607fa02)
2025-12-19T06:37:42.2538291Z Complete job name: build-windows-optimized (5.6)
2025-12-19T06:37:42.3271565Z ##[group]Run actions/checkout@v4
2025-12-19T06:37:42.3272108Z with:
2025-12-19T06:37:42.3272274Z   fetch-depth: 0
2025-12-19T06:37:42.3272401Z   fetch-tags: true
2025-12-19T06:37:42.3272563Z   repository: XIYBHK/UE_XTools
2025-12-19T06:37:42.3272939Z   token: ***
2025-12-19T06:37:42.3273067Z   ssh-strict: true
2025-12-19T06:37:42.3273231Z   ssh-user: git
2025-12-19T06:37:42.3273373Z   persist-credentials: true
2025-12-19T06:37:42.3273541Z   clean: true
2025-12-19T06:37:42.3273681Z   sparse-checkout-cone-mode: true
2025-12-19T06:37:42.3273875Z   show-progress: true
2025-12-19T06:37:42.3274022Z   lfs: false
2025-12-19T06:37:42.3274159Z   submodules: false
2025-12-19T06:37:42.3274318Z   set-safe-directory: true
2025-12-19T06:37:42.3274553Z env:
2025-12-19T06:37:42.3274698Z   UE_VERSION: 5.6
2025-12-19T06:37:42.3274895Z ##[endgroup]
2025-12-19T06:37:42.4324084Z Syncing repository: XIYBHK/UE_XTools
2025-12-19T06:37:42.4325096Z ##[group]Getting Git version info
2025-12-19T06:37:42.4325502Z Working directory is 'C:\actions-runner\_work\UE_XTools\UE_XTools'
2025-12-19T06:37:42.4577490Z [command]"C:\Program Files\Git\cmd\git.exe" version
2025-12-19T06:37:42.5000465Z git version 2.51.2.windows.1
2025-12-19T06:37:42.5040840Z ##[endgroup]
2025-12-19T06:37:42.5055699Z Copying 'C:\Users\xiybh\.gitconfig' to 'C:\actions-runner\_work\_temp\1a4d4584-af23-4359-9ee7-926caedccbb1\.gitconfig'
2025-12-19T06:37:42.5075611Z Temporarily overriding HOME='C:\actions-runner\_work\_temp\1a4d4584-af23-4359-9ee7-926caedccbb1' before making global git config changes
2025-12-19T06:37:42.5076196Z Adding repository directory to the temporary git global config as a safe directory
2025-12-19T06:37:42.5083320Z [command]"C:\Program Files\Git\cmd\git.exe" config --global --add safe.directory C:\actions-runner\_work\UE_XTools\UE_XTools
2025-12-19T06:37:42.5693858Z [command]"C:\Program Files\Git\cmd\git.exe" config --local --get remote.origin.url
2025-12-19T06:37:42.6188295Z https://github.com/XIYBHK/UE_XTools
2025-12-19T06:37:42.6236380Z ##[group]Removing previously created refs, to avoid conflicts
2025-12-19T06:37:42.6244237Z [command]"C:\Program Files\Git\cmd\git.exe" rev-parse --symbolic-full-name --verify --quiet HEAD
2025-12-19T06:37:42.6787538Z refs/heads/main
2025-12-19T06:37:42.6829569Z [command]"C:\Program Files\Git\cmd\git.exe" checkout --detach
2025-12-19T06:37:42.7596491Z HEAD is now at 958264e fix(SortEditor): K2Node_SmartSort枚举引脚提升为变量支持
2025-12-19T06:37:42.8792717Z ##[endgroup]
2025-12-19T06:37:42.8799528Z [command]"C:\Program Files\Git\cmd\git.exe" submodule status
2025-12-19T06:37:43.7556372Z ##[group]Cleaning the repository
2025-12-19T06:37:43.7564726Z [command]"C:\Program Files\Git\cmd\git.exe" clean -ffdx
2025-12-19T06:37:43.8192490Z [command]"C:\Program Files\Git\cmd\git.exe" reset --hard HEAD
2025-12-19T06:37:43.9141446Z HEAD is now at 958264e fix(SortEditor): K2Node_SmartSort枚举引脚提升为变量支持
2025-12-19T06:37:43.9177185Z ##[endgroup]
2025-12-19T06:37:43.9184633Z ##[group]Disabling automatic garbage collection
2025-12-19T06:37:43.9191637Z [command]"C:\Program Files\Git\cmd\git.exe" config --local gc.auto 0
2025-12-19T06:37:43.9735638Z ##[endgroup]
2025-12-19T06:37:43.9735972Z ##[group]Setting up auth
2025-12-19T06:37:43.9744564Z [command]"C:\Program Files\Git\cmd\git.exe" config --local --name-only --get-regexp core\.sshCommand
2025-12-19T06:37:44.0268262Z [command]"C:\Program Files\Git\cmd\git.exe" submodule foreach --recursive "sh -c \"git config --local --name-only --get-regexp 'core\.sshCommand' && git config --local --unset-all 'core.sshCommand' || :\""
2025-12-19T06:37:44.9450103Z [command]"C:\Program Files\Git\cmd\git.exe" config --local --name-only --get-regexp http\.https\:\/\/github\.com\/\.extraheader
2025-12-19T06:37:44.9988455Z [command]"C:\Program Files\Git\cmd\git.exe" submodule foreach --recursive "sh -c \"git config --local --name-only --get-regexp 'http\.https\:\/\/github\.com\/\.extraheader' && git config --local --unset-all 'http.https://github.com/.extraheader' || :\""
2025-12-19T06:37:45.9370093Z [command]"C:\Program Files\Git\cmd\git.exe" config --local --name-only --get-regexp ^includeIf\.gitdir:
2025-12-19T06:37:45.9913182Z [command]"C:\Program Files\Git\cmd\git.exe" submodule foreach --recursive "git config --local --show-origin --name-only --get-regexp remote.origin.url"
2025-12-19T06:37:46.9511855Z [command]"C:\Program Files\Git\cmd\git.exe" config --local http.https://github.com/.extraheader "AUTHORIZATION: basic ***"
2025-12-19T06:37:47.0054584Z ##[endgroup]
2025-12-19T06:37:47.0054966Z ##[group]Fetching the repository
2025-12-19T06:37:47.0064026Z [command]"C:\Program Files\Git\cmd\git.exe" -c protocol.version=2 fetch --prune --no-recurse-submodules origin +refs/heads/*:refs/remotes/origin/* +refs/tags/*:refs/tags/*
2025-12-19T06:37:48.1902052Z [command]"C:\Program Files\Git\cmd\git.exe" branch --list --remote origin/main
2025-12-19T06:37:48.2407571Z   origin/main
2025-12-19T06:37:48.2446585Z [command]"C:\Program Files\Git\cmd\git.exe" rev-parse refs/remotes/origin/main
2025-12-19T06:37:48.2911319Z 958264e5f4e910d904f6b657c8400d4e9b6184fe
2025-12-19T06:37:48.2946463Z ##[endgroup]
2025-12-19T06:37:48.2946748Z ##[group]Determining the checkout info
2025-12-19T06:37:48.2947948Z ##[endgroup]
2025-12-19T06:37:48.2954829Z [command]"C:\Program Files\Git\cmd\git.exe" sparse-checkout disable
2025-12-19T06:37:48.3593301Z [command]"C:\Program Files\Git\cmd\git.exe" config --local --unset-all extensions.worktreeConfig
2025-12-19T06:37:48.4115912Z ##[group]Checking out the ref
2025-12-19T06:37:48.4122994Z [command]"C:\Program Files\Git\cmd\git.exe" checkout --progress --force -B main refs/remotes/origin/main
2025-12-19T06:37:48.5041220Z branch 'main' set up to track 'origin/main'.
2025-12-19T06:37:48.5041594Z Your branch is up to date with 'origin/main'.
2025-12-19T06:37:48.5042085Z Switched to and reset branch 'main'
2025-12-19T06:37:48.5079836Z ##[endgroup]
2025-12-19T06:37:48.5655749Z [command]"C:\Program Files\Git\cmd\git.exe" log -1 --format=%H
2025-12-19T06:37:48.6209780Z 958264e5f4e910d904f6b657c8400d4e9b6184fe
2025-12-19T06:37:48.6574244Z ##[group]Run Write-Host "==> Setup UE 5.6 Environment" -ForegroundColor Cyan
2025-12-19T06:37:48.6574654Z [36;1mWrite-Host "==> Setup UE 5.6 Environment" -ForegroundColor Cyan[0m
2025-12-19T06:37:48.6574858Z [36;1m[0m
2025-12-19T06:37:48.6574992Z [36;1m# UE installation path[0m
2025-12-19T06:37:48.6575203Z [36;1m$ue_version = "5.6"[0m
2025-12-19T06:37:48.6575391Z [36;1m$ue_path = "F:\Epic Games\UE_$ue_version"[0m
2025-12-19T06:37:48.6575576Z [36;1mWrite-Host "UE Path: $ue_path"[0m
2025-12-19T06:37:48.6575704Z [36;1m[0m
2025-12-19T06:37:48.6576421Z [36;1mif (-not (Test-Path $ue_path)) {[0m
2025-12-19T06:37:48.6576609Z [36;1m  throw "UE installation not found: $ue_path"[0m
2025-12-19T06:37:48.6576784Z [36;1m}[0m
2025-12-19T06:37:48.6576960Z [36;1m[0m
2025-12-19T06:37:48.6577060Z [36;1m# Verify key files[0m
2025-12-19T06:37:48.6577305Z [36;1m$runuat_path = "$ue_path\Engine\Build\BatchFiles\RunUAT.bat"[0m
2025-12-19T06:37:48.6578328Z [36;1m$ue_editor_path = "$ue_path\Engine\Binaries\Win64\UnrealEditor.exe"[0m
2025-12-19T06:37:48.6578498Z [36;1m[0m
2025-12-19T06:37:48.6578659Z [36;1mif (-not (Test-Path $runuat_path)) {[0m
2025-12-19T06:37:48.6578836Z [36;1m  throw "RunUAT.bat not found: $runuat_path"[0m
2025-12-19T06:37:48.6579025Z [36;1m}[0m
2025-12-19T06:37:48.6579163Z [36;1m[0m
2025-12-19T06:37:48.6579278Z [36;1mif (-not (Test-Path $ue_editor_path)) {[0m
2025-12-19T06:37:48.6579473Z [36;1m  throw "UnrealEditor.exe not found: $ue_editor_path"[0m
2025-12-19T06:37:48.6579694Z [36;1m}[0m
2025-12-19T06:37:48.6579788Z [36;1m[0m
2025-12-19T06:37:48.6579900Z [36;1m# Verify plugin file[0m
2025-12-19T06:37:48.6580072Z [36;1m$plugin_file = "C:\actions-runner\_work\UE_XTools\UE_XTools\XTools.uplugin"[0m
2025-12-19T06:37:48.6580323Z [36;1mif (-not (Test-Path $plugin_file)) {[0m
2025-12-19T06:37:48.6580559Z [36;1m  throw "Plugin file not found: $plugin_file"[0m
2025-12-19T06:37:48.6580718Z [36;1m}[0m
2025-12-19T06:37:48.6580865Z [36;1m[0m
2025-12-19T06:37:48.6581008Z [36;1mWrite-Host "[OK] Environment validation passed" -ForegroundColor Green[0m
2025-12-19T06:37:48.6581202Z [36;1m[0m
2025-12-19T06:37:48.6581313Z [36;1m# Set environment variables[0m
2025-12-19T06:37:48.6581488Z [36;1mecho "UE_PATH=$ue_path" >> $env:GITHUB_ENV[0m
2025-12-19T06:37:48.6581698Z [36;1mecho "UE_VERSION=$ue_version" >> $env:GITHUB_ENV[0m
2025-12-19T06:37:48.6581888Z [36;1mecho "RUNUAT_PATH=$runuat_path" >> $env:GITHUB_ENV[0m
2025-12-19T06:37:48.6582136Z [36;1mecho "UE_EDITOR_PATH=$ue_editor_path" >> $env:GITHUB_ENV[0m
2025-12-19T06:37:48.6582313Z [36;1mecho "PLUGIN_FILE=$plugin_file" >> $env:GITHUB_ENV[0m
2025-12-19T06:37:48.6658989Z shell: C:\WINDOWS\System32\WindowsPowerShell\v1.0\powershell.EXE -ExecutionPolicy Bypass -File {0}
2025-12-19T06:37:48.6659210Z env:
2025-12-19T06:37:48.6659295Z   UE_VERSION: 5.6
2025-12-19T06:37:48.6659390Z ##[endgroup]
2025-12-19T06:37:48.8463153Z ==> Setup UE 5.6 Environment
2025-12-19T06:37:48.8481589Z UE Path: F:\Epic Games\UE_5.6
2025-12-19T06:37:48.8837936Z [OK] Environment validation passed
2025-12-19T06:37:48.9231565Z ##[group]Run Write-Host "==> Build Plugin for UE 5.6" -ForegroundColor Cyan
2025-12-19T06:37:48.9231841Z [36;1mWrite-Host "==> Build Plugin for UE 5.6" -ForegroundColor Cyan[0m
2025-12-19T06:37:48.9231983Z [36;1m$build_start = Get-Date[0m
2025-12-19T06:37:48.9232085Z [36;1m[0m
2025-12-19T06:37:48.9232214Z [36;1m# Output directory setup (use RUNNER_TEMP to avoid writing to repo)[0m
2025-12-19T06:37:48.9232383Z [36;1m$base_out = Join-Path $env:RUNNER_TEMP "XTools"[0m
2025-12-19T06:37:48.9232577Z [36;1m$output_directory = Join-Path $base_out ("XTools-UE_" + $env:UE_VERSION + "-AllPlatforms")[0m
2025-12-19T06:37:48.9232769Z [36;1m$temp_output = Join-Path $base_out "TempPackage"[0m
2025-12-19T06:37:48.9232884Z [36;1m[0m
2025-12-19T06:37:48.9232979Z [36;1mWrite-Host "Output Directory: $output_directory"[0m
2025-12-19T06:37:48.9233106Z [36;1m[0m
2025-12-19T06:37:48.9233185Z [36;1m# Clean old output directories[0m
2025-12-19T06:37:48.9233330Z [36;1mif (Test-Path $temp_output) {[0m
2025-12-19T06:37:48.9233457Z [36;1m  Write-Host "Cleaning old temp directory..."[0m
2025-12-19T06:37:48.9233596Z [36;1m  Remove-Item -Recurse -Force $temp_output[0m
2025-12-19T06:37:48.9233704Z [36;1m}[0m
2025-12-19T06:37:48.9233793Z [36;1mif (Test-Path $output_directory) {[0m
2025-12-19T06:37:48.9233919Z [36;1m  Write-Host "Cleaning old output directory..."[0m
2025-12-19T06:37:48.9234054Z [36;1m  Remove-Item -Recurse -Force $output_directory[0m
2025-12-19T06:37:48.9234162Z [36;1m}[0m
2025-12-19T06:37:48.9234224Z [36;1m[0m
2025-12-19T06:37:48.9234295Z [36;1m# Create output directories[0m
2025-12-19T06:37:48.9234434Z [36;1mNew-Item -ItemType Directory -Force -Path $base_out | Out-Null[0m
2025-12-19T06:37:48.9234625Z [36;1mNew-Item -ItemType Directory -Force -Path $temp_output | Out-Null[0m
2025-12-19T06:37:48.9235043Z [36;1mNew-Item -ItemType Directory -Force -Path $output_directory | Out-Null[0m
2025-12-19T06:37:48.9235187Z [36;1m[0m
2025-12-19T06:37:48.9235279Z [36;1m# Export output directories for later steps[0m
2025-12-19T06:37:48.9235421Z [36;1mecho "OUTPUT_DIR=$output_directory" >> $env:GITHUB_ENV[0m
2025-12-19T06:37:48.9235583Z [36;1mecho "TEMP_OUTPUT=$temp_output" >> $env:GITHUB_ENV[0m
2025-12-19T06:37:48.9235706Z [36;1m[0m
2025-12-19T06:37:48.9235780Z [36;1m# Execute BuildPlugin command[0m
2025-12-19T06:37:48.9235885Z [36;1m$pluginPath = $env:PLUGIN_FILE[0m
2025-12-19T06:37:48.9236006Z [36;1m$packagePath = $temp_output[0m
2025-12-19T06:37:48.9236113Z [36;1m$buildArgs = @([0m
2025-12-19T06:37:48.9236211Z [36;1m  "BuildPlugin",[0m
2025-12-19T06:37:48.9236310Z [36;1m  "-Plugin=$pluginPath",[0m
2025-12-19T06:37:48.9236417Z [36;1m  "-Package=$packagePath",[0m
2025-12-19T06:37:48.9236529Z [36;1m  "-CreateSubFolder",[0m
2025-12-19T06:37:48.9236622Z [36;1m  "-NoHostProject",[0m
2025-12-19T06:37:48.9236724Z [36;1m  "-Rocket"[0m
2025-12-19T06:37:48.9236797Z [36;1m)[0m
2025-12-19T06:37:48.9236864Z [36;1m[0m
2025-12-19T06:37:48.9236930Z [36;1mWrite-Host ""[0m
2025-12-19T06:37:48.9237056Z [36;1mWrite-Host "Starting build..." -ForegroundColor Yellow[0m
2025-12-19T06:37:48.9237230Z [36;1m& "F:\Epic Games\UE_5.6\Engine\Build\BatchFiles\RunUAT.bat" @buildArgs[0m
2025-12-19T06:37:48.9237363Z [36;1m[0m
2025-12-19T06:37:48.9237442Z [36;1mif ($LASTEXITCODE -ne 0) {[0m
2025-12-19T06:37:48.9237572Z [36;1m  Write-Error "Build failed with exit code: $LASTEXITCODE"[0m
2025-12-19T06:37:48.9237710Z [36;1m  exit $LASTEXITCODE[0m
2025-12-19T06:37:48.9237798Z [36;1m}[0m
2025-12-19T06:37:48.9237932Z [36;1m[0m
2025-12-19T06:37:48.9238014Z [36;1m$build_duration = (Get-Date) - $build_start[0m
2025-12-19T06:37:48.9238188Z [36;1m$duration_str = "{0:N0}m {1:N0}s" -f $build_duration.TotalMinutes, $build_duration.Seconds[0m
2025-12-19T06:37:48.9238356Z [36;1mWrite-Host ""[0m
2025-12-19T06:37:48.9238492Z [36;1mWrite-Host "[OK] Build completed in: $duration_str" -ForegroundColor Green[0m
2025-12-19T06:37:48.9239591Z [36;1m[0m
2025-12-19T06:37:48.9239699Z [36;1mecho "BUILD_DURATION=$duration_str" >> $env:GITHUB_ENV[0m
2025-12-19T06:37:48.9259049Z shell: C:\WINDOWS\System32\WindowsPowerShell\v1.0\powershell.EXE -ExecutionPolicy Bypass -File {0}
2025-12-19T06:37:48.9259245Z env:
2025-12-19T06:37:48.9259323Z   UE_VERSION: 5.6
2025-12-19T06:37:48.9259414Z   UE_PATH: F:\Epic Games\UE_5.6
2025-12-19T06:37:48.9259566Z   RUNUAT_PATH: F:\Epic Games\UE_5.6\Engine\Build\BatchFiles\RunUAT.bat
2025-12-19T06:37:48.9259769Z   UE_EDITOR_PATH: F:\Epic Games\UE_5.6\Engine\Binaries\Win64\UnrealEditor.exe
2025-12-19T06:37:48.9259962Z   PLUGIN_FILE: C:\actions-runner\_work\UE_XTools\UE_XTools\XTools.uplugin
2025-12-19T06:37:48.9260104Z ##[endgroup]
2025-12-19T06:37:49.1035477Z ==> Build Plugin for UE 5.6
2025-12-19T06:37:49.1301241Z Output Directory: C:\actions-runner\_work\_temp\XTools\XTools-UE_5.6-AllPlatforms
2025-12-19T06:37:49.1492502Z 
2025-12-19T06:37:49.1497047Z Starting build...
2025-12-19T06:37:49.1727005Z Running AutomationTool...
2025-12-19T06:37:49.1979738Z Using bundled DotNet SDK version: 8.0.300 win-x64
2025-12-19T06:37:49.4501441Z Starting AutomationTool...
2025-12-19T06:37:49.4651700Z Parsing command line: BuildPlugin -Plugin=C:\actions-runner\_work\UE_XTools\UE_XTools\XTools.uplugin -Package=C:\actions-runner\_work\_temp\XTools\TempPackage -CreateSubFolder -NoHostProject -Rocket
2025-12-19T06:37:49.6039163Z Initializing script modules...
2025-12-19T06:37:49.9164268Z Total script module initialization time: 0.31 s.
2025-12-19T06:37:49.9724284Z Using E:\VisualStudio\2022\MSBuild\Current\Bin\MSBuild.exe
2025-12-19T06:37:50.2654423Z Executing commands...
2025-12-19T06:37:50.2990118Z Copying 2539 file(s) using max 64 thread(s)
2025-12-19T06:37:50.7141631Z Reading plugin from C:\actions-runner\_work\_temp\XTools\TempPackage\HostProject\Plugins\XTools\XTools.uplugin...
2025-12-19T06:37:50.7248775Z Building plugin for host platforms: Win64
2025-12-19T06:37:50.7379236Z Running: F:\Epic Games\UE_5.6\Engine\Binaries\ThirdParty\DotNet\8.0.300\win-x64\dotnet.exe "F:\Epic Games\UE_5.6\Engine\Binaries\DotNET\UnrealBuildTool\UnrealBuildTool.dll" UnrealEditor Win64 Development -Project="C:\actions-runner\_work\_temp\XTools\TempPackage\HostProject\HostProject.uproject" -plugin="C:\actions-runner\_work\_temp\XTools\TempPackage\HostProject\Plugins\XTools\XTools.uplugin" -noubtmakefiles -manifest="C:\actions-runner\_work\_temp\XTools\TempPackage\HostProject\Saved\Manifest-UnrealEditor-Win64-Development.xml" -nohotreload -log="C:\Users\xiybh\AppData\Roaming\Unreal Engine\AutomationTool\Logs\F+Epic+Games+UE_5.6\UBA-UnrealEditor-Win64-Development.txt"
2025-12-19T06:37:51.0062048Z Log file: C:\Users\xiybh\AppData\Roaming\Unreal Engine\AutomationTool\Logs\F+Epic+Games+UE_5.6\UBA-UnrealEditor-Win64-Development.txt
2025-12-19T06:37:52.7470320Z C:\actions-runner\_work\_temp\XTools\TempPackage\HostProject\Plugins\XTools\Source\XTools\XTools.Build.cs(73,3): warning CS0618: 'ModuleRules.bEnableUndefinedIdentifierWarnings' is obsolete: 'Deprecated in UE5.5 - Replace with ModuleRules.UndefinedIdentifierWarningLevel'
2025-12-19T06:37:52.7474253Z C:\actions-runner\_work\_temp\XTools\TempPackage\HostProject\Plugins\XTools\Source\XTools\XTools.Build.cs(73,3): warning CS0618: 'ModuleRules.bEnableUndefinedIdentifierWarnings' is obsolete: 'Deprecated in UE5.5 - Replace with ModuleRules.UndefinedIdentifierWarningLevel'
2025-12-19T06:37:52.7475204Z Available x64 toolchains (1):
2025-12-19T06:37:52.7475493Z  * E:\VisualStudio\2022\VC\Tools\MSVC\14.44.35207
2025-12-19T06:37:52.7476025Z     (Family=14.44.35207, FamilyRank=1, Version=14.44.35220, HostArchitecture=x64, ReleaseChannel=Latest, Architecture=x64)
2025-12-19T06:37:52.7476480Z Unavailable x64 toolchains (1):
2025-12-19T06:37:52.7476738Z  * E:\VisualStudio\2022\VC\Tools\MSVC\14.36.32532
2025-12-19T06:37:52.7480631Z     (Family=14.36.32532, FamilyRank=1, Version=14.36.32548, HostArchitecture=x64, ReleaseChannel=Latest, Architecture=x64, Error="UnrealBuildTool requires at minimum the MSVC 14.38.33130 toolchain. Please install a later toolchain such as 14.38.33130 from the Visual Studio installer.")
2025-12-19T06:37:52.7481239Z Visual Studio 2022 compiler version 14.44.35220 is not a preferred version. Please use the latest preferred version 14.38.33130
2025-12-19T06:37:55.6620036Z C:\actions-runner\_work\_temp\XTools\TempPackage\HostProject\Plugins\XTools\Source\PhysicsAssetOptimizer\PhysicsAssetOptimizer.Build.cs: warning: Referenced directory 'C:\actions-runner\_work\_temp\XTools\TempPackage\HostProject\Plugins\XTools\Source\Developer\PhysicsUtilities\Private' does not exist.
2025-12-19T06:37:55.6620833Z Warning: Plugin 'XTools' does not list plugin 'AssetSearch' as a dependency, but module 'XTools_BlueprintAssist' depends on module 'AssetSearch'.
2025-12-19T06:37:55.6621115Z Parsing headers for UnrealEditor
2025-12-19T06:37:55.6628814Z   Running Internal UnrealHeaderTool C:\actions-runner\_work\_temp\XTools\TempPackage\HostProject\HostProject.uproject C:\actions-runner\_work\_temp\XTools\TempPackage\HostProject\Intermediate\Build\Win64\UnrealEditor\Development\UnrealEditor.uhtmanifest -WarningsAsErrors -installed
2025-12-19T06:37:58.2543893Z Total of 301 written
2025-12-19T06:37:58.2558011Z Reflection code generated for UnrealEditor in 2.5934193 seconds
2025-12-19T06:38:00.2324839Z Writing manifest to C:\actions-runner\_work\_temp\XTools\TempPackage\HostProject\Saved\Manifest-UnrealEditor-Win64-Development.xml
2025-12-19T06:38:00.4167460Z Building UnrealEditor...
2025-12-19T06:38:00.4170115Z Using Visual Studio 2022 14.44.35220 toolchain (E:\VisualStudio\2022\VC\Tools\MSVC\14.44.35207) and Windows 10.0.26100.0 SDK (C:\Program Files (x86)\Windows Kits\10).
2025-12-19T06:38:00.4172091Z Warning: Visual Studio 2022 compiler is not a preferred version
2025-12-19T06:38:00.4172993Z [Adaptive Build] Excluded from PhysicsAssetOptimizer unity file: BoneIdentificationSystem.cpp, PhysicsAssetEditorExtension.cpp, PhysicsAssetOptimizer.cpp, PhysicsOptimizerCore.cpp, SPhysicsOptimizerPanel.cpp
2025-12-19T06:38:00.4175193Z [Adaptive Build] Excluded from MetaHumanCore unity file: DNAUtilities.cpp, Integration.cpp, LoadLiveLinkFaceCameraCalibration.cpp, Logger.cpp, MetaHumanAuthoringObjects.cpp, MetaHumanContourData.cpp, MetaHumanContourDataVersion.cpp, MetaHumanCoreLog.cpp, MetaHumanCoreModule.cpp, MetaHumanCoreStyle.cpp, MetaHumanCurveDataController.cpp, MetaHumanSupportedRHI.cpp, MetaHumanViewportSettings.cpp, ScopedTimer.cpp, ShapeAnnotation.cpp, ShapeAnnotationWrapper.cpp
2025-12-19T06:38:00.4176181Z [Adaptive Build] Excluded from CaptureDataUtils unity file: CaptureDataUtilsModule.cpp, ImageSequenceTimecodeUtils.cpp, ParseTakeUtils.cpp, SoundWaveTimecodeUtils.cpp
2025-12-19T06:38:00.4176967Z [Adaptive Build] Excluded from MetaHumanCoreTech unity file: CoreUtils.cpp, FrameAnimationData.cpp, GuiToRawControlsUtils.cpp, MetaHumanCoreCustomVersion.cpp, MetaHumanCoreModule.cpp, MetaHumanHeadTransform.cpp, MetaHumanOneEuroFilter.cpp, MetaHumanRealtimeCalibration.cpp, MetaHumanRealtimeSmoothing.cpp
2025-12-19T06:38:00.4177759Z [Adaptive Build] Excluded from MetaHumanCoreEditor unity file: MetaHumanCameraCalibrationImporterFactory.cpp, MetaHumanCoreEditorModule.cpp, MetaHumanEditorSettings.cpp, MetaHumanCoreTests.cpp
2025-12-19T06:38:00.4178660Z [Adaptive Build] Excluded from MetaHumanImageViewerEditor unity file: CurveEditingTests.cpp, MetaHumanCurveDragOperations.cpp, MetaHumanDepthMeshComponent.cpp, MetaHumanFootageComponent.cpp, MetaHumanImageViewerEditorModule.cpp, MetaHumanSceneCaptureComponent2D.cpp, SABImage.cpp, STrackerImageViewer.cpp, CustomMaterialUtils.cpp
2025-12-19T06:38:00.4179369Z [Adaptive Build] Excluded from MetaHumanImageViewer unity file: MetaHumanImageViewerModule.cpp, SMetaHumanImageViewer.cpp
2025-12-19T06:38:00.4180796Z [Adaptive Build] Excluded from MetaHumanPipeline unity file: DoesNNEAssetExist.cpp, MetaHumanPipelineModule.cpp, AnimationUtilNodes.cpp, ControlUtilNodes.cpp, DepthMapDiagnosticsNode.cpp, FaceTrackerNode.cpp, FaceTrackerPostProcessingFilterNode.cpp, FaceTrackerPostProcessingNode.cpp, HyprsenseNode.cpp, HyprsenseNodeBase.cpp, HyprsenseSparseNode.cpp, HyprsenseTestNode.cpp, SpeechToAnimNode.cpp, TestNodes.cpp, TongueTrackerNode.cpp, TrackerUtilNodes.cpp, PipelineTests.cpp
2025-12-19T06:38:00.4181906Z [Adaptive Build] Excluded from MetaHumanSpeech2Face unity file: AudioDrivenAnimationConfig.cpp, AudioDrivenAnimationCustomizations.cpp, MetaHumanSpeech2FaceModule.cpp, Speech2Face.cpp, Speech2Face.spec.cpp, Speech2FaceInternal.cpp
2025-12-19T06:38:00.4182968Z [Adaptive Build] Excluded from MetaHumanPipelineCore unity file: MetaHumanPipelineCoreModule.cpp, AudioUtilNodes.cpp, HyprsenseRealtimeNode.cpp, HyprsenseRealtimeSmoothingNode.cpp, HyprsenseUtils.cpp, ImageUtilNodes.cpp, NeutralFrameNode.cpp, RealtimeSpeechToAnimNode.cpp, Connection.cpp, DataTree.cpp, Log.cpp, Node.cpp, Pin.cpp, Pipeline.cpp, PipelineData.cpp, PipelineProcess.cpp
2025-12-19T06:38:00.4184513Z [Adaptive Build] Excluded from MetaHumanCaptureData unity file: FrameNumberTransformer.cpp, FramePathResolver.cpp, FramePathResolverSingleFile.cpp, MetaHumanCaptureDataModule.cpp, SequencedImageTrackInfo.cpp, TrackingPathUtils.cpp, TestCalculateRateMatchingDropFrames.cpp, TestFindFirstCommonFrameNumber.cpp, TestFrameNumberTransformer.cpp, TestFramePathResolver.cpp, TestFramePathResolverSingleFile.cpp, TestFrameRatesAreCompatible.cpp, TestTracksHaveCompatibleFrameRates.cpp, TestTracksHaveDifferentFrameRates.cpp
2025-12-19T06:38:00.4185632Z [Adaptive Build] Excluded from MetaHumanConfig unity file: MetaHumanConfig.cpp, MetaHumanConfigLog.cpp, MetaHumanConfigModule.cpp, MetaHumanConfigStyle.cpp, MetaHumanConfigTests.cpp
2025-12-19T06:38:00.4186298Z [Adaptive Build] Excluded from MetaHumanFaceAnimationSolver unity file: MetaHumanFaceAnimationSolver.cpp, MetaHumanFaceAnimationSolverModule.cpp, MetaHumanFaceAnimationSolverStyle.cpp, MetaHumanFaceAnimationSolverTests.cpp
2025-12-19T06:38:00.4187164Z [Adaptive Build] Excluded from MetaHumanPlatform unity file: MetaHumanMinSpec.cpp, MetaHumanPlatformLog.cpp, MetaHumanPlatformModule.cpp, MetaHumanPhysicalDeviceProvider_Other.cpp, MetaHumanPhysicalDeviceProvider_Windows.cpp
2025-12-19T06:38:00.4187989Z [Adaptive Build] Excluded from MetaHumanFaceContourTracker unity file: MetaHumanFaceContourTrackerAsset.cpp, MetaHumanFaceContourTrackerModule.cpp, MetaHumanFaceContourTrackerStyle.cpp
2025-12-19T06:38:00.4188678Z [Adaptive Build] Excluded from MetaHumanFaceContourTrackerEditor unity file: MetaHumanFaceContourTrackerAssetFactoryNew.cpp, MetaHumanMeshTrackerEditorModule.cpp, AssetDefinition_MetaHumanFaceContourTracker.cpp
2025-12-19T06:38:00.4190127Z [Adaptive Build] Excluded from MetaHumanIdentity unity file: LandmarkConfigIdentityHelper.cpp, MetaHumanIdentity.cpp, MetaHumanIdentityLog.cpp, MetaHumanIdentityModule.cpp, MetaHumanIdentityParts.cpp, MetaHumanIdentityPose.cpp, MetaHumanIdentityPromotedFrames.cpp, MetaHumanIdentityStateValidator.cpp, MetaHumanIdentityStyle.cpp, MetaHumanIdentityViewportSettings.cpp, MetaHumanPredictiveSolversTask.cpp, MetaHumanTemplateMeshComponent.cpp, PredictiveSolverInterface.cpp, PromotedFrameUtils.cpp, MetaHumanIdentityTests.cpp
2025-12-19T06:38:00.4191316Z [Adaptive Build] Excluded from MetaHumanFaceFittingSolver unity file: MetaHumanFaceFittingSolver.cpp, MetaHumanFaceFittingSolverModule.cpp, MetaHumanFaceFittingSolverStyle.cpp, MetaHumanFaceFittingSolverTests.cpp
2025-12-19T06:38:00.4191938Z [Adaptive Build] Excluded from MetaHumanCaptureDataEditor unity file: CaptureDataUtils.cpp, MetaHumanCaptureDataEditorModule.cpp, SMetaHumanCameraCombo.cpp
2025-12-19T06:38:00.4193593Z [Adaptive Build] Excluded from MetaHumanIdentityEditor unity file: MetaHumanIdentityAssetEditor.cpp, MetaHumanIdentityAssetEditorToolkit.cpp, MetaHumanIdentityCommands.cpp, MetaHumanIdentityEditorModule.cpp, MetaHumanIdentityFactoryNew.cpp, MetaHumanIdentityTooltipProvider.cpp, AssetDefinition_MetaHumanIdentity.cpp, MetaHumanIdentityPoseCustomizations.cpp, MetaHumanIdentityEditorTests.cpp, MetaHumanIdentityThumbnailRenderer.cpp, MetaHumanIdentityViewportClient.cpp, SMetaHumanIdentityOutliner.cpp, SMetaHumanIdentityPartsClassCombo.cpp, SMetaHumanIdentityPartsEditor.cpp, SMetaHumanIdentityPromotedFramesEditor.cpp
2025-12-19T06:38:00.4195301Z [Adaptive Build] Excluded from MetaHumanSequencer unity file: MetaHumanAudioSection.cpp, MetaHumanAudioTrack.cpp, MetaHumanAudioTrackEditor.cpp, MetaHumanMediaSection.cpp, MetaHumanMediaTrackEditor.cpp, MetaHumanMovieSceneChannel.cpp, MetaHumanMovieSceneMediaSection.cpp, MetaHumanMovieSceneMediaTrack.cpp, MetaHumanSequence.cpp, MetaHumanSequencerModule.cpp, MetaHumanSequencerPlaybackContext.cpp
2025-12-19T06:38:00.4196391Z [Adaptive Build] Excluded from MetaHumanToolkit unity file: MetaHumanEditorViewportClient.cpp, MetaHumanToolkitBase.cpp, MetaHumanToolkitCommands.cpp, MetaHumanToolkitModule.cpp, MetaHumanToolkitStyle.cpp, SMetaHumanEditorViewport.cpp, SMetaHumanEditorViewportToolBar.cpp
2025-12-19T06:38:00.4197148Z [Adaptive Build] Excluded from MetaHumanCaptureUtils unity file: MetaHumanCaptureUtilsModule.cpp, CallbackSynchronizer.cpp, Event.cpp, EventSourceUtils.cpp, EventSourceUtils.spec.cpp, StopToken.cpp
2025-12-19T06:38:00.4199593Z [Adaptive Build] Excluded from MetaHumanCaptureSource unity file: IpAddressDetailsCustomization.cpp, MetaHumanCaptureError.cpp, MetaHumanCaptureIngester.cpp, MetaHumanCaptureSource.cpp, MetaHumanCaptureSourceAutoReimport.cpp, MetaHumanCaptureSourceFactoryNew.cpp, MetaHumanCaptureSourceLog.cpp, MetaHumanCaptureSourceModule.cpp, MetaHumanCaptureSourceSync.cpp, AssetDefinition_MetaHumanCaptureSource.cpp, CubicCameraSystemIngest.cpp, CubicCameraSystemTakeMetadata.cpp, FileFootageIngest.cpp, FootageIngest.cpp, HMCArchiveIngest.cpp, LiveLinkFaceConnectionIngest.cpp, LiveLinkFaceFootageIngest.cpp, LiveLinkFaceMetadata.cpp, ResolutionResolver.cpp, StereoReconstructionSystemIngest.cpp, BaseCommand.cpp, CommandHandler.cpp, ImageSequenceWriter.cpp, IngestAssetCreator.cpp, LiveLinkFaceConnectionCommands.cpp, LiveLinkFaceConnectionExportStreams.cpp, LiveLinkFaceTakeDataConverter.cpp, MetaHumanDepthConverter.cpp, MetaHumanStringUtils.cpp, MetaHumanWaveFileWriter.cpp, MetaHumanMediaSourceReader_Dummy.cpp, MetaHumanMediaSourceReader_Windows.cpp, TestCaptureSourceImport.cpp, TestCaptureSourceProperties.cpp
2025-12-19T06:38:00.4204669Z [Adaptive Build] Excluded from MetaHumanCaptureProtocolStack unity file: MetaHumanCaptureProtocolStack.cpp, TcpClient.cpp, TcpServer.cpp, UdpClient.cpp, ControlMessenger.cpp, ControlCommunication.cpp, ControlPacket.cpp, Constants.cpp, ControlJsonUtilities.cpp, ControlMessage.cpp, ControlRequest.cpp, ControlResponse.cpp, ControlUpdate.cpp, DiscoveryMessenger.cpp, DiscoveryCommunication.cpp, DiscoveryPacket.cpp, DiscoveryNotify.cpp, DiscoveryRequest.cpp, DiscoveryResponse.cpp, ExportClient.cpp, ExportWorker.cpp, ExportCommunication.cpp, ExportHeader.cpp, ExportRequest.cpp, ExportResponse.cpp, TestControlJsonUtilities.cpp, TestControlMessage.cpp, TestControlPacket.cpp, TestControlRequest.cpp, TestControlResponse.cpp, TestControlUpdate.cpp, TestDiscoveryNotify.cpp, TestDiscoveryPacket.cpp, TestDiscoveryRequest.cpp, TestDiscoveryResponse.cpp, TestExportHeader.cpp, TestExportRequest.cpp, TestExportResponse.cpp, Error.cpp, TimerManager.cpp
2025-12-19T06:38:00.4206781Z [Adaptive Build] Excluded from MetaHumanFootageIngest unity file: CaptureManager.cpp, CaptureManagerCommands.cpp, CaptureManagerLog.cpp, CaptureManagerWidget.cpp, CaptureSourcesWidget.cpp, DevelopersContentFilter.cpp, FootageIngestWidget.cpp, MetaHumanFootageIngestModule.cpp, MetaHumanFootageRetrievalWindowStyle.cpp, DevelopersContentFilterTests.cpp, AppleDeviceList.cpp
2025-12-19T06:38:00.4207818Z [Adaptive Build] Excluded from MetaHumanDepthGenerator unity file: MetaHumanDepthGenerator.cpp, MetaHumanDepthGeneratorAutoReimport.cpp, MetaHumanDepthGeneratorModule.cpp, MetaHumanGenerateDepthWindowOptions.cpp, SMetaHumanGenerateDepthWindow.cpp
2025-12-19T06:38:00.4211379Z [Adaptive Build] Excluded from MetaHumanPerformance unity file: MetaHumanPerformance.cpp, MetaHumanPerformanceEditor.cpp, MetaHumanPerformanceEditorToolkit.cpp, MetaHumanPerformanceExportUtils.cpp, MetaHumanPerformanceFactoryNew.cpp, MetaHumanPerformanceLog.cpp, MetaHumanPerformanceModule.cpp, MetaHumanPerformanceViewportSettings.cpp, MetaHumanPerformerCommands.cpp, AssetDefinition_MetaHumanPerformance.cpp, MetaHumanPerformanceCustomizations.cpp, MetaHumanPerformanceAudioSection.cpp, MetaHumanPerformanceAudioTrackEditor.cpp, MetaHumanPerformanceMediaSection.cpp, MetaHumanPerformanceMediaTrackEditor.cpp, MetaHumanPerformanceMovieSceneAudioSection.cpp, MetaHumanPerformanceMovieSceneAudioTrack.cpp, MetaHumanPerformanceMovieSceneMediaSection.cpp, MetaHumanPerformanceMovieSceneMediaTrack.cpp, MetaHumanPerformancePlaybackContext.cpp, MetaHumanPerformanceSequence.cpp, MetaHumanPerformanceTests.cpp, MetaHumanPerformanceControlRigComponent.cpp, MetaHumanPerformanceControlRigViewportClient.cpp, MetaHumanPerformanceControlRigViewportManager.cpp, MetaHumanPerformanceStyle.cpp, MetaHumanPerformanceViewportClient.cpp
2025-12-19T06:38:00.4213940Z [Adaptive Build] Excluded from MetaHumanBatchProcessor unity file: MetaHumanBatchLog.cpp, MetaHumanBatchMenuExtensions.cpp, MetaHumanBatchOperation.cpp, MetaHumanBatchProcessorModule.cpp, SMetaHumanBatchExportPathDialog.cpp, SMetaHumanSpeechProcessingSettings.cpp
2025-12-19T06:38:00.4214779Z [Adaptive Build] Excluded from MetaHumanConfigEditor unity file: MetaHumanConfigEditorModule.cpp, MetaHumanConfigFactory.cpp, SMetaHumanConfigCombo.cpp, AssetDefinition_MetaHumanConfig.cpp, MetaHumanConfigCustomizations.cpp
2025-12-19T06:38:00.4215638Z [Adaptive Build] Excluded from MetaHumanFaceAnimationSolverEditor unity file: MetaHumanFaceAnimationSolverEditorModule.cpp, MetaHumanFaceAnimationSolverFactoryNew.cpp, AssetDefinition_MetaHumanFaceAnimationSolver.cpp, MetaHumanFaceAnimationSolverCustomizations.cpp
2025-12-19T06:38:00.4216582Z [Adaptive Build] Excluded from MetaHumanFaceFittingSolverEditor unity file: MetaHumanFaceFittingSolverEditorModule.cpp, MetaHumanFaceFittingSolverFactoryNew.cpp, AssetDefinition_MetaHumanFaceFittingSolver.cpp, MetaHumanFaceFittingSolverCustomizations.cpp
2025-12-19T06:38:00.4217517Z [Adaptive Build] Excluded from MetaHumanControlsConversionTest unity file: MetaHumanControlsConversionTestModule.cpp, ConversionDataGenerator.cpp, GuiToRawControlsTests.cpp
2025-12-19T06:38:00.4218221Z [Adaptive Build] Excluded from MetaHumanCalibrationGenerator unity file: MetaHumanCalibrationGenerator.cpp, MetaHumanCalibrationGeneratorModule.cpp, MetaHumanCalibrationGeneratorOptions.cpp, SMetaHumanCalibrationGeneratorWindow.cpp
2025-12-19T06:38:00.4220289Z [Adaptive Build] Excluded from CaptureProtocolStack unity file: CaptureProtocolStack.cpp, ControlMessenger.cpp, ControlCommunication.cpp, ControlPacket.cpp, Constants.cpp, ControlJsonUtilities.cpp, ControlMessage.cpp, ControlRequest.cpp, ControlResponse.cpp, ControlUpdate.cpp, DiscoveryMessenger.cpp, DiscoveryCommunication.cpp, DiscoveryPacket.cpp, DiscoveryNotify.cpp, DiscoveryRequest.cpp, DiscoveryResponse.cpp, ExportClient.cpp, ExportWorker.cpp, ExportCommunication.cpp, ExportHeader.cpp, ExportRequest.cpp, ExportResponse.cpp, TestControlJsonUtilities.cpp, TestControlMessage.cpp, TestControlPacket.cpp, TestControlRequest.cpp, TestControlResponse.cpp, TestControlUpdate.cpp, TestDiscoveryNotify.cpp, TestDiscoveryPacket.cpp, TestDiscoveryRequest.cpp, TestDiscoveryResponse.cpp, TestExportHeader.cpp, TestExportRequest.cpp, TestExportResponse.cpp
2025-12-19T06:38:00.4231897Z Determining max actions to execute in parallel (8 physical cores, 16 logical cores)
2025-12-19T06:38:00.4232752Z   Executing up to 8 processes, one per physical core
2025-12-19T06:38:00.4365539Z Using Unreal Build Accelerator local executor to run 360 action(s)
2025-12-19T06:38:00.4451528Z   Storage capacity 40Gb
2025-12-19T06:38:00.4680851Z ---- Starting trace: 251219_143800 ----
2025-12-19T06:38:00.4716681Z UbaServer - bind 0.0.0.0:1345 failed (An attempt was made to access a socket in a way forbidden by its access permissions.)
2025-12-19T06:38:00.4753169Z ------ Building 360 action(s) started ------
2025-12-19T06:38:00.7174899Z [1/360] Resource Default.rc2
2025-12-19T06:38:00.7175557Z [2/360] Resource Default.rc2
2025-12-19T06:38:00.7175997Z [3/360] Resource Default.rc2
2025-12-19T06:38:00.7177170Z [4/360] Resource Default.rc2
2025-12-19T06:38:00.7178105Z [5/360] Resource Default.rc2
2025-12-19T06:38:00.7178605Z [6/360] Resource Default.rc2
2025-12-19T06:38:00.7506146Z [7/360] Resource Default.rc2
2025-12-19T06:38:00.7506441Z [8/360] Resource Default.rc2
2025-12-19T06:38:00.7506911Z [9/360] Resource Default.rc2
2025-12-19T06:38:00.7507212Z [10/360] Resource Default.rc2
2025-12-19T06:38:00.7507435Z [11/360] Resource Default.rc2
2025-12-19T06:38:00.7507686Z [12/360] Resource Default.rc2
2025-12-19T06:38:00.7837200Z [13/360] Resource Default.rc2
2025-12-19T06:38:00.7837543Z [14/360] Resource Default.rc2
2025-12-19T06:38:00.7837757Z [15/360] Resource Default.rc2
2025-12-19T06:38:00.7869854Z [16/360] Resource Default.rc2
2025-12-19T06:38:13.1635763Z [17/360] Compile [x64] BACrashReportDialog.cpp
2025-12-19T06:38:14.3847388Z [18/360] Compile [x64] BACrashReporter.cpp
2025-12-19T06:38:19.5742191Z [19/360] Compile [x64] BABlueprintHandlerObject.cpp
2025-12-19T06:38:19.6954731Z [20/360] Compile [x64] BAAssetEditorHandlerObject.cpp
2025-12-19T06:38:20.1281555Z [21/360] Compile [x64] BABlueprintActionMenu.cpp
2025-12-19T06:38:27.7975475Z [22/360] Compile [x64] BAAddSymbolMenu.cpp
2025-12-19T06:38:31.7979754Z [23/360] Compile [x64] BACrashUpload.cpp
2025-12-19T06:38:32.8193810Z [24/360] Compile [x64] BAFormatterUtils.cpp
2025-12-19T06:38:35.1075913Z [25/360] Compile [x64] BADebugMenu.cpp
2025-12-19T06:38:35.2736385Z [26/360] Compile [x64] BAEditDetailsMenu.cpp
2025-12-19T06:38:37.3519593Z [27/360] Compile [x64] BALinkPinMenu.cpp
2025-12-19T06:38:37.9380429Z [28/360] Compile [x64] BAFocusSearchBoxMenu.cpp
2025-12-19T06:38:39.2677709Z [29/360] Compile [x64] SharedPCH.UnrealEd.NonOptimized.Cpp20.cpp
2025-12-19T06:38:40.1049895Z [30/360] Compile [x64] SharedPCH.UnrealEd.Cpp20.cpp
2025-12-19T06:38:40.4125270Z [31/360] Compile [x64] PerModuleInline.gen.cpp
2025-12-19T06:38:40.5407424Z [32/360] Compile [x64] XToolsCore.cpp
2025-12-19T06:38:40.6370190Z [33/360] Compile [x64] XToolsErrorReporter.cpp
2025-12-19T06:38:40.6370712Z [34/360] Compile [x64] BAGoToSymbolMenu.cpp
2025-12-19T06:38:40.6371522Z [35/360] Link [x64] UnrealEditor-XToolsCore.lib
2025-12-19T06:38:40.6378673Z   ���ڴ����� C:/actions-runner/_work/_temp/XTools/TempPackage/HostProject/Plugins/XTools/Intermediate/Build/Win64/x64/UnrealEditor/Development/XToolsCore/UnrealEditor-XToolsCore.lib �Ͷ��� C:/actions-runner/_work/_temp/XTools/TempPackage/HostProject/Plugins/XTools/Intermediate/Build/Win64/x64/UnrealEditor/Development/XToolsCore/UnrealEditor-XToolsCore.exp
2025-12-19T06:38:41.6479377Z [36/360] Link [x64] UnrealEditor-XToolsCore.dll
2025-12-19T06:38:42.2469998Z [37/360] Compile [x64] ComponentTimelineRuntime.cpp
2025-12-19T06:38:42.3319709Z [38/360] Compile [x64] ComponentTimelineSettings.cpp
2025-12-19T06:38:42.4051906Z [39/360] Compile [x64] ComponentTimelineLibrary.cpp
2025-12-19T06:38:42.4689071Z [40/360] Compile [x64] Module.XTools_ComponentTimelineRuntime.gen.cpp
2025-12-19T06:38:42.4689476Z [41/360] Compile [x64] PerModuleInline.gen.cpp
2025-12-19T06:38:42.4689808Z [42/360] Link [x64] UnrealEditor-XTools_ComponentTimelineRuntime.lib
2025-12-19T06:38:42.4692958Z   ���ڴ����� C:/actions-runner/_work/_temp/XTools/TempPackage/HostProject/Plugins/XTools/Intermediate/Build/Win64/x64/UnrealEditor/Development/XTools_ComponentTimelineRuntime/UnrealEditor-XTools_ComponentTimelineRuntime.lib �Ͷ��� C:/actions-runner/_work/_temp/XTools/TempPackage/HostProject/Plugins/XTools/Intermediate/Build/Win64/x64/UnrealEditor/Development/XTools_ComponentTimelineRuntime/UnrealEditor-XTools_ComponentTimelineRuntime.exp
2025-12-19T06:38:43.4804387Z [43/360] Compile [x64] BlueprintExtensionsRuntime.cpp
2025-12-19T06:38:43.4804845Z [44/360] Compile [x64] MapExtensionsLibrary.cpp
2025-12-19T06:38:43.4806022Z [45/360] Link [x64] UnrealEditor-XTools_ComponentTimelineRuntime.dll
2025-12-19T06:38:44.4584201Z [46/360] Compile [x64] MathExtensionsLibrary.cpp
2025-12-19T06:38:44.4968611Z [47/360] Compile [x64] ObjectExtensionsLibrary.cpp
2025-12-19T06:38:44.6888658Z [48/360] Compile [x64] Module.BlueprintExtensionsRuntime.gen.cpp
2025-12-19T06:38:44.8635719Z [49/360] Compile [x64] PerModuleInline.gen.cpp
2025-12-19T06:38:44.9217376Z [50/360] Compile [x64] ProcessExtensionsLibrary.cpp
2025-12-19T06:38:45.0265564Z [51/360] Compile [x64] SplineExtensionsLibrary.cpp
2025-12-19T06:38:45.2529506Z [52/360] Compile [x64] BARootObject.cpp
2025-12-19T06:38:45.5891452Z [53/360] Compile [x64] SplineTrajectoryLibrary.cpp
2025-12-19T06:38:45.6627583Z [54/360] Compile [x64] TransformExtensionsLibrary.cpp
2025-12-19T06:38:45.7769286Z [55/360] Compile [x64] TraceExtensionsLibrary.cpp
2025-12-19T06:38:45.8512080Z [56/360] Compile [x64] SupportSystemLibrary.cpp
2025-12-19T06:38:45.9160365Z [57/360] Compile [x64] TurretRotationLibrary.cpp
2025-12-19T06:38:45.9160786Z [58/360] Compile [x64] VariableReflectionLibrary.cpp
2025-12-19T06:38:45.9161182Z [59/360] Link [x64] UnrealEditor-BlueprintExtensionsRuntime.lib
2025-12-19T06:38:45.9164111Z   ���ڴ����� C:/actions-runner/_work/_temp/XTools/TempPackage/HostProject/Plugins/XTools/Intermediate/Build/Win64/x64/UnrealEditor/Development/BlueprintExtensionsRuntime/UnrealEditor-BlueprintExtensionsRuntime.lib �Ͷ��� C:/actions-runner/_work/_temp/XTools/TempPackage/HostProject/Plugins/XTools/Intermediate/Build/Win64/x64/UnrealEditor/Development/BlueprintExtensionsRuntime/UnrealEditor-BlueprintExtensionsRuntime.exp
2025-12-19T06:38:46.4949244Z [60/360] Compile [x64] BAScopedRollbackTransaction.cpp
2025-12-19T06:38:46.6538643Z [61/360] Compile [x64] FormationData.cpp
2025-12-19T06:38:46.6608271Z [62/360] Compile [x64] FormationAlgorithms.cpp
2025-12-19T06:38:46.9342859Z [63/360] Compile [x64] FormationLog.cpp
2025-12-19T06:38:46.9345527Z [64/360] Compile [x64] FormationLibrary.cpp
2025-12-19T06:38:46.9345919Z [65/360] Link [x64] UnrealEditor-BlueprintExtensionsRuntime.dll
2025-12-19T06:38:47.1001320Z [66/360] Compile [x64] FormationBlueprintNodes.cpp
2025-12-19T06:38:47.2785663Z [67/360] Compile [x64] FormationMathUtils.cpp
2025-12-19T06:38:47.4550240Z [68/360] Compile [x64] FormationSystem.cpp
2025-12-19T06:38:47.4855973Z [69/360] Compile [x64] BAMiscUtils.cpp
2025-12-19T06:38:47.4886012Z [70/360] Compile [x64] FormationManagerComponent.cpp
2025-12-19T06:38:47.6275810Z [71/360] Compile [x64] FormationTypes.cpp
2025-12-19T06:38:47.8320757Z [72/360] Compile [x64] FormationTestActor.cpp
2025-12-19T06:38:48.0579029Z [73/360] Compile [x64] PerModuleInline.gen.cpp
2025-12-19T06:38:48.1606529Z [74/360] Compile [x64] FormationMovementComponent.cpp
2025-12-19T06:38:48.2904563Z [75/360] Compile [x64] BASettingsBase.cpp
2025-12-19T06:38:48.6370683Z [76/360] Compile [x64] ActorPoolMemoryOptimizer.cpp
2025-12-19T06:38:48.7330414Z [77/360] Compile [x64] ActorPool.cpp
2025-12-19T06:38:48.9432491Z [78/360] Compile [x64] ObjectPoolInterface.cpp
2025-12-19T06:38:48.9462402Z [79/360] Compile [x64] Module.FormationSystem.gen.cpp
2025-12-19T06:38:48.9462799Z [80/360] Compile [x64] ActorStateResetter.cpp
2025-12-19T06:38:48.9463095Z [81/360] Link [x64] UnrealEditor-FormationSystem.lib
2025-12-19T06:38:48.9466178Z   ���ڴ����� C:/actions-runner/_work/_temp/XTools/TempPackage/HostProject/Plugins/XTools/Intermediate/Build/Win64/x64/UnrealEditor/Development/FormationSystem/UnrealEditor-FormationSystem.lib �Ͷ��� C:/actions-runner/_work/_temp/XTools/TempPackage/HostProject/Plugins/XTools/Intermediate/Build/Win64/x64/UnrealEditor/Development/FormationSystem/UnrealEditor-FormationSystem.exp
2025-12-19T06:38:49.1803424Z [82/360] Compile [x64] ObjectPoolConfigManager.cpp
2025-12-19T06:38:49.3690378Z [83/360] Compile [x64] Module.ObjectPool.gen.cpp
2025-12-19T06:38:49.5361992Z [84/360] Compile [x64] ObjectPoolLibrary.cpp
2025-12-19T06:38:49.5457466Z [85/360] Compile [x64] ObjectPoolModule.cpp
2025-12-19T06:38:49.6283765Z [86/360] Compile [x64] PerModuleInline.gen.cpp
2025-12-19T06:38:49.7199061Z [87/360] Compile [x64] ObjectPoolManager.cpp
2025-12-19T06:38:49.7835162Z [88/360] Compile [x64] ObjectPoolPreallocator.cpp
2025-12-19T06:38:49.9453691Z [89/360] Compile [x64] MinIndexQueue.cpp
2025-12-19T06:38:49.9882708Z [90/360] Compile [x64] PerModuleInline.gen.cpp
2025-12-19T06:38:50.0832959Z [91/360] Compile [x64] Module.RandomShuffles.gen.cpp
2025-12-19T06:38:50.0833381Z [92/360] Compile [x64] RandomShuffleLog.cpp
2025-12-19T06:38:50.0833696Z [93/360] Link [x64] UnrealEditor-FormationSystem.dll
2025-12-19T06:38:50.2665019Z [94/360] Compile [x64] RandomShuffles.cpp
2025-12-19T06:38:50.3109044Z [95/360] Compile [x64] PerModuleInline.gen.cpp
2025-12-19T06:38:50.3713580Z [96/360] Compile [x64] ObjectPoolSubsystem.cpp
2025-12-19T06:38:50.3714191Z [97/360] Compile [x64] RandomShuffleArrayLibrary.cpp
2025-12-19T06:38:50.3714575Z [98/360] Link [x64] UnrealEditor-RandomShuffles.lib
2025-12-19T06:38:50.3717702Z   ���ڴ����� C:/actions-runner/_work/_temp/XTools/TempPackage/HostProject/Plugins/XTools/Intermediate/Build/Win64/x64/UnrealEditor/Development/RandomShuffles/UnrealEditor-RandomShuffles.lib �Ͷ��� C:/actions-runner/_work/_temp/XTools/TempPackage/HostProject/Plugins/XTools/Intermediate/Build/Win64/x64/UnrealEditor/Development/RandomShuffles/UnrealEditor-RandomShuffles.exp
2025-12-19T06:38:50.5628313Z [99/360] Compile [x64] ComponentTimelineUncooked.cpp
2025-12-19T06:38:50.9772746Z [100/360] Compile [x64] SortModule.cpp
2025-12-19T06:38:50.9866175Z [101/360] Compile [x64] Module.Sort.gen.cpp
2025-12-19T06:38:51.0612959Z [102/360] Compile [x64] K2Node_ComponentTimeline.cpp
2025-12-19T06:38:51.0613344Z [103/360] Compile [x64] ObjectPoolUtils.cpp
2025-12-19T06:38:51.0613902Z [104/360] Link [x64] UnrealEditor-ObjectPool.lib
2025-12-19T06:38:51.0616691Z   ���ڴ����� C:/actions-runner/_work/_temp/XTools/TempPackage/HostProject/Plugins/XTools/Intermediate/Build/Win64/x64/UnrealEditor/Development/ObjectPool/UnrealEditor-ObjectPool.lib �Ͷ��� C:/actions-runner/_work/_temp/XTools/TempPackage/HostProject/Plugins/XTools/Intermediate/Build/Win64/x64/UnrealEditor/Development/ObjectPool/UnrealEditor-ObjectPool.exp
2025-12-19T06:38:51.5542701Z [105/360] Link [x64] UnrealEditor-RandomShuffles.dll
2025-12-19T06:38:51.7022700Z [106/360] Compile [x64] SortLibrary.cpp
2025-12-19T06:38:51.7073444Z [107/360] Compile [x64] K2Node_BaseTimeline.cpp
2025-12-19T06:38:51.7073908Z [108/360] Compile [x64] K2Node_ObjectTimeline.cpp
2025-12-19T06:38:51.7074970Z [109/360] Link [x64] UnrealEditor-Sort.lib
2025-12-19T06:38:51.7077307Z   ���ڴ����� C:/actions-runner/_work/_temp/XTools/TempPackage/HostProject/Plugins/XTools/Intermediate/Build/Win64/x64/UnrealEditor/Development/Sort/UnrealEditor-Sort.lib �Ͷ��� C:/actions-runner/_work/_temp/XTools/TempPackage/HostProject/Plugins/XTools/Intermediate/Build/Win64/x64/UnrealEditor/Development/Sort/UnrealEditor-Sort.exp
2025-12-19T06:38:52.1984525Z [110/360] Compile [x64] PerModuleInline.gen.cpp
2025-12-19T06:38:52.1984986Z [111/360] Compile [x64] Module.XTools_ComponentTimelineUncooked.gen.cpp
2025-12-19T06:38:52.1985227Z [112/360] Link [x64] UnrealEditor-ObjectPool.dll
2025-12-19T06:38:52.7452081Z [113/360] Compile [x64] K2Node_HackTimeline.cpp
2025-12-19T06:38:52.7452574Z [114/360] Link [x64] UnrealEditor-Sort.dll
2025-12-19T06:38:52.8119750Z [115/360] Compile [x64] BlueprintExtensions.cpp
2025-12-19T06:38:52.8120271Z [116/360] Link [x64] UnrealEditor-XTools_ComponentTimelineUncooked.lib
2025-12-19T06:38:52.8122911Z   ���ڴ����� C:/actions-runner/_work/_temp/XTools/TempPackage/HostProject/Plugins/XTools/Intermediate/Build/Win64/x64/UnrealEditor/Development/XTools_ComponentTimelineUncooked/UnrealEditor-XTools_ComponentTimelineUncooked.lib �Ͷ��� C:/actions-runner/_work/_temp/XTools/TempPackage/HostProject/Plugins/XTools/Intermediate/Build/Win64/x64/UnrealEditor/Development/XTools_ComponentTimelineUncooked/UnrealEditor-XTools_ComponentTimelineUncooked.exp
2025-12-19T06:38:53.8490474Z [117/360] Compile [x64] K2NodeSafetyHelpers.cpp
2025-12-19T06:38:53.9991255Z [118/360] Compile [x64] K2Node_CasePairedPinsNode.cpp
2025-12-19T06:38:54.0316704Z [119/360] Compile [x64] K2Node_Assign.cpp
2025-12-19T06:38:54.0317121Z [120/360] Compile [x64] K2Node_ConditionalSequence.cpp
2025-12-19T06:38:54.0317896Z [121/360] Link [x64] UnrealEditor-XTools_ComponentTimelineUncooked.dll
2025-12-19T06:38:55.2663239Z [122/360] Compile [x64] K2Node_ForEachMap.cpp
2025-12-19T06:38:55.8782211Z [123/360] Compile [x64] K2Node_ForEachArrayReverse.cpp
2025-12-19T06:38:56.2879106Z [124/360] Compile [x64] K2Node_ForEachLoopWithDelay.cpp
2025-12-19T06:38:56.4563184Z [125/360] Compile [x64] K2Node_ForEachSet.cpp
2025-12-19T06:38:56.4739038Z [126/360] Compile [x64] K2Node_MapAddArrayItem.cpp
2025-12-19T06:38:56.6153857Z [127/360] Compile [x64] K2Node_ForLoopWithDelay.cpp
2025-12-19T06:38:56.6681514Z [128/360] Compile [x64] K2Node_ForLoopWithDelayReverse.cpp
2025-12-19T06:38:57.1426665Z [129/360] Compile [x64] K2Node_MapAddMapItem.cpp
2025-12-19T06:38:57.5751033Z [130/360] Compile [x64] K2Node_MapAddSetItem.cpp
2025-12-19T06:38:57.6639498Z [131/360] Compile [x64] K2Node_MapAppend.cpp
2025-12-19T06:38:57.8435448Z [132/360] Compile [x64] K2Node_MapRemoveArrayItem.cpp
2025-12-19T06:38:57.8558249Z [133/360] Compile [x64] K2Node_MapIdentical.cpp
2025-12-19T06:38:58.0556168Z [134/360] Compile [x64] K2Node_MapRemoveSetItem.cpp
2025-12-19T06:38:58.2361575Z [135/360] Compile [x64] K2Node_MapRemoveMapItem.cpp
2025-12-19T06:38:58.6385678Z [136/360] Compile [x64] PerModuleInline.gen.cpp
2025-12-19T06:38:58.9812215Z [137/360] Compile [x64] K2Node_MapFindRef.cpp
2025-12-19T06:38:59.1250458Z [138/360] Compile [x64] Module.BlueprintExtensions.gen.cpp
2025-12-19T06:38:59.2336890Z [139/360] Compile [x64] SGraphNodeCasePairedPinsNode.cpp
2025-12-19T06:38:59.4574475Z [140/360] Compile [x64] K2Node_MultiBranch.cpp
2025-12-19T06:38:59.4684260Z [141/360] Compile [x64] FieldSystemExtensions.cpp
2025-12-19T06:38:59.4947557Z [142/360] Compile [x64] SGraphNodeConditionalSequence.cpp
2025-12-19T06:38:59.7926145Z [143/360] Compile [x64] PerModuleInline.gen.cpp
2025-12-19T06:38:59.7969288Z [144/360] Compile [x64] K2Node_MultiConditionalSelect.cpp
2025-12-19T06:38:59.8502971Z [145/360] Compile [x64] BAOpenWindowMenu.cpp
2025-12-19T06:38:59.9825744Z [146/360] Compile [x64] SGraphNodeMultiConditionalSelect.cpp
2025-12-19T06:39:00.0850012Z [147/360] Compile [x64] SGraphNodeMultiBranch.cpp
2025-12-19T06:39:00.0851899Z [148/360] Compile [x64] ObjectPoolEditorModule.cpp
2025-12-19T06:39:00.0852236Z [149/360] Link [x64] UnrealEditor-BlueprintExtensions.lib
2025-12-19T06:39:00.0854217Z   ���ڴ����� C:/actions-runner/_work/_temp/XTools/TempPackage/HostProject/Plugins/XTools/Intermediate/Build/Win64/x64/UnrealEditor/Development/BlueprintExtensions/UnrealEditor-BlueprintExtensions.lib �Ͷ��� C:/actions-runner/_work/_temp/XTools/TempPackage/HostProject/Plugins/XTools/Intermediate/Build/Win64/x64/UnrealEditor/Development/BlueprintExtensions/UnrealEditor-BlueprintExtensions.exp
2025-12-19T06:39:00.7229717Z [150/360] Compile [x64] Module.ObjectPoolEditor.gen.cpp
2025-12-19T06:39:00.9434728Z [151/360] Compile [x64] PerModuleInline.gen.cpp
2025-12-19T06:39:00.9435233Z [152/360] Compile [x64] Module.PhysicsAssetOptimizer.cpp
2025-12-19T06:39:00.9435579Z [153/360] Link [x64] UnrealEditor-BlueprintExtensions.dll
2025-12-19T06:39:02.0701412Z [154/360] Compile [x64] PhysicsAssetOptimizer.cpp
2025-12-19T06:39:02.1405761Z [155/360] Compile [x64] K2Node_SpawnActorFromPool.cpp
2025-12-19T06:39:02.1406202Z [156/360] Compile [x64] PhysicsAssetEditorExtension.cpp
2025-12-19T06:39:02.1406549Z [157/360] Link [x64] UnrealEditor-ObjectPoolEditor.lib
2025-12-19T06:39:02.1410183Z   ���ڴ����� C:/actions-runner/_work/_temp/XTools/TempPackage/HostProject/Plugins/XTools/Intermediate/Build/Win64/x64/UnrealEditor/Development/ObjectPoolEditor/UnrealEditor-ObjectPoolEditor.lib �Ͷ��� C:/actions-runner/_work/_temp/XTools/TempPackage/HostProject/Plugins/XTools/Intermediate/Build/Win64/x64/UnrealEditor/Development/ObjectPoolEditor/UnrealEditor-ObjectPoolEditor.exp
2025-12-19T06:39:02.6753940Z [158/360] Compile [x64] BoneIdentificationSystem.cpp
2025-12-19T06:39:02.6754353Z [159/360] Compile [x64] CircleSamplingHelper.cpp
2025-12-19T06:39:02.6754665Z [160/360] Link [x64] UnrealEditor-ObjectPoolEditor.dll
2025-12-19T06:39:03.2678549Z [161/360] Compile [x64] FormationSamplingLibrary.cpp
2025-12-19T06:39:03.7031180Z [162/360] Compile [x64] MeshSamplingHelper.cpp
2025-12-19T06:39:03.8299535Z [163/360] Compile [x64] PerModuleInline.gen.cpp
2025-12-19T06:39:03.9029091Z [164/360] Compile [x64] Module.PointSampling.gen.cpp
2025-12-19T06:39:04.0597727Z [165/360] Compile [x64] PointDeduplicationHelper.cpp
2025-12-19T06:39:04.1527456Z [166/360] Compile [x64] PointSamplingLibrary.cpp
2025-12-19T06:39:04.3639320Z [167/360] Compile [x64] SPhysicsOptimizerPanel.cpp
2025-12-19T06:39:04.3906993Z [168/360] Compile [x64] PointSamplingModule.cpp
2025-12-19T06:39:04.5418360Z [169/360] Compile [x64] RectangleSamplingHelper.cpp
2025-12-19T06:39:04.5443884Z [170/360] Compile [x64] PoissonDiskSampling.cpp
2025-12-19T06:39:04.5487055Z [171/360] Compile [x64] PhysicsOptimizerCore.cpp
2025-12-19T06:39:04.5491716Z C:\actions-runner\_work\_temp\XTools\TempPackage\HostProject\Plugins\XTools\Source\PhysicsAssetOptimizer\Private\PhysicsOptimizerCore.cpp(219,24): error C2440: ����ʼ����: �޷��ӡ�TObjectPtr<USkeletalBodySetup>��ת��Ϊ��UBodySetup *��
2025-12-19T06:39:04.5492795Z 	UBodySetup* BodySetup = PA->SkeletalBodySetups[NewBodyIndex];
2025-12-19T06:39:04.5493079Z 	                      ^
2025-12-19T06:39:04.5493836Z C:\actions-runner\_work\_temp\XTools\TempPackage\HostProject\Plugins\XTools\Source\PhysicsAssetOptimizer\Private\PhysicsOptimizerCore.cpp(219,24): note: û�п�����ִ�и�ת�����û������ת��������������޷����ø������
2025-12-19T06:39:04.5509527Z C:\actions-runner\_work\_temp\XTools\TempPackage\HostProject\Plugins\XTools\Source\PhysicsAssetOptimizer\Private\PhysicsOptimizerCore.cpp(376,36): error C2027: ʹ����δ�������͡�USkeletalBodySetup��
2025-12-19T06:39:04.5512589Z 		FBodyInstance& DefaultInstance = BodySetup->DefaultInstance;
2025-12-19T06:39:04.5512904Z 		                                 ^
2025-12-19T06:39:04.5513427Z F:\Epic Games\UE_5.6\Engine\Source\Runtime\Engine\Classes\PhysicsEngine\PhysicsAsset.h(20,7): note: �μ���USkeletalBodySetup��������
2025-12-19T06:39:04.5513869Z class USkeletalBodySetup;
2025-12-19T06:39:04.5514057Z       ^
2025-12-19T06:39:04.5530881Z C:\actions-runner\_work\_temp\XTools\TempPackage\HostProject\Plugins\XTools\Source\PhysicsAssetOptimizer\Private\PhysicsOptimizerCore.cpp(376,34): error C2530: ��DefaultInstance��: �����ʼ������
2025-12-19T06:39:04.5531686Z 		FBodyInstance& DefaultInstance = BodySetup->DefaultInstance;
2025-12-19T06:39:04.5532001Z 		                               ^
2025-12-19T06:39:04.5552093Z C:\actions-runner\_work\_temp\XTools\TempPackage\HostProject\Plugins\XTools\Source\PhysicsAssetOptimizer\Private\PhysicsOptimizerCore.cpp(438,26): error C2027: ʹ����δ�������͡�USkeletalBodySetup��
2025-12-19T06:39:04.5552996Z 		const FName BoneName = BodySetup->BoneName;
2025-12-19T06:39:04.5553238Z 		                       ^
2025-12-19T06:39:04.5553757Z F:\Epic Games\UE_5.6\Engine\Source\Runtime\Engine\Classes\PhysicsEngine\PhysicsAsset.h(20,7): note: �μ���USkeletalBodySetup��������
2025-12-19T06:39:04.5554253Z class USkeletalBodySetup;
2025-12-19T06:39:04.5554447Z       ^
2025-12-19T06:39:04.5577385Z C:\actions-runner\_work\_temp\XTools\TempPackage\HostProject\Plugins\XTools\Source\PhysicsAssetOptimizer\Private\PhysicsOptimizerCore.cpp(458,3): error C2027: ʹ����δ�������͡�USkeletalBodySetup��
2025-12-19T06:39:04.5584052Z 		BodySetup->PhysicsType = EPhysicsType::PhysType_Simulated;
2025-12-19T06:39:04.5584337Z 		^
2025-12-19T06:39:04.5584829Z F:\Epic Games\UE_5.6\Engine\Source\Runtime\Engine\Classes\PhysicsEngine\PhysicsAsset.h(20,7): note: �μ���USkeletalBodySetup��������
2025-12-19T06:39:04.5585331Z class USkeletalBodySetup;
2025-12-19T06:39:04.5585514Z       ^
2025-12-19T06:39:04.5602527Z C:\actions-runner\_work\_temp\XTools\TempPackage\HostProject\Plugins\XTools\Source\PhysicsAssetOptimizer\Private\PhysicsOptimizerCore.cpp(462,36): error C2027: ʹ����δ�������͡�USkeletalBodySetup��
2025-12-19T06:39:04.5603443Z 		FBodyInstance& DefaultInstance = BodySetup->DefaultInstance;
2025-12-19T06:39:04.5603759Z 		                                 ^
2025-12-19T06:39:04.5604332Z F:\Epic Games\UE_5.6\Engine\Source\Runtime\Engine\Classes\PhysicsEngine\PhysicsAsset.h(20,7): note: �μ���USkeletalBodySetup��������
2025-12-19T06:39:04.5604888Z class USkeletalBodySetup;
2025-12-19T06:39:04.5605066Z       ^
2025-12-19T06:39:04.5620653Z C:\actions-runner\_work\_temp\XTools\TempPackage\HostProject\Plugins\XTools\Source\PhysicsAssetOptimizer\Private\PhysicsOptimizerCore.cpp(462,34): error C2530: ��DefaultInstance��: �����ʼ������
2025-12-19T06:39:04.5621444Z 		FBodyInstance& DefaultInstance = BodySetup->DefaultInstance;
2025-12-19T06:39:04.5621753Z 		                               ^
2025-12-19T06:39:04.5641638Z C:\actions-runner\_work\_temp\XTools\TempPackage\HostProject\Plugins\XTools\Source\PhysicsAssetOptimizer\Private\PhysicsOptimizerCore.cpp(576,36): error C2027: ʹ����δ�������͡�USkeletalBodySetup��
2025-12-19T06:39:04.5642378Z 		FBodyInstance& DefaultInstance = BodySetup->DefaultInstance;
2025-12-19T06:39:04.5642650Z 		                                 ^
2025-12-19T06:39:04.5643171Z F:\Epic Games\UE_5.6\Engine\Source\Runtime\Engine\Classes\PhysicsEngine\PhysicsAsset.h(20,7): note: �μ���USkeletalBodySetup��������
2025-12-19T06:39:04.5643604Z class USkeletalBodySetup;
2025-12-19T06:39:04.5643775Z       ^
2025-12-19T06:39:04.6331810Z C:\actions-runner\_work\_temp\XTools\TempPackage\HostProject\Plugins\XTools\Source\PhysicsAssetOptimizer\Private\PhysicsOptimizerCore.cpp(576,34): error C2530: ��DefaultInstance��: �����ʼ������
2025-12-19T06:39:04.6333021Z 		FBodyInstance& DefaultInstance = BodySetup->DefaultInstance;
2025-12-19T06:39:04.6335011Z 		                               ^
2025-12-19T06:39:04.6887542Z C:\actions-runner\_work\_temp\XTools\TempPackage\HostProject\Plugins\XTools\Source\PhysicsAssetOptimizer\Private\PhysicsOptimizerCore.cpp(674,26): error C2027: ʹ����δ�������͡�USkeletalBodySetup��
2025-12-19T06:39:04.6888503Z 		const FName BoneName = BodySetup->BoneName;
2025-12-19T06:39:04.6888743Z 		                       ^
2025-12-19T06:39:04.6889239Z F:\Epic Games\UE_5.6\Engine\Source\Runtime\Engine\Classes\PhysicsEngine\PhysicsAsset.h(20,7): note: �μ���USkeletalBodySetup��������
2025-12-19T06:39:04.6889679Z class USkeletalBodySetup;
2025-12-19T06:39:04.6889860Z       ^
2025-12-19T06:39:04.7391587Z [172/360] Compile [x64] BASearchMenu.cpp
2025-12-19T06:39:04.9008728Z [173/360] Compile [x64] SplineSamplingHelper.cpp
2025-12-19T06:39:04.9033791Z [174/360] Compile [x64] PoissonSamplingHelpers.cpp
2025-12-19T06:39:04.9971934Z [175/360] Compile [x64] SamplingCache.cpp
2025-12-19T06:39:05.0518479Z [176/360] Compile [x64] TriangleSamplingHelper.cpp
2025-12-19T06:39:05.1193507Z [177/360] Compile [x64] TextureSamplingHelper.cpp
2025-12-19T06:39:05.1193909Z [178/360] Compile [x64] PerModuleInline.gen.cpp
2025-12-19T06:39:05.1194184Z [179/360] Link [x64] UnrealEditor-PointSampling.lib
2025-12-19T06:39:05.1196600Z   ���ڴ����� C:/actions-runner/_work/_temp/XTools/TempPackage/HostProject/Plugins/XTools/Intermediate/Build/Win64/x64/UnrealEditor/Development/PointSampling/UnrealEditor-PointSampling.lib �Ͷ��� C:/actions-runner/_work/_temp/XTools/TempPackage/HostProject/Plugins/XTools/Intermediate/Build/Win64/x64/UnrealEditor/Development/PointSampling/UnrealEditor-PointSampling.exp
2025-12-19T06:39:05.3364725Z [180/360] Compile [x64] XFieldSystemLibrary.cpp
2025-12-19T06:39:05.7135622Z [181/360] Compile [x64] Module.SortEditor.gen.cpp
2025-12-19T06:39:05.8449898Z [182/360] Compile [x64] Module.FieldSystemExtensions.gen.cpp
2025-12-19T06:39:05.8924929Z [183/360] Compile [x64] Module.XTools.gen.cpp
2025-12-19T06:39:05.9088810Z [184/360] Compile [x64] SortEditorModule.cpp
2025-12-19T06:39:06.0236980Z [185/360] Compile [x64] PerModuleInline.gen.cpp
2025-12-19T06:39:06.0237488Z [186/360] Compile [x64] SortTestLibrary.cpp
2025-12-19T06:39:06.0237788Z [187/360] Link [x64] UnrealEditor-PointSampling.dll
2025-12-19T06:39:06.6422194Z [188/360] Compile [x64] XToolsModule.cpp
2025-12-19T06:39:06.9537057Z [189/360] Compile [x64] SortGraphPinFactory.cpp
2025-12-19T06:39:08.1169893Z [190/360] Compile [x64] K2Node_SmartSort.cpp
2025-12-19T06:39:08.2384156Z [191/360] Compile [x64] XBlueprintLibraryCleanupTool.cpp
2025-12-19T06:39:08.6601137Z [192/360] Compile [x64] AutoSizeCommentsCommands.cpp
2025-12-19T06:39:08.7267841Z [193/360] Compile [x64] SGraphPinStructPropertyName.cpp
2025-12-19T06:39:08.7385189Z [194/360] Compile [x64] AutoSizeCommentsGraphPanelNodeFactory.cpp
2025-12-19T06:39:08.7385608Z [195/360] Compile [x64] XToolsLibrary.cpp
2025-12-19T06:39:08.7385890Z [196/360] Link [x64] UnrealEditor-SortEditor.lib
2025-12-19T06:39:08.7388710Z   ���ڴ����� C:/actions-runner/_work/_temp/XTools/TempPackage/HostProject/Plugins/XTools/Intermediate/Build/Win64/x64/UnrealEditor/Development/SortEditor/UnrealEditor-SortEditor.lib �Ͷ��� C:/actions-runner/_work/_temp/XTools/TempPackage/HostProject/Plugins/XTools/Intermediate/Build/Win64/x64/UnrealEditor/Development/SortEditor/UnrealEditor-SortEditor.exp
2025-12-19T06:39:08.8198340Z [197/360] Link [x64] UnrealEditor-XTools.lib
2025-12-19T06:39:08.8201781Z   ���ڴ����� C:/actions-runner/_work/_temp/XTools/TempPackage/HostProject/Plugins/XTools/Intermediate/Build/Win64/x64/UnrealEditor/Development/XTools/UnrealEditor-XTools.lib �Ͷ��� C:/actions-runner/_work/_temp/XTools/TempPackage/HostProject/Plugins/XTools/Intermediate/Build/Win64/x64/UnrealEditor/Development/XTools/UnrealEditor-XTools.exp
2025-12-19T06:39:09.7035066Z [198/360] Compile [x64] AutoSizeCommentsCacheFile.cpp
2025-12-19T06:39:09.7035463Z [199/360] Link [x64] UnrealEditor-SortEditor.dll
2025-12-19T06:39:10.4581546Z [200/360] Compile [x64] AutoSizeCommentsInputProcessor.cpp
2025-12-19T06:39:10.4582034Z [201/360] Compile [x64] AutoSizeCommentsGraphHandler.cpp
2025-12-19T06:39:10.4582439Z [202/360] Link [x64] UnrealEditor-XTools.dll
2025-12-19T06:39:11.2180035Z [203/360] Compile [x64] AutoSizeCommentsNodeChangeData.cpp
2025-12-19T06:39:11.4844197Z [204/360] Compile [x64] AutoSizeCommentsNotifications.cpp
2025-12-19T06:39:11.5391733Z [205/360] Compile [x64] AutoSizeCommentsStyle.cpp
2025-12-19T06:39:11.6202801Z [206/360] Compile [x64] AutoSizeCommentsState.cpp
2025-12-19T06:39:12.0728043Z [207/360] Compile [x64] PerModuleInline.gen.cpp
2025-12-19T06:39:12.2259070Z [208/360] Compile [x64] AutoSizeCommentsModule.cpp
2025-12-19T06:39:12.5739812Z [209/360] Compile [x64] AutoSizeCommentsGraphNode.cpp
2025-12-19T06:39:12.8576439Z [210/360] Compile [x64] AutoSizeCommentsSettings.cpp
2025-12-19T06:39:13.8537684Z [211/360] Compile [x64] Module.XTools_AutoSizeComments.gen.cpp
2025-12-19T06:39:13.8538114Z [212/360] Compile [x64] AutoSizeCommentsUtils.cpp
2025-12-19T06:39:13.8538463Z [213/360] Link [x64] UnrealEditor-XTools_AutoSizeComments.dll
2025-12-19T06:39:13.9344311Z [214/360] Link [x64] UnrealEditor-XTools_AutoSizeComments.lib
2025-12-19T06:39:13.9346306Z   ���ڴ����� C:/actions-runner/_work/_temp/XTools/TempPackage/HostProject/Plugins/XTools/Intermediate/Build/Win64/x64/UnrealEditor/Development/XTools_AutoSizeComments/UnrealEditor-XTools_AutoSizeComments.lib �Ͷ��� C:/actions-runner/_work/_temp/XTools/TempPackage/HostProject/Plugins/XTools/Intermediate/Build/Win64/x64/UnrealEditor/Development/XTools_AutoSizeComments/UnrealEditor-XTools_AutoSizeComments.exp
2025-12-19T06:39:15.7500117Z [215/360] Compile [x64] XFieldSystemActor.cpp
2025-12-19T06:39:15.7500567Z [216/360] Link [x64] UnrealEditor-FieldSystemExtensions.dll
2025-12-19T06:39:15.8194246Z [217/360] Link [x64] UnrealEditor-FieldSystemExtensions.lib
2025-12-19T06:39:15.8198722Z   ���ڴ����� C:/actions-runner/_work/_temp/XTools/TempPackage/HostProject/Plugins/XTools/Intermediate/Build/Win64/x64/UnrealEditor/Development/FieldSystemExtensions/UnrealEditor-FieldSystemExtensions.lib �Ͷ��� C:/actions-runner/_work/_temp/XTools/TempPackage/HostProject/Plugins/XTools/Intermediate/Build/Win64/x64/UnrealEditor/Development/FieldSystemExtensions/UnrealEditor-FieldSystemExtensions.exp
2025-12-19T06:39:22.5509610Z [218/360] Compile [x64] BlueprintAssistCommands.cpp
2025-12-19T06:39:26.1553399Z [219/360] Compile [x64] BehaviorTreeGraphFormatter.cpp
2025-12-19T06:39:27.1480567Z [220/360] Compile [x64] BlueprintAssistActionsBase.cpp
2025-12-19T06:39:27.7271552Z [221/360] Compile [x64] BAWelcomeScreen.cpp
2025-12-19T06:39:28.4258796Z [222/360] Compile [x64] BASettingsChangeWindow.cpp
2025-12-19T06:39:28.9024349Z [223/360] Compile [x64] BlueprintAssistCache.cpp
2025-12-19T06:39:30.2756117Z [224/360] Compile [x64] BlueprintAssistDelayedDelegate.cpp
2025-12-19T06:39:32.7896741Z [225/360] Compile [x64] BlueprintAssistBlueprintActions.cpp
2025-12-19T06:39:32.8864939Z [226/360] Compile [x64] BlueprintAssistGlobals.cpp
2025-12-19T06:39:33.8615881Z [227/360] Compile [x64] BlueprintAssistCommentContainsGraph.cpp
2025-12-19T06:39:35.1602375Z [228/360] Compile [x64] BAVariableSelectorMenu.cpp
2025-12-19T06:39:35.5122454Z [229/360] Compile [x64] BlueprintAssistCommentHandler.cpp
2025-12-19T06:39:41.0977997Z [230/360] Compile [x64] BlueprintAssistEditorFeatures.cpp
2025-12-19T06:39:42.9416777Z [231/360] Compile [x64] BlueprintAssistGraphCommands.cpp
2025-12-19T06:39:44.1550984Z [232/360] Compile [x64] BlueprintAssistGraphActions.cpp
2025-12-19T06:39:44.3470006Z [233/360] Compile [x64] BlueprintAssistCreateAssetMenu.cpp
2025-12-19T06:39:49.3331095Z [234/360] Compile [x64] BlueprintAssistGraphOverlay.cpp
2025-12-19T06:39:49.4454590Z [235/360] Compile [x64] BlueprintAssistGraphPanelNodeFactory.cpp
2025-12-19T06:39:53.7422376Z [236/360] Compile [x64] BlueprintAssistGraphExtender.cpp
2025-12-19T06:39:54.3115096Z [237/360] Compile [x64] BlueprintAssistGlobalActions.cpp
2025-12-19T06:39:55.7677046Z [238/360] Compile [x64] BlueprintAssistKnotNode.cpp
2025-12-19T06:39:59.2267008Z [239/360] Compile [x64] BlueprintAssistHotkeyMenu.cpp
2025-12-19T06:39:59.6321616Z [240/360] Compile [x64] BlueprintAssistGraphHandler.cpp
2025-12-19T06:40:00.1829316Z [241/360] Compile [x64] BlueprintAssistInputProcessor.cpp
2025-12-19T06:40:02.3601280Z [242/360] Compile [x64] BlueprintAssistNodeSizeChangeData.cpp
2025-12-19T06:40:03.3594168Z [243/360] Compile [x64] BlueprintAssistInputProcessorState.cpp
2025-12-19T06:40:04.0983159Z [244/360] Compile [x64] BlueprintAssistModule.cpp
2025-12-19T06:40:06.4394463Z [245/360] Compile [x64] BlueprintAssistNodeActions.cpp
2025-12-19T06:40:06.7252989Z [246/360] Compile [x64] BlueprintAssistSettings_Search.cpp
2025-12-19T06:40:07.2119479Z [247/360] Compile [x64] BlueprintAssistSettings.cpp
2025-12-19T06:40:08.6712128Z [248/360] Compile [x64] BlueprintAssistPinActions.cpp
2025-12-19T06:40:09.5801169Z [249/360] Compile [x64] BlueprintAssistStyle.cpp
2025-12-19T06:40:10.4422884Z [250/360] Compile [x64] BlueprintAssistOpenFileMenu.cpp
2025-12-19T06:40:14.2871324Z [251/360] Compile [x64] BlueprintAssistSettings_Advanced.cpp
2025-12-19T06:40:17.1519973Z [252/360] Compile [x64] BlueprintAssistSettings_EditorFeatures.cpp
2025-12-19T06:40:17.2051154Z [253/360] Compile [x64] BlueprintAssistTabActions.cpp
2025-12-19T06:40:17.2053900Z [254/360] Compile [x64] BlueprintAssistTabHandler.cpp
2025-12-19T06:40:17.2054192Z [255/360] Resource Default.rc2
2025-12-19T06:40:20.4031658Z [256/360] Compile [x64] BlueprintAssistToolbar_BlueprintImpl.cpp
2025-12-19T06:40:21.6763637Z [257/360] Compile [x64] BlueprintAssistTabSwitcher.cpp
2025-12-19T06:40:23.5794438Z [258/360] Compile [x64] BlueprintAssistToolkitActions.cpp
2025-12-19T06:40:29.4533224Z [259/360] Compile [x64] BlueprintAssistTypes.cpp
2025-12-19T06:40:29.9925920Z [260/360] Compile [x64] BlueprintAssistToolbar.cpp
2025-12-19T06:40:30.5758018Z [261/360] Compile [x64] EdGraphParameterFormatter.cpp
2025-12-19T06:40:30.8452073Z [262/360] Compile [x64] FBAScopedPropertySetter.cpp
2025-12-19T06:40:32.6149672Z [263/360] Compile [x64] EdGraphFormatter.cpp
2025-12-19T06:40:32.9260372Z [264/360] Compile [x64] PerModuleInline.gen.cpp
2025-12-19T06:40:33.2494185Z [265/360] Compile [x64] BlueprintAssistUtils.cpp
2025-12-19T06:40:33.4047610Z [266/360] Compile [x64] KnotTrack.cpp
2025-12-19T06:40:33.7125668Z [267/360] Compile [x64] BlueprintScreenshotToolCommandManager.cpp
2025-12-19T06:40:34.3037799Z [268/360] Compile [x64] BlueprintScreenshotToolCommands.cpp
2025-12-19T06:40:35.1594660Z [269/360] Compile [x64] BlueprintScreenshotToolDiffWindowButton.cpp
2025-12-19T06:40:36.2051667Z [270/360] Compile [x64] BlueprintScreenshotToolModule.cpp
2025-12-19T06:40:36.2527454Z [271/360] Compile [x64] BlueprintScreenshotToolStyle.cpp
2025-12-19T06:40:36.2527841Z [272/360] Compile [x64] GraphFormatterTypes.cpp
2025-12-19T06:40:36.2528083Z [273/360] Resource Default.rc2
2025-12-19T06:40:37.0453647Z [274/360] Compile [x64] Module.XTools_BlueprintScreenshotTool.gen.cpp
2025-12-19T06:40:37.1215984Z [275/360] Compile [x64] BlueprintScreenshotToolHandler.cpp
2025-12-19T06:40:37.1216401Z [276/360] Compile [x64] PerModuleInline.gen.cpp
2025-12-19T06:40:37.1216682Z [277/360] Resource Default.rc2
2025-12-19T06:40:38.3504299Z [278/360] Compile [x64] BlueprintAssistWorkflowModeMenu.cpp
2025-12-19T06:40:38.5411410Z [279/360] Compile [x64] BlueprintScreenshotToolWindowManager.cpp
2025-12-19T06:40:38.5411803Z [280/360] Compile [x64] ENPathDrawer.cpp
2025-12-19T06:40:38.5412140Z [281/360] Link [x64] UnrealEditor-XTools_BlueprintScreenshotTool.lib
2025-12-19T06:40:38.5414817Z   ���ڴ����� C:/actions-runner/_work/_temp/XTools/TempPackage/HostProject/Plugins/XTools/Intermediate/Build/Win64/x64/UnrealEditor/Development/XTools_BlueprintScreenshotTool/UnrealEditor-XTools_BlueprintScreenshotTool.lib �Ͷ��� C:/actions-runner/_work/_temp/XTools/TempPackage/HostProject/Plugins/XTools/Intermediate/Build/Win64/x64/UnrealEditor/Development/XTools_BlueprintScreenshotTool/UnrealEditor-XTools_BlueprintScreenshotTool.exp
2025-12-19T06:40:38.7992791Z [282/360] Link [x64] UnrealEditor-XTools_BlueprintScreenshotTool.dll
2025-12-19T06:40:39.2376258Z [283/360] Compile [x64] ENUpdatePopup.cpp
2025-12-19T06:40:39.2737847Z [284/360] Compile [x64] Module.XTools_ElectronicNodes.gen.cpp
2025-12-19T06:40:39.2738254Z [285/360] Compile [x64] PerModuleInline.gen.cpp
2025-12-19T06:40:39.2738524Z [286/360] Resource Default.rc2
2025-12-19T06:40:40.0500919Z [287/360] Compile [x64] ECFActionBP.cpp
2025-12-19T06:40:40.0842592Z [288/360] Compile [x64] ENConnectionDrawingPolicy.cpp
2025-12-19T06:40:40.3303767Z [289/360] Compile [x64] ECFActionBase.cpp
2025-12-19T06:40:40.4413680Z [290/360] Compile [x64] NodeFactoryPatch.cpp
2025-12-19T06:40:40.5189761Z [291/360] Compile [x64] ECFBPLibrary.cpp
2025-12-19T06:40:40.7659492Z [292/360] Compile [x64] ECFCustomTimelineBP.cpp
2025-12-19T06:40:40.8631129Z [293/360] Compile [x64] ECFCoroutineAwaiters.cpp
2025-12-19T06:40:40.9071121Z [294/360] Compile [x64] ECFCustomTimelineLinearColorBP.cpp
2025-12-19T06:40:40.9317270Z [295/360] Compile [x64] ECFCustomTimelineVectorBP.cpp
2025-12-19T06:40:40.9995086Z [296/360] Compile [x64] ElectronicNodes.cpp
2025-12-19T06:40:40.9995427Z [297/360] Compile [x64] ECFDelayBP.cpp
2025-12-19T06:40:40.9995716Z [298/360] Link [x64] UnrealEditor-XTools_ElectronicNodes.lib
2025-12-19T06:40:40.9999147Z   ���ڴ����� C:/actions-runner/_work/_temp/XTools/TempPackage/HostProject/Plugins/XTools/Intermediate/Build/Win64/x64/UnrealEditor/Development/XTools_ElectronicNodes/UnrealEditor-XTools_ElectronicNodes.lib �Ͷ��� C:/actions-runner/_work/_temp/XTools/TempPackage/HostProject/Plugins/XTools/Intermediate/Build/Win64/x64/UnrealEditor/Development/XTools_ElectronicNodes/UnrealEditor-XTools_ElectronicNodes.exp
2025-12-19T06:40:41.1652000Z [299/360] Compile [x64] KnotTrackCreator.cpp
2025-12-19T06:40:41.2209048Z [300/360] Compile [x64] ECFDelayTicksBP.cpp
2025-12-19T06:40:41.3940737Z [301/360] Compile [x64] ECFInstanceId.cpp
2025-12-19T06:40:41.5226121Z [302/360] Compile [x64] ECFDoNoMoreThanXTimeBP.cpp
2025-12-19T06:40:41.5683057Z [303/360] Compile [x64] ECFRunAsyncThenBP.cpp
2025-12-19T06:40:41.7877170Z [304/360] Compile [x64] ECFTickerBP.cpp
2025-12-19T06:40:41.8127314Z [305/360] Compile [x64] ECFTimelineBP.cpp
2025-12-19T06:40:41.9253555Z [306/360] Compile [x64] ECFTimelineLinearColorBP.cpp
2025-12-19T06:40:41.9309090Z [307/360] Compile [x64] ECFSubsystem.cpp
2025-12-19T06:40:41.9309488Z [308/360] Compile [x64] ECFTimelineVectorBP.cpp
2025-12-19T06:40:41.9309834Z [309/360] Link [x64] UnrealEditor-XTools_ElectronicNodes.dll
2025-12-19T06:40:42.1226438Z [310/360] Compile [x64] ECFWaitAndExecuteBP.cpp
2025-12-19T06:40:42.1279082Z [311/360] Compile [x64] EnhancedCodeFlowModule.cpp
2025-12-19T06:40:42.1279538Z [312/360] Compile [x64] PerModuleInline.gen.cpp
2025-12-19T06:40:42.1279827Z [313/360] Resource Default.rc2
2025-12-19T06:40:42.3636581Z [314/360] Compile [x64] ECFWhileTrueExecuteBP.cpp
2025-12-19T06:40:42.4073143Z [315/360] Compile [x64] PerModuleInline.gen.cpp
2025-12-19T06:40:42.4073485Z [316/360] Compile [x64] XTools_SwitchLanguageCommands.cpp
2025-12-19T06:40:42.4073678Z [317/360] Resource Default.rc2
2025-12-19T06:40:43.7460519Z [318/360] Compile [x64] XTools_SwitchLanguageStyle.cpp
2025-12-19T06:40:43.8142323Z [319/360] Compile [x64] XTools_SwitchLanguage.cpp
2025-12-19T06:40:43.8142793Z [320/360] Compile [x64] EnhancedCodeFlow.cpp
2025-12-19T06:40:43.8143104Z [321/360] Link [x64] UnrealEditor-XTools_SwitchLanguage.lib
2025-12-19T06:40:43.8145545Z   ���ڴ����� C:/actions-runner/_work/_temp/XTools/TempPackage/HostProject/Plugins/XTools/Intermediate/Build/Win64/x64/UnrealEditor/Development/XTools_SwitchLanguage/UnrealEditor-XTools_SwitchLanguage.lib �Ͷ��� C:/actions-runner/_work/_temp/XTools/TempPackage/HostProject/Plugins/XTools/Intermediate/Build/Win64/x64/UnrealEditor/Development/XTools_SwitchLanguage/UnrealEditor-XTools_SwitchLanguage.exp
2025-12-19T06:40:44.3175586Z [322/360] Compile [x64] SimpleFormatter.cpp
2025-12-19T06:40:44.3176051Z [323/360] Compile [x64] PerModuleInline.gen.cpp
2025-12-19T06:40:44.3176388Z [324/360] Link [x64] UnrealEditor-XTools_SwitchLanguage.dll
2025-12-19T06:40:44.9896868Z [325/360] Compile [x64] Module.XTools_EnhancedCodeFlow.gen.cpp
2025-12-19T06:40:44.9956104Z [326/360] Compile [x64] X_AssetEditor.cpp
2025-12-19T06:40:45.0899815Z [327/360] Compile [x64] X_AssetEditorSettings.cpp
2025-12-19T06:40:45.0900215Z [328/360] Compile [x64] Module.XTools_BlueprintAssist.gen.cpp
2025-12-19T06:40:45.0900556Z [329/360] Link [x64] UnrealEditor-XTools_EnhancedCodeFlow.lib
2025-12-19T06:40:45.0902662Z   ���ڴ����� C:/actions-runner/_work/_temp/XTools/TempPackage/HostProject/Plugins/XTools/Intermediate/Build/Win64/x64/UnrealEditor/Development/XTools_EnhancedCodeFlow/UnrealEditor-XTools_EnhancedCodeFlow.lib �Ͷ��� C:/actions-runner/_work/_temp/XTools/TempPackage/HostProject/Plugins/XTools/Intermediate/Build/Win64/x64/UnrealEditor/Development/XTools_EnhancedCodeFlow/UnrealEditor-XTools_EnhancedCodeFlow.exp
2025-12-19T06:40:45.3119657Z [330/360] Compile [x64] X_AssetNamingBlueprintLibrary.cpp
2025-12-19T06:40:45.3452740Z [331/360] Compile [x64] X_AssetNamingTests.cpp
2025-12-19T06:40:45.5246287Z [332/360] Compile [x64] Module.X_AssetEditor.gen.cpp
2025-12-19T06:40:45.5805146Z [333/360] Compile [x64] SBASizeProgress.cpp
2025-12-19T06:40:45.5805596Z [334/360] Compile [x64] X_AssetEditorSettingsCustomization.cpp
2025-12-19T06:40:45.5805968Z [335/360] Link [x64] UnrealEditor-XTools_EnhancedCodeFlow.dll
2025-12-19T06:40:46.0005121Z [336/360] Link [x64] UnrealEditor-XTools_BlueprintAssist.lib
2025-12-19T06:40:46.0007828Z   ���ڴ����� C:/actions-runner/_work/_temp/XTools/TempPackage/HostProject/Plugins/XTools/Intermediate/Build/Win64/x64/UnrealEditor/Development/XTools_BlueprintAssist/UnrealEditor-XTools_BlueprintAssist.lib �Ͷ��� C:/actions-runner/_work/_temp/XTools/TempPackage/HostProject/Plugins/XTools/Intermediate/Build/Win64/x64/UnrealEditor/Development/XTools_BlueprintAssist/UnrealEditor-XTools_BlueprintAssist.exp
2025-12-19T06:40:46.7619767Z [337/360] Compile [x64] X_AutoConvexDialog.cpp
2025-12-19T06:40:46.7801071Z [338/360] Compile [x64] X_AssetNamingManager.cpp
2025-12-19T06:40:47.0283636Z [339/360] Compile [x64] X_MaterialFunctionCollector.cpp
2025-12-19T06:40:47.0936125Z [340/360] Compile [x64] X_AssetNamingDelegates.cpp
2025-12-19T06:40:47.2637657Z [341/360] Compile [x64] X_MaterialFunctionConnector.cpp
2025-12-19T06:40:47.6857634Z [342/360] Compile [x64] X_MaterialFunctionCore.cpp
2025-12-19T06:40:47.9116942Z [343/360] Compile [x64] X_MaterialFunctionOperation.cpp
2025-12-19T06:40:47.9682590Z [344/360] Compile [x64] X_MaterialFunctionProcessor.cpp
2025-12-19T06:40:47.9682959Z [345/360] Compile [x64] X_MaterialFunctionParamDialog.cpp
2025-12-19T06:40:47.9683204Z [346/360] Link [x64] UnrealEditor-XTools_BlueprintAssist.dll
2025-12-19T06:40:48.9095604Z [347/360] Compile [x64] X_CollisionSettingsDialog.cpp
2025-12-19T06:40:48.9096027Z [348/360] Compile [x64] X_ModuleRegistrationManager.cpp
2025-12-19T06:40:49.5728454Z [349/360] Compile [x64] X_PivotManager.cpp
2025-12-19T06:40:49.6127101Z [350/360] Compile [x64] X_MaterialFunctionManager.cpp
2025-12-19T06:40:49.6859458Z [351/360] Compile [x64] X_MenuExtensionManager.cpp
2025-12-19T06:40:49.7664376Z [352/360] Compile [x64] X_CollisionBlueprintLibrary.cpp
2025-12-19T06:40:51.0536363Z [353/360] Compile [x64] X_MaterialFunctionUI.cpp
2025-12-19T06:40:51.1899146Z [354/360] Compile [x64] X_CollisionManager.cpp
2025-12-19T06:40:51.1899385Z [355/360] Compile [x64] X_PivotOperation.cpp
2025-12-19T06:40:51.1899545Z [356/360] Link [x64] UnrealEditor-X_AssetEditor.lib
2025-12-19T06:40:51.1901412Z   ���ڴ����� C:/actions-runner/_work/_temp/XTools/TempPackage/HostProject/Plugins/XTools/Intermediate/Build/Win64/x64/UnrealEditor/Development/X_AssetEditor/UnrealEditor-X_AssetEditor.lib �Ͷ��� C:/actions-runner/_work/_temp/XTools/TempPackage/HostProject/Plugins/XTools/Intermediate/Build/Win64/x64/UnrealEditor/Development/X_AssetEditor/UnrealEditor-X_AssetEditor.exp
2025-12-19T06:40:51.8786561Z [357/360] Link [x64] UnrealEditor-X_AssetEditor.dll
2025-12-19T06:40:51.8844801Z Trace written to file C:/Users/xiybh/AppData/Roaming/Unreal Engine/AutomationTool/Logs/F+Epic+Games+UE_5.6/UBA-UnrealEditor-Win64-Development.uba with size 94.7kb
2025-12-19T06:40:51.9319198Z Total time in Unreal Build Accelerator local executor: 171.50 seconds
2025-12-19T06:40:52.0156269Z 
2025-12-19T06:40:52.0157381Z Result: Failed (OtherCompilationError)
2025-12-19T06:40:52.0157609Z Total execution time: 181.19 seconds
2025-12-19T06:40:52.0228958Z Took 181.29s to run dotnet.exe, ExitCode=6
2025-12-19T06:40:52.0302184Z UnrealBuildTool failed. See log for more details. (C:\Users\xiybh\AppData\Roaming\Unreal Engine\AutomationTool\Logs\F+Epic+Games+UE_5.6\UBA-UnrealEditor-Win64-Development.txt)
2025-12-19T06:40:52.0323494Z AutomationTool executed for 0h 3m 2s
2025-12-19T06:40:52.0325272Z AutomationTool exiting with ExitCode=6 (6)
2025-12-19T06:40:52.0498386Z BUILD FAILED
2025-12-19T06:40:52.1181457Z C:\actions-runner\_work\_temp\7105f61a-5b19-4eaf-8b57-4e17177a32e1.ps1 : Build failed with exit code: 6
2025-12-19T06:40:52.1181846Z At C:\actions-runner\_work\_temp\7105f61a-5b19-4eaf-8b57-4e17177a32e1.ps1:48 char:3
2025-12-19T06:40:52.1182088Z +   Write-Error "Build failed with exit code: $LASTEXITCODE"
2025-12-19T06:40:52.1182264Z +   ~~~~~~~~~~~~~~~~~~~~~~~~~~~~~~~~~~~~~~~~~~~~~~~~~~~~~~~~
2025-12-19T06:40:52.1182473Z     + CategoryInfo          : NotSpecified: (:) [Write-Error], WriteErrorException
2025-12-19T06:40:52.1182829Z     + FullyQualifiedErrorId : Microsoft.PowerShell.Commands.WriteErrorException,7105f61a-5b19-4eaf-8b57-4e17177a32e1.p 
2025-12-19T06:40:52.1183071Z    s1
2025-12-19T06:40:52.1183166Z  
2025-12-19T06:40:52.1324298Z ##[error]Process completed with exit code 1.
2025-12-19T06:40:52.1528186Z ##[group]Run $trigger_info = ""
2025-12-19T06:40:52.1528361Z [36;1m$trigger_info = ""[0m
2025-12-19T06:40:52.1528505Z [36;1mif ("workflow_dispatch" -eq "workflow_dispatch") {[0m
2025-12-19T06:40:52.1528657Z [36;1m  $selected_version = "all"[0m
2025-12-19T06:40:52.1528813Z [36;1m  $trigger_info = "- **Trigger**: Manual (Selected: $selected_version)`n"[0m
2025-12-19T06:40:52.1528953Z [36;1m} else {[0m
2025-12-19T06:40:52.1529052Z [36;1m  $trigger_info = "- **Trigger**: Tag push`n"[0m
2025-12-19T06:40:52.1529161Z [36;1m}[0m
2025-12-19T06:40:52.1529232Z [36;1m[0m
2025-12-19T06:40:52.1529307Z [36;1m$summary = @"[0m
2025-12-19T06:40:52.1529399Z [36;1m## Build Completed - UE 5.6[0m
2025-12-19T06:40:52.1529501Z [36;1m[0m
2025-12-19T06:40:52.1529575Z [36;1m### Build Information[0m
2025-12-19T06:40:52.1529675Z [36;1m$trigger_info- **Version**: [0m
2025-12-19T06:40:52.1529780Z [36;1m- **UE Version**: 5.6[0m
2025-12-19T06:40:52.1529901Z [36;1m- **Build Duration**: [0m
2025-12-19T06:40:52.1530002Z [36;1m- **Package Size**:  MB[0m
2025-12-19T06:40:52.1530101Z [36;1m- **Artifact Name**: ````[0m
2025-12-19T06:40:52.1530659Z [36;1m[0m
2025-12-19T06:40:52.1530731Z [36;1m### Build Status[0m
2025-12-19T06:40:52.1530835Z [36;1m- [OK] Compilation successful[0m
2025-12-19T06:40:52.1530950Z [36;1m- [OK] Post-processing completed[0m
2025-12-19T06:40:52.1531064Z [36;1m- [OK] Validation passed[0m
2025-12-19T06:40:52.1531160Z [36;1m[0m
2025-12-19T06:40:52.1531232Z [36;1m### Download[0m
2025-12-19T06:40:52.1531355Z [36;1mArtifact uploaded to Actions Artifacts, retained for 30 days.[0m
2025-12-19T06:40:52.1531493Z [36;1m"@[0m
2025-12-19T06:40:52.1531565Z [36;1m[0m
2025-12-19T06:40:52.1531685Z [36;1m$summary | Out-File -FilePath $env:GITHUB_STEP_SUMMARY -Encoding utf8[0m
2025-12-19T06:40:52.1553439Z shell: C:\WINDOWS\System32\WindowsPowerShell\v1.0\powershell.EXE -ExecutionPolicy Bypass -File {0}
2025-12-19T06:40:52.1553643Z env:
2025-12-19T06:40:52.1553718Z   UE_VERSION: 5.6
2025-12-19T06:40:52.1553870Z   UE_PATH: F:\Epic Games\UE_5.6
2025-12-19T06:40:52.1554012Z   RUNUAT_PATH: F:\Epic Games\UE_5.6\Engine\Build\BatchFiles\RunUAT.bat
2025-12-19T06:40:52.1554197Z   UE_EDITOR_PATH: F:\Epic Games\UE_5.6\Engine\Binaries\Win64\UnrealEditor.exe
2025-12-19T06:40:52.1554395Z   PLUGIN_FILE: C:\actions-runner\_work\UE_XTools\UE_XTools\XTools.uplugin
2025-12-19T06:40:52.1554581Z   OUTPUT_DIR: C:\actions-runner\_work\_temp\XTools\XTools-UE_5.6-AllPlatforms
2025-12-19T06:40:52.1554758Z   TEMP_OUTPUT: C:\actions-runner\_work\_temp\XTools\TempPackage
2025-12-19T06:40:52.1554891Z ##[endgroup]
2025-12-19T06:40:52.4023702Z ##[group]Run Write-Host "==> Cleanup Temporary Files" -ForegroundColor Cyan
2025-12-19T06:40:52.4038213Z [36;1mWrite-Host "==> Cleanup Temporary Files" -ForegroundColor Cyan[0m
2025-12-19T06:40:52.4038371Z [36;1m[0m
2025-12-19T06:40:52.4038460Z [36;1m# Clean build directory in RUNNER_TEMP[0m
2025-12-19T06:40:52.4038606Z [36;1m$base_out = Join-Path $env:RUNNER_TEMP "XTools"[0m
2025-12-19T06:40:52.4038747Z [36;1mif (Test-Path $base_out) {[0m
2025-12-19T06:40:52.4038864Z [36;1m  try {[0m
2025-12-19T06:40:52.4039072Z [36;1m    $size = (Get-ChildItem $base_out -Recurse -ErrorAction SilentlyContinue | Measure-Object -Property Length -Sum).Sum / 1MB[0m
2025-12-19T06:40:52.4039339Z [36;1m    Remove-Item -Recurse -Force $base_out -ErrorAction Stop[0m
2025-12-19T06:40:52.4039556Z [36;1m    Write-Host "[OK] Cleanup completed, freed $([math]::Round($size, 2)) MB" -ForegroundColor Green[0m
2025-12-19T06:40:52.4039731Z [36;1m  } catch {[0m
2025-12-19T06:40:52.4039888Z [36;1m    Write-Warning "Cleanup failed: $_"[0m
2025-12-19T06:40:52.4039998Z [36;1m  }[0m
2025-12-19T06:40:52.4040081Z [36;1m}[0m
2025-12-19T06:40:52.4063680Z shell: C:\WINDOWS\System32\WindowsPowerShell\v1.0\powershell.EXE -ExecutionPolicy Bypass -File {0}
2025-12-19T06:40:52.4063875Z env:
2025-12-19T06:40:52.4063963Z   UE_VERSION: 5.6
2025-12-19T06:40:52.4064045Z   UE_PATH: F:\Epic Games\UE_5.6
2025-12-19T06:40:52.4064192Z   RUNUAT_PATH: F:\Epic Games\UE_5.6\Engine\Build\BatchFiles\RunUAT.bat
2025-12-19T06:40:52.4064385Z   UE_EDITOR_PATH: F:\Epic Games\UE_5.6\Engine\Binaries\Win64\UnrealEditor.exe
2025-12-19T06:40:52.4064579Z   PLUGIN_FILE: C:\actions-runner\_work\UE_XTools\UE_XTools\XTools.uplugin
2025-12-19T06:40:52.4064778Z   OUTPUT_DIR: C:\actions-runner\_work\_temp\XTools\XTools-UE_5.6-AllPlatforms
2025-12-19T06:40:52.4064965Z   TEMP_OUTPUT: C:\actions-runner\_work\_temp\XTools\TempPackage
2025-12-19T06:40:52.4065109Z ##[endgroup]
2025-12-19T06:40:52.5897679Z ==> Cleanup Temporary Files
2025-12-19T06:40:54.6452199Z [OK] Cleanup completed, freed 7354.31 MB
2025-12-19T06:40:54.6826339Z Post job cleanup.
2025-12-19T06:40:54.8257071Z [command]"C:\Program Files\Git\cmd\git.exe" version
2025-12-19T06:40:54.8755563Z git version 2.51.2.windows.1
2025-12-19T06:40:54.8811076Z Copying 'C:\Users\xiybh\.gitconfig' to 'C:\actions-runner\_work\_temp\582ae8fc-7430-4531-bb07-3295af9bd0e3\.gitconfig'
2025-12-19T06:40:54.8833130Z Temporarily overriding HOME='C:\actions-runner\_work\_temp\582ae8fc-7430-4531-bb07-3295af9bd0e3' before making global git config changes
2025-12-19T06:40:54.8834123Z Adding repository directory to the temporary git global config as a safe directory
2025-12-19T06:40:54.8841757Z [command]"C:\Program Files\Git\cmd\git.exe" config --global --add safe.directory C:\actions-runner\_work\UE_XTools\UE_XTools
2025-12-19T06:40:54.9530366Z [command]"C:\Program Files\Git\cmd\git.exe" config --local --name-only --get-regexp core\.sshCommand
2025-12-19T06:40:55.0108380Z [command]"C:\Program Files\Git\cmd\git.exe" submodule foreach --recursive "sh -c \"git config --local --name-only --get-regexp 'core\.sshCommand' && git config --local --unset-all 'core.sshCommand' || :\""
2025-12-19T06:40:55.9896042Z [command]"C:\Program Files\Git\cmd\git.exe" config --local --name-only --get-regexp http\.https\:\/\/github\.com\/\.extraheader
2025-12-19T06:40:56.0425739Z http.https://github.com/.extraheader
2025-12-19T06:40:56.0470184Z [command]"C:\Program Files\Git\cmd\git.exe" config --local --unset-all http.https://github.com/.extraheader
2025-12-19T06:40:56.1043045Z [command]"C:\Program Files\Git\cmd\git.exe" submodule foreach --recursive "sh -c \"git config --local --name-only --get-regexp 'http\.https\:\/\/github\.com\/\.extraheader' && git config --local --unset-all 'http.https://github.com/.extraheader' || :\""
2025-12-19T06:40:57.0286757Z [command]"C:\Program Files\Git\cmd\git.exe" config --local --name-only --get-regexp ^includeIf\.gitdir:
2025-12-19T06:40:57.0904799Z [command]"C:\Program Files\Git\cmd\git.exe" submodule foreach --recursive "git config --local --show-origin --name-only --get-regexp remote.origin.url"
2025-12-19T06:40:58.0622393Z Cleaning up orphan processes
