2025-12-19T06:26:54.7514036Z Current runner version: '2.330.0'
2025-12-19T06:26:54.7518943Z Runner name: 'XIYBHK'
2025-12-19T06:26:54.7519273Z Runner group name: 'Default'
2025-12-19T06:26:54.7519691Z Machine name: 'XIYBHK'
2025-12-19T06:26:54.7521333Z ##[group]GITHUB_TOKEN Permissions
2025-12-19T06:26:54.7522737Z Contents: read
2025-12-19T06:26:54.7523083Z Metadata: read
2025-12-19T06:26:54.7523407Z ##[endgroup]
2025-12-19T06:26:54.7524830Z Secret source: Actions
2025-12-19T06:26:54.7525247Z Prepare workflow directory
2025-12-19T06:26:54.8209476Z Prepare all required actions
2025-12-19T06:26:54.8235385Z Getting action download info
2025-12-19T06:26:56.3834639Z Download action repository 'actions/checkout@v4' (SHA:34e114876b0b11c390a56381ad16ebd13914f8d5)
2025-12-19T06:26:58.3323054Z Download action repository 'actions/upload-artifact@v4' (SHA:ea165f8d65b6e75b540449e92b4886f43607fa02)
2025-12-19T06:27:00.6286047Z Complete job name: build-windows-optimized (5.5)
2025-12-19T06:27:00.7029119Z ##[group]Run actions/checkout@v4
2025-12-19T06:27:00.7029558Z with:
2025-12-19T06:27:00.7029663Z   fetch-depth: 0
2025-12-19T06:27:00.7029760Z   fetch-tags: true
2025-12-19T06:27:00.7029867Z   repository: XIYBHK/UE_XTools
2025-12-19T06:27:00.7030127Z   token: ***
2025-12-19T06:27:00.7030216Z   ssh-strict: true
2025-12-19T06:27:00.7030312Z   ssh-user: git
2025-12-19T06:27:00.7030414Z   persist-credentials: true
2025-12-19T06:27:00.7030528Z   clean: true
2025-12-19T06:27:00.7030639Z   sparse-checkout-cone-mode: true
2025-12-19T06:27:00.7030785Z   show-progress: true
2025-12-19T06:27:00.7030910Z   lfs: false
2025-12-19T06:27:00.7031007Z   submodules: false
2025-12-19T06:27:00.7031107Z   set-safe-directory: true
2025-12-19T06:27:00.7031292Z env:
2025-12-19T06:27:00.7031384Z   UE_VERSION: 5.5
2025-12-19T06:27:00.7031478Z ##[endgroup]
2025-12-19T06:27:00.8054426Z Syncing repository: XIYBHK/UE_XTools
2025-12-19T06:27:00.8055261Z ##[group]Getting Git version info
2025-12-19T06:27:00.8055566Z Working directory is 'C:\actions-runner\_work\UE_XTools\UE_XTools'
2025-12-19T06:27:00.8341781Z [command]"C:\Program Files\Git\cmd\git.exe" version
2025-12-19T06:27:00.8744476Z git version 2.51.2.windows.1
2025-12-19T06:27:00.8776867Z ##[endgroup]
2025-12-19T06:27:00.8790501Z Copying 'C:\Users\xiybh\.gitconfig' to 'C:\actions-runner\_work\_temp\62f18307-6f6b-4e5d-afe4-56358a415a4d\.gitconfig'
2025-12-19T06:27:00.8813106Z Temporarily overriding HOME='C:\actions-runner\_work\_temp\62f18307-6f6b-4e5d-afe4-56358a415a4d' before making global git config changes
2025-12-19T06:27:00.8813547Z Adding repository directory to the temporary git global config as a safe directory
2025-12-19T06:27:00.8820525Z [command]"C:\Program Files\Git\cmd\git.exe" config --global --add safe.directory C:\actions-runner\_work\UE_XTools\UE_XTools
2025-12-19T06:27:00.9395590Z [command]"C:\Program Files\Git\cmd\git.exe" config --local --get remote.origin.url
2025-12-19T06:27:00.9854325Z https://github.com/XIYBHK/UE_XTools
2025-12-19T06:27:00.9896646Z ##[group]Removing previously created refs, to avoid conflicts
2025-12-19T06:27:00.9902378Z [command]"C:\Program Files\Git\cmd\git.exe" rev-parse --symbolic-full-name --verify --quiet HEAD
2025-12-19T06:27:01.0398843Z refs/heads/main
2025-12-19T06:27:01.0438506Z [command]"C:\Program Files\Git\cmd\git.exe" checkout --detach
2025-12-19T06:27:01.1174558Z HEAD is now at 958264e fix(SortEditor): K2Node_SmartSort枚举引脚提升为变量支持
2025-12-19T06:27:01.2261921Z ##[endgroup]
2025-12-19T06:27:01.2268868Z [command]"C:\Program Files\Git\cmd\git.exe" submodule status
2025-12-19T06:27:02.1683574Z ##[group]Cleaning the repository
2025-12-19T06:27:02.1691665Z [command]"C:\Program Files\Git\cmd\git.exe" clean -ffdx
2025-12-19T06:27:02.2338676Z [command]"C:\Program Files\Git\cmd\git.exe" reset --hard HEAD
2025-12-19T06:27:02.3304198Z HEAD is now at 958264e fix(SortEditor): K2Node_SmartSort枚举引脚提升为变量支持
2025-12-19T06:27:02.3339840Z ##[endgroup]
2025-12-19T06:27:02.3346622Z ##[group]Disabling automatic garbage collection
2025-12-19T06:27:02.3353207Z [command]"C:\Program Files\Git\cmd\git.exe" config --local gc.auto 0
2025-12-19T06:27:02.3905281Z ##[endgroup]
2025-12-19T06:27:02.3916639Z ##[group]Setting up auth
2025-12-19T06:27:02.3916976Z [command]"C:\Program Files\Git\cmd\git.exe" config --local --name-only --get-regexp core\.sshCommand
2025-12-19T06:27:02.4465756Z [command]"C:\Program Files\Git\cmd\git.exe" submodule foreach --recursive "sh -c \"git config --local --name-only --get-regexp 'core\.sshCommand' && git config --local --unset-all 'core.sshCommand' || :\""
2025-12-19T06:27:03.3114367Z [command]"C:\Program Files\Git\cmd\git.exe" config --local --name-only --get-regexp http\.https\:\/\/github\.com\/\.extraheader
2025-12-19T06:27:03.3674364Z [command]"C:\Program Files\Git\cmd\git.exe" submodule foreach --recursive "sh -c \"git config --local --name-only --get-regexp 'http\.https\:\/\/github\.com\/\.extraheader' && git config --local --unset-all 'http.https://github.com/.extraheader' || :\""
2025-12-19T06:27:04.2715323Z [command]"C:\Program Files\Git\cmd\git.exe" config --local --name-only --get-regexp ^includeIf\.gitdir:
2025-12-19T06:27:04.3248484Z [command]"C:\Program Files\Git\cmd\git.exe" submodule foreach --recursive "git config --local --show-origin --name-only --get-regexp remote.origin.url"
2025-12-19T06:27:05.1987479Z [command]"C:\Program Files\Git\cmd\git.exe" config --local http.https://github.com/.extraheader "AUTHORIZATION: basic ***"
2025-12-19T06:27:05.2555170Z ##[endgroup]
2025-12-19T06:27:05.2555528Z ##[group]Fetching the repository
2025-12-19T06:27:05.2564797Z [command]"C:\Program Files\Git\cmd\git.exe" -c protocol.version=2 fetch --prune --no-recurse-submodules origin +refs/heads/*:refs/remotes/origin/* +refs/tags/*:refs/tags/*
2025-12-19T06:27:06.4555130Z [command]"C:\Program Files\Git\cmd\git.exe" branch --list --remote origin/main
2025-12-19T06:27:06.5100658Z   origin/main
2025-12-19T06:27:06.5144151Z [command]"C:\Program Files\Git\cmd\git.exe" rev-parse refs/remotes/origin/main
2025-12-19T06:27:06.5629157Z 958264e5f4e910d904f6b657c8400d4e9b6184fe
2025-12-19T06:27:06.5659988Z ##[endgroup]
2025-12-19T06:27:06.5660249Z ##[group]Determining the checkout info
2025-12-19T06:27:06.5661367Z ##[endgroup]
2025-12-19T06:27:06.5668519Z [command]"C:\Program Files\Git\cmd\git.exe" sparse-checkout disable
2025-12-19T06:27:06.6266092Z [command]"C:\Program Files\Git\cmd\git.exe" config --local --unset-all extensions.worktreeConfig
2025-12-19T06:27:06.6762533Z ##[group]Checking out the ref
2025-12-19T06:27:06.6769940Z [command]"C:\Program Files\Git\cmd\git.exe" checkout --progress --force -B main refs/remotes/origin/main
2025-12-19T06:27:06.7638933Z branch 'main' set up to track 'origin/main'.
2025-12-19T06:27:06.7639231Z Your branch is up to date with 'origin/main'.
2025-12-19T06:27:06.7639944Z Switched to and reset branch 'main'
2025-12-19T06:27:06.8230129Z ##[endgroup]
2025-12-19T06:27:06.8237294Z [command]"C:\Program Files\Git\cmd\git.exe" log -1 --format=%H
2025-12-19T06:27:06.8772215Z 958264e5f4e910d904f6b657c8400d4e9b6184fe
2025-12-19T06:27:06.9115726Z ##[group]Run Write-Host "==> Setup UE 5.5 Environment" -ForegroundColor Cyan
2025-12-19T06:27:06.9116094Z [36;1mWrite-Host "==> Setup UE 5.5 Environment" -ForegroundColor Cyan[0m
2025-12-19T06:27:06.9116236Z [36;1m[0m
2025-12-19T06:27:06.9116320Z [36;1m# UE installation path[0m
2025-12-19T06:27:06.9116425Z [36;1m$ue_version = "5.5"[0m
2025-12-19T06:27:06.9116540Z [36;1m$ue_path = "F:\Epic Games\UE_$ue_version"[0m
2025-12-19T06:27:06.9116662Z [36;1mWrite-Host "UE Path: $ue_path"[0m
2025-12-19T06:27:06.9116762Z [36;1m[0m
2025-12-19T06:27:06.9116846Z [36;1mif (-not (Test-Path $ue_path)) {[0m
2025-12-19T06:27:06.9116975Z [36;1m  throw "UE installation not found: $ue_path"[0m
2025-12-19T06:27:06.9117093Z [36;1m}[0m
2025-12-19T06:27:06.9117161Z [36;1m[0m
2025-12-19T06:27:06.9117235Z [36;1m# Verify key files[0m
2025-12-19T06:27:06.9117365Z [36;1m$runuat_path = "$ue_path\Engine\Build\BatchFiles\RunUAT.bat"[0m
2025-12-19T06:27:06.9118224Z [36;1m$ue_editor_path = "$ue_path\Engine\Binaries\Win64\UnrealEditor.exe"[0m
2025-12-19T06:27:06.9118359Z [36;1m[0m
2025-12-19T06:27:06.9118443Z [36;1mif (-not (Test-Path $runuat_path)) {[0m
2025-12-19T06:27:06.9118573Z [36;1m  throw "RunUAT.bat not found: $runuat_path"[0m
2025-12-19T06:27:06.9118687Z [36;1m}[0m
2025-12-19T06:27:06.9118751Z [36;1m[0m
2025-12-19T06:27:06.9118836Z [36;1mif (-not (Test-Path $ue_editor_path)) {[0m
2025-12-19T06:27:06.9118985Z [36;1m  throw "UnrealEditor.exe not found: $ue_editor_path"[0m
2025-12-19T06:27:06.9119110Z [36;1m}[0m
2025-12-19T06:27:06.9119185Z [36;1m[0m
2025-12-19T06:27:06.9119256Z [36;1m# Verify plugin file[0m
2025-12-19T06:27:06.9119417Z [36;1m$plugin_file = "C:\actions-runner\_work\UE_XTools\UE_XTools\XTools.uplugin"[0m
2025-12-19T06:27:06.9119582Z [36;1mif (-not (Test-Path $plugin_file)) {[0m
2025-12-19T06:27:06.9119711Z [36;1m  throw "Plugin file not found: $plugin_file"[0m
2025-12-19T06:27:06.9119816Z [36;1m}[0m
2025-12-19T06:27:06.9119893Z [36;1m[0m
2025-12-19T06:27:06.9120085Z [36;1mWrite-Host "[OK] Environment validation passed" -ForegroundColor Green[0m
2025-12-19T06:27:06.9120244Z [36;1m[0m
2025-12-19T06:27:06.9120322Z [36;1m# Set environment variables[0m
2025-12-19T06:27:06.9120444Z [36;1mecho "UE_PATH=$ue_path" >> $env:GITHUB_ENV[0m
2025-12-19T06:27:06.9120590Z [36;1mecho "UE_VERSION=$ue_version" >> $env:GITHUB_ENV[0m
2025-12-19T06:27:06.9120737Z [36;1mecho "RUNUAT_PATH=$runuat_path" >> $env:GITHUB_ENV[0m
2025-12-19T06:27:06.9120887Z [36;1mecho "UE_EDITOR_PATH=$ue_editor_path" >> $env:GITHUB_ENV[0m
2025-12-19T06:27:06.9121042Z [36;1mecho "PLUGIN_FILE=$plugin_file" >> $env:GITHUB_ENV[0m
2025-12-19T06:27:06.9142322Z shell: C:\WINDOWS\System32\WindowsPowerShell\v1.0\powershell.EXE -ExecutionPolicy Bypass -File {0}
2025-12-19T06:27:06.9142523Z env:
2025-12-19T06:27:06.9142600Z   UE_VERSION: 5.5
2025-12-19T06:27:06.9142702Z ##[endgroup]
2025-12-19T06:27:07.1022115Z ==> Setup UE 5.5 Environment
2025-12-19T06:27:07.1033030Z UE Path: F:\Epic Games\UE_5.5
2025-12-19T06:27:07.1364930Z [OK] Environment validation passed
2025-12-19T06:27:07.1780376Z ##[group]Run Write-Host "==> Build Plugin for UE 5.5" -ForegroundColor Cyan
2025-12-19T06:27:07.1780756Z [36;1mWrite-Host "==> Build Plugin for UE 5.5" -ForegroundColor Cyan[0m
2025-12-19T06:27:07.1780959Z [36;1m$build_start = Get-Date[0m
2025-12-19T06:27:07.1781083Z [36;1m[0m
2025-12-19T06:27:07.1781265Z [36;1m# Output directory setup (use RUNNER_TEMP to avoid writing to repo)[0m
2025-12-19T06:27:07.1781464Z [36;1m$base_out = Join-Path $env:RUNNER_TEMP "XTools"[0m
2025-12-19T06:27:07.1781709Z [36;1m$output_directory = Join-Path $base_out ("XTools-UE_" + $env:UE_VERSION + "-AllPlatforms")[0m
2025-12-19T06:27:07.1781970Z [36;1m$temp_output = Join-Path $base_out "TempPackage"[0m
2025-12-19T06:27:07.1782106Z [36;1m[0m
2025-12-19T06:27:07.1782252Z [36;1mWrite-Host "Output Directory: $output_directory"[0m
2025-12-19T06:27:07.1782416Z [36;1m[0m
2025-12-19T06:27:07.1782532Z [36;1m# Clean old output directories[0m
2025-12-19T06:27:07.1782744Z [36;1mif (Test-Path $temp_output) {[0m
2025-12-19T06:27:07.1782904Z [36;1m  Write-Host "Cleaning old temp directory..."[0m
2025-12-19T06:27:07.1783094Z [36;1m  Remove-Item -Recurse -Force $temp_output[0m
2025-12-19T06:27:07.1783253Z [36;1m}[0m
2025-12-19T06:27:07.1783363Z [36;1mif (Test-Path $output_directory) {[0m
2025-12-19T06:27:07.1783537Z [36;1m  Write-Host "Cleaning old output directory..."[0m
2025-12-19T06:27:07.1783725Z [36;1m  Remove-Item -Recurse -Force $output_directory[0m
2025-12-19T06:27:07.1783857Z [36;1m}[0m
2025-12-19T06:27:07.1783965Z [36;1m[0m
2025-12-19T06:27:07.1784060Z [36;1m# Create output directories[0m
2025-12-19T06:27:07.1784243Z [36;1mNew-Item -ItemType Directory -Force -Path $base_out | Out-Null[0m
2025-12-19T06:27:07.1784502Z [36;1mNew-Item -ItemType Directory -Force -Path $temp_output | Out-Null[0m
2025-12-19T06:27:07.1784958Z [36;1mNew-Item -ItemType Directory -Force -Path $output_directory | Out-Null[0m
2025-12-19T06:27:07.1785159Z [36;1m[0m
2025-12-19T06:27:07.1785281Z [36;1m# Export output directories for later steps[0m
2025-12-19T06:27:07.1785933Z [36;1mecho "OUTPUT_DIR=$output_directory" >> $env:GITHUB_ENV[0m
2025-12-19T06:27:07.1786116Z [36;1mecho "TEMP_OUTPUT=$temp_output" >> $env:GITHUB_ENV[0m
2025-12-19T06:27:07.1786273Z [36;1m[0m
2025-12-19T06:27:07.1786405Z [36;1m# Execute BuildPlugin command[0m
2025-12-19T06:27:07.1786544Z [36;1m$pluginPath = $env:PLUGIN_FILE[0m
2025-12-19T06:27:07.1786690Z [36;1m$packagePath = $temp_output[0m
2025-12-19T06:27:07.1786820Z [36;1m$buildArgs = @([0m
2025-12-19T06:27:07.1786960Z [36;1m  "BuildPlugin",[0m
2025-12-19T06:27:07.1787088Z [36;1m  "-Plugin=$pluginPath",[0m
2025-12-19T06:27:07.1787247Z [36;1m  "-Package=$packagePath",[0m
2025-12-19T06:27:07.1787389Z [36;1m  "-CreateSubFolder",[0m
2025-12-19T06:27:07.1787510Z [36;1m  "-NoHostProject",[0m
2025-12-19T06:27:07.1787660Z [36;1m  "-Rocket"[0m
2025-12-19T06:27:07.1787766Z [36;1m)[0m
2025-12-19T06:27:07.1787884Z [36;1m[0m
2025-12-19T06:27:07.1787984Z [36;1mWrite-Host ""[0m
2025-12-19T06:27:07.1788145Z [36;1mWrite-Host "Starting build..." -ForegroundColor Yellow[0m
2025-12-19T06:27:07.1788348Z [36;1m& "F:\Epic Games\UE_5.5\Engine\Build\BatchFiles\RunUAT.bat" @buildArgs[0m
2025-12-19T06:27:07.1788526Z [36;1m[0m
2025-12-19T06:27:07.1788638Z [36;1mif ($LASTEXITCODE -ne 0) {[0m
2025-12-19T06:27:07.1788799Z [36;1m  Write-Error "Build failed with exit code: $LASTEXITCODE"[0m
2025-12-19T06:27:07.1788992Z [36;1m  exit $LASTEXITCODE[0m
2025-12-19T06:27:07.1789109Z [36;1m}[0m
2025-12-19T06:27:07.1789219Z [36;1m[0m
2025-12-19T06:27:07.1789326Z [36;1m$build_duration = (Get-Date) - $build_start[0m
2025-12-19T06:27:07.1789547Z [36;1m$duration_str = "{0:N0}m {1:N0}s" -f $build_duration.TotalMinutes, $build_duration.Seconds[0m
2025-12-19T06:27:07.1789761Z [36;1mWrite-Host ""[0m
2025-12-19T06:27:07.1789926Z [36;1mWrite-Host "[OK] Build completed in: $duration_str" -ForegroundColor Green[0m
2025-12-19T06:27:07.1791181Z [36;1m[0m
2025-12-19T06:27:07.1791318Z [36;1mecho "BUILD_DURATION=$duration_str" >> $env:GITHUB_ENV[0m
2025-12-19T06:27:07.1813326Z shell: C:\WINDOWS\System32\WindowsPowerShell\v1.0\powershell.EXE -ExecutionPolicy Bypass -File {0}
2025-12-19T06:27:07.1813573Z env:
2025-12-19T06:27:07.1813689Z   UE_VERSION: 5.5
2025-12-19T06:27:07.1813806Z   UE_PATH: F:\Epic Games\UE_5.5
2025-12-19T06:27:07.1813985Z   RUNUAT_PATH: F:\Epic Games\UE_5.5\Engine\Build\BatchFiles\RunUAT.bat
2025-12-19T06:27:07.1814241Z   UE_EDITOR_PATH: F:\Epic Games\UE_5.5\Engine\Binaries\Win64\UnrealEditor.exe
2025-12-19T06:27:07.1814491Z   PLUGIN_FILE: C:\actions-runner\_work\UE_XTools\UE_XTools\XTools.uplugin
2025-12-19T06:27:07.1814680Z ##[endgroup]
2025-12-19T06:27:07.3587488Z ==> Build Plugin for UE 5.5
2025-12-19T06:27:07.3898983Z Output Directory: C:\actions-runner\_work\_temp\XTools\XTools-UE_5.5-AllPlatforms
2025-12-19T06:27:07.4124087Z 
2025-12-19T06:27:07.4128317Z Starting build...
2025-12-19T06:27:07.4367554Z Running AutomationTool...
2025-12-19T06:27:07.4615371Z Using bundled DotNet SDK version: 8.0.300
2025-12-19T06:27:07.6596691Z Starting AutomationTool...
2025-12-19T06:27:07.6711564Z Parsing command line: BuildPlugin -Plugin=C:\actions-runner\_work\UE_XTools\UE_XTools\XTools.uplugin -Package=C:\actions-runner\_work\_temp\XTools\TempPackage -CreateSubFolder -NoHostProject -Rocket
2025-12-19T06:27:07.7814951Z Initializing script modules...
2025-12-19T06:27:08.0499946Z Total script module initialization time: 0.27 s.
2025-12-19T06:27:08.1379686Z Using E:\VisualStudio\2022\MSBuild\Current\Bin\MSBuild.exe
2025-12-19T06:27:08.3702576Z Executing commands...
2025-12-19T06:27:08.4011366Z Copying 2539 file(s) using max 64 thread(s)
2025-12-19T06:27:08.8046991Z Reading plugin from C:\actions-runner\_work\_temp\XTools\TempPackage\HostProject\Plugins\XTools\XTools.uplugin...
2025-12-19T06:27:08.8178856Z Building plugin for host platforms: Win64
2025-12-19T06:27:08.8324242Z Running: F:\Epic Games\UE_5.5\Engine\Binaries\ThirdParty\DotNet\8.0.300\win-x64\dotnet.exe "F:\Epic Games\UE_5.5\Engine\Binaries\DotNET\UnrealBuildTool\UnrealBuildTool.dll" UnrealEditor Win64 Development -Project="C:\actions-runner\_work\_temp\XTools\TempPackage\HostProject\HostProject.uproject" -plugin="C:\actions-runner\_work\_temp\XTools\TempPackage\HostProject\Plugins\XTools\XTools.uplugin" -noubtmakefiles -manifest="C:\actions-runner\_work\_temp\XTools\TempPackage\HostProject\Saved\Manifest-UnrealEditor-Win64-Development.xml" -nohotreload -log="C:\Users\xiybh\AppData\Roaming\Unreal Engine\AutomationTool\Logs\F+Epic+Games+UE_5.5\UBA-UnrealEditor-Win64-Development.txt"
2025-12-19T06:27:09.0219737Z Log file: C:\Users\xiybh\AppData\Roaming\Unreal Engine\AutomationTool\Logs\F+Epic+Games+UE_5.5\UBA-UnrealEditor-Win64-Development.txt
2025-12-19T06:27:10.6988045Z C:\actions-runner\_work\_temp\XTools\TempPackage\HostProject\Plugins\XTools\Source\XTools\XTools.Build.cs(73,3): warning CS0618: 'ModuleRules.bEnableUndefinedIdentifierWarnings' is obsolete: 'Deprecated in UE5.5 - Replace with ModuleRules.UndefinedIdentifierWarningLevel'
2025-12-19T06:27:10.6992795Z C:\actions-runner\_work\_temp\XTools\TempPackage\HostProject\Plugins\XTools\Source\XTools\XTools.Build.cs(73,3): warning CS0618: 'ModuleRules.bEnableUndefinedIdentifierWarnings' is obsolete: 'Deprecated in UE5.5 - Replace with ModuleRules.UndefinedIdentifierWarningLevel'
2025-12-19T06:27:10.6993296Z Available x64 toolchains (1):
2025-12-19T06:27:10.6993447Z  * E:\VisualStudio\2022\VC\Tools\MSVC\14.44.35207
2025-12-19T06:27:10.6994300Z     (Family=14.44.35207, FamilyRank=1, Version=14.44.35220, Is64Bit=True, ReleaseChannel=Latest, Architecture=x64)
2025-12-19T06:27:10.6994539Z Unavailable x64 toolchains (1):
2025-12-19T06:27:10.6994985Z  * E:\VisualStudio\2022\VC\Tools\MSVC\14.36.32532
2025-12-19T06:27:10.6999553Z     (Family=14.36.32532, FamilyRank=1, Version=14.36.32548, Is64Bit=True, ReleaseChannel=Latest, Architecture=x64, Error="UnrealBuildTool requires at minimum the MSVC 14.38.33130 toolchain. Please install a later toolchain such as 14.38.33130 from the Visual Studio installer.")
2025-12-19T06:27:10.7000119Z Visual Studio 2022 compiler version 14.44.35220 is not a preferred version. Please use the latest preferred version 14.38.33130
2025-12-19T06:27:13.3685432Z C:\actions-runner\_work\_temp\XTools\TempPackage\HostProject\Plugins\XTools\Source\PhysicsAssetOptimizer\PhysicsAssetOptimizer.Build.cs: warning: Referenced directory 'C:\actions-runner\_work\_temp\XTools\TempPackage\HostProject\Plugins\XTools\Source\Developer\PhysicsUtilities\Private' does not exist.
2025-12-19T06:27:13.3686587Z Warning: Plugin 'XTools' does not list plugin 'AssetSearch' as a dependency, but module 'XTools_BlueprintAssist' depends on module 'AssetSearch'.
2025-12-19T06:27:13.3687076Z Parsing headers for UnrealEditor
2025-12-19T06:27:13.3688778Z   Running Internal UnrealHeaderTool C:\actions-runner\_work\_temp\XTools\TempPackage\HostProject\HostProject.uproject C:\actions-runner\_work\_temp\XTools\TempPackage\HostProject\Intermediate\Build\Win64\UnrealEditor\Development\UnrealEditor.uhtmanifest -WarningsAsErrors -installed
2025-12-19T06:27:15.8551118Z Total of 301 written
2025-12-19T06:27:15.8566918Z Reflection code generated for UnrealEditor in 2.4877536 seconds
2025-12-19T06:27:17.4028596Z Writing manifest to C:\actions-runner\_work\_temp\XTools\TempPackage\HostProject\Saved\Manifest-UnrealEditor-Win64-Development.xml
2025-12-19T06:27:17.5846186Z Building UnrealEditor...
2025-12-19T06:27:17.5847754Z Using Visual Studio 2022 14.44.35220 toolchain (E:\VisualStudio\2022\VC\Tools\MSVC\14.44.35207) and Windows 10.0.26100.0 SDK (C:\Program Files (x86)\Windows Kits\10).
2025-12-19T06:27:17.5849104Z Warning: Visual Studio 2022 compiler is not a preferred version
2025-12-19T06:27:17.5850646Z [Adaptive Build] Excluded from PhysicsAssetOptimizer unity file: BoneIdentificationSystem.cpp, PhysicsAssetEditorExtension.cpp, PhysicsAssetOptimizer.cpp, PhysicsOptimizerCore.cpp, SPhysicsOptimizerPanel.cpp
2025-12-19T06:27:17.5854191Z [Adaptive Build] Excluded from CaptureDataUtils unity file: CaptureDataUtilsModule.cpp, ImageSequenceTimecodeUtils.cpp, ParseTakeUtils.cpp, SoundWaveTimecodeUtils.cpp
2025-12-19T06:27:17.5884163Z Determining max actions to execute in parallel (8 physical cores, 16 logical cores)
2025-12-19T06:27:17.5884640Z   Executing up to 8 processes, one per physical core
2025-12-19T06:27:17.5983539Z Using Unreal Build Accelerator local executor to run 489 action(s)
2025-12-19T06:27:17.5999540Z   Storage capacity 40Gb
2025-12-19T06:27:17.6347363Z ---- Starting trace: 251219_142717 ----
2025-12-19T06:27:17.6356157Z UbaSessionServer - Disable remote execution (remote sessions will finish current processes)
2025-12-19T06:27:17.6389256Z ------ Building 489 action(s) started ------
2025-12-19T06:27:17.7909902Z [1/489] Resource Default.rc2
2025-12-19T06:27:17.7910454Z [2/489] Resource Default.rc2
2025-12-19T06:27:17.7910704Z [3/489] Resource Default.rc2
2025-12-19T06:27:17.7911035Z [4/489] Resource Default.rc2
2025-12-19T06:27:17.7912591Z [5/489] Resource Default.rc2
2025-12-19T06:27:17.7912854Z [6/489] Resource Default.rc2
2025-12-19T06:27:17.8269825Z [7/489] Resource Default.rc2
2025-12-19T06:27:17.8277022Z [8/489] Resource Default.rc2
2025-12-19T06:27:17.8279114Z [9/489] Resource Default.rc2
2025-12-19T06:27:17.8281519Z [10/489] Resource Default.rc2
2025-12-19T06:27:17.8288502Z [11/489] Resource Default.rc2
2025-12-19T06:27:17.8335393Z [12/489] Resource Default.rc2
2025-12-19T06:27:17.8621241Z [13/489] Resource Default.rc2
2025-12-19T06:27:17.8621718Z [14/489] Resource Default.rc2
2025-12-19T06:27:17.8636336Z [15/489] Resource Default.rc2
2025-12-19T06:27:17.8641477Z [16/489] Resource Default.rc2
2025-12-19T06:27:30.4053452Z [17/489] Compile [x64] BABlueprintHandlerObject.gen.cpp
2025-12-19T06:27:31.0201531Z [18/489] Compile [x64] BAAssetEditorHandlerObject.gen.cpp
2025-12-19T06:27:31.3812922Z [19/489] Compile [x64] BABlueprintHandlerObject.cpp
2025-12-19T06:27:36.4330717Z [20/489] Compile [x64] BACrashReportDialog.cpp
2025-12-19T06:27:36.5458777Z [21/489] Compile [x64] BAAssetEditorHandlerObject.cpp
2025-12-19T06:27:40.5438718Z [22/489] Compile [x64] BABlueprintActionMenu.cpp
2025-12-19T06:27:41.4096328Z [23/489] Compile [x64] BAAddSymbolMenu.cpp
2025-12-19T06:27:44.8841772Z [24/489] Compile [x64] BACrashUpload.cpp
2025-12-19T06:27:50.0008265Z [25/489] Compile [x64] BACrashReporter.cpp
2025-12-19T06:27:50.3944645Z [26/489] Compile [x64] BAFormatterUtils.cpp
2025-12-19T06:27:52.5099218Z [27/489] Compile [x64] BADebugMenu.cpp
2025-12-19T06:27:53.3909464Z [28/489] Compile [x64] BAEditDetailsMenu.cpp
2025-12-19T06:27:54.5907806Z [29/489] Compile [x64] SharedPCH.UnrealEd.NonOptimized.Cpp20.cpp
2025-12-19T06:27:54.7764964Z [30/489] Compile [x64] SharedPCH.UnrealEd.Cpp20.cpp
2025-12-19T06:27:54.8941496Z [31/489] Compile [x64] BAFocusSearchBoxMenu.cpp
2025-12-19T06:27:55.1332385Z [32/489] Compile [x64] PerModuleInline.gen.cpp
2025-12-19T06:27:55.8425422Z [33/489] Compile [x64] XToolsCore.cpp
2025-12-19T06:27:56.3712969Z [34/489] Compile [x64] XToolsErrorReporter.cpp
2025-12-19T06:27:56.3713678Z [35/489] Compile [x64] ComponentTimelineLibrary.cpp
2025-12-19T06:27:56.3713979Z [36/489] Link [x64] UnrealEditor-XToolsCore.lib
2025-12-19T06:27:56.3720729Z   ���ڴ����� C:\actions-runner\_work\_temp\XTools\TempPackage\HostProject\Plugins\XTools\Intermediate\Build\Win64\x64\UnrealEditor\Development\XToolsCore\UnrealEditor-XToolsCore.lib �Ͷ��� C:\actions-runner\_work\_temp\XTools\TempPackage\HostProject\Plugins\XTools\Intermediate\Build\Win64\x64\UnrealEditor\Development\XToolsCore\UnrealEditor-XToolsCore.exp
2025-12-19T06:27:56.8261328Z [37/489] Compile [x64] ComponentTimelineLibrary.gen.cpp
2025-12-19T06:27:56.9767637Z [38/489] Compile [x64] ComponentTimelineRuntime.cpp
2025-12-19T06:27:57.0637487Z [39/489] Compile [x64] BALinkPinMenu.cpp
2025-12-19T06:27:57.1351398Z [40/489] Compile [x64] ComponentTimelineSettings.cpp
2025-12-19T06:27:57.2181885Z [41/489] Compile [x64] ComponentTimelineSettings.gen.cpp
2025-12-19T06:27:57.2826328Z [42/489] Compile [x64] PerModuleInline.gen.cpp
2025-12-19T06:27:57.2826900Z [43/489] Compile [x64] XTools_ComponentTimelineRuntime.init.gen.cpp
2025-12-19T06:27:57.2827385Z [44/489] Link [x64] UnrealEditor-XTools_ComponentTimelineRuntime.lib
2025-12-19T06:27:57.2831767Z   ���ڴ����� C:\actions-runner\_work\_temp\XTools\TempPackage\HostProject\Plugins\XTools\Intermediate\Build\Win64\x64\UnrealEditor\Development\XTools_ComponentTimelineRuntime\UnrealEditor-XTools_ComponentTimelineRuntime.lib �Ͷ��� C:\actions-runner\_work\_temp\XTools\TempPackage\HostProject\Plugins\XTools\Intermediate\Build\Win64\x64\UnrealEditor\Development\XTools_ComponentTimelineRuntime\UnrealEditor-XTools_ComponentTimelineRuntime.exp
2025-12-19T06:27:57.6198850Z [45/489] Compile [x64] BlueprintExtensionsRuntime.cpp
2025-12-19T06:27:57.6199647Z [46/489] Compile [x64] BlueprintExtensionsRuntime.init.gen.cpp
2025-12-19T06:27:57.6200084Z [47/489] Link [x64] UnrealEditor-XToolsCore.dll
2025-12-19T06:27:57.6200670Z    �������� C:\actions-runner\_work\_temp\XTools\TempPackage\HostProject\Plugins\XTools\Binaries\Win64\UnrealEditor-XToolsCore.exp
2025-12-19T06:27:58.4780647Z [48/489] Compile [x64] MathExtensionsLibrary.cpp
2025-12-19T06:27:58.4875283Z [49/489] Compile [x64] MapExtensionsLibrary.cpp
2025-12-19T06:27:58.4875692Z [50/489] Compile [x64] MathExtensionsLibrary.gen.cpp
2025-12-19T06:27:58.4876088Z [51/489] Link [x64] UnrealEditor-XTools_ComponentTimelineRuntime.dll
2025-12-19T06:27:58.4877138Z    �������� C:\actions-runner\_work\_temp\XTools\TempPackage\HostProject\Plugins\XTools\Binaries\Win64\UnrealEditor-XTools_ComponentTimelineRuntime.exp
2025-12-19T06:27:58.9439501Z [52/489] Compile [x64] PerModuleInline.gen.cpp
2025-12-19T06:27:59.0688145Z [53/489] Compile [x64] ObjectExtensionsLibrary.cpp
2025-12-19T06:27:59.1483943Z [54/489] Compile [x64] ObjectExtensionsLibrary.gen.cpp
2025-12-19T06:27:59.3931854Z [55/489] Compile [x64] ProcessExtensionsLibrary.cpp
2025-12-19T06:27:59.4626393Z [56/489] Compile [x64] ProcessExtensionsLibrary.gen.cpp
2025-12-19T06:27:59.6300373Z [57/489] Compile [x64] SplineExtensionsLibrary.cpp
2025-12-19T06:27:59.8098483Z [58/489] Compile [x64] SplineExtensionsLibrary.gen.cpp
2025-12-19T06:28:00.1002378Z [59/489] Compile [x64] SplineTrajectoryLibrary.cpp
2025-12-19T06:28:00.4363624Z [60/489] Compile [x64] SplineTrajectoryLibrary.gen.cpp
2025-12-19T06:28:00.5897117Z [61/489] Compile [x64] SupportSystemLibrary.gen.cpp
2025-12-19T06:28:00.6974360Z [62/489] Compile [x64] SupportSystemLibrary.cpp
2025-12-19T06:28:00.7081500Z [63/489] Compile [x64] TraceExtensionsLibrary.gen.cpp
2025-12-19T06:28:00.8601197Z [64/489] Compile [x64] TraceExtensionsLibrary.cpp
2025-12-19T06:28:00.9508149Z [65/489] Compile [x64] TransformExtensionsLibrary.cpp
2025-12-19T06:28:01.0931889Z [66/489] Compile [x64] TransformExtensionsLibrary.gen.cpp
2025-12-19T06:28:01.1178486Z [67/489] Compile [x64] TurretRotationLibrary.gen.cpp
2025-12-19T06:28:01.1247798Z [68/489] Compile [x64] BAGoToSymbolMenu.cpp
2025-12-19T06:28:01.2239823Z [69/489] Compile [x64] VariableReflectionLibrary.cpp
2025-12-19T06:28:01.2987568Z [70/489] Compile [x64] TurretRotationLibrary.cpp
2025-12-19T06:28:01.2987991Z [71/489] Compile [x64] VariableReflectionLibrary.gen.cpp
2025-12-19T06:28:01.2988353Z [72/489] Link [x64] UnrealEditor-BlueprintExtensionsRuntime.lib
2025-12-19T06:28:01.2991468Z   ���ڴ����� C:\actions-runner\_work\_temp\XTools\TempPackage\HostProject\Plugins\XTools\Intermediate\Build\Win64\x64\UnrealEditor\Development\BlueprintExtensionsRuntime\UnrealEditor-BlueprintExtensionsRuntime.lib �Ͷ��� C:\actions-runner\_work\_temp\XTools\TempPackage\HostProject\Plugins\XTools\Intermediate\Build\Win64\x64\UnrealEditor\Development\BlueprintExtensionsRuntime\UnrealEditor-BlueprintExtensionsRuntime.exp
2025-12-19T06:28:01.9359590Z [73/489] Compile [x64] FormationBlueprintNodes.gen.cpp
2025-12-19T06:28:02.1396006Z [74/489] Compile [x64] FormationData.cpp
2025-12-19T06:28:02.2458555Z [75/489] Compile [x64] FormationAlgorithms.cpp
2025-12-19T06:28:02.3172553Z [76/489] Compile [x64] FormationBlueprintNodes.cpp
2025-12-19T06:28:02.3538112Z [77/489] Compile [x64] FormationLibrary.cpp
2025-12-19T06:28:02.3538554Z [78/489] Compile [x64] FormationLog.cpp
2025-12-19T06:28:02.3538865Z [79/489] Link [x64] UnrealEditor-BlueprintExtensionsRuntime.dll
2025-12-19T06:28:02.3539440Z    �������� C:\actions-runner\_work\_temp\XTools\TempPackage\HostProject\Plugins\XTools\Binaries\Win64\UnrealEditor-BlueprintExtensionsRuntime.exp
2025-12-19T06:28:02.6498674Z [80/489] Compile [x64] FormationLibrary.gen.cpp
2025-12-19T06:28:02.7120719Z [81/489] Compile [x64] BARootObject.cpp
2025-12-19T06:28:02.8117872Z [82/489] Compile [x64] FormationMathUtils.cpp
2025-12-19T06:28:02.8528559Z [83/489] Compile [x64] FormationManagerComponent.gen.cpp
2025-12-19T06:28:03.0083660Z [84/489] Compile [x64] FormationSystem.cpp
2025-12-19T06:28:03.1620303Z [85/489] Compile [x64] FormationSystem.init.gen.cpp
2025-12-19T06:28:03.2287706Z [86/489] Compile [x64] FormationManagerComponent.cpp
2025-12-19T06:28:03.3476574Z [87/489] Compile [x64] FormationMovementComponent.cpp
2025-12-19T06:28:03.4617370Z [88/489] Compile [x64] FormationMovementComponent.gen.cpp
2025-12-19T06:28:03.4771586Z [89/489] Compile [x64] FormationTestActor.gen.cpp
2025-12-19T06:28:03.5336483Z [90/489] Compile [x64] FormationTypes.cpp
2025-12-19T06:28:03.6026163Z [91/489] Compile [x64] FormationTestActor.cpp
2025-12-19T06:28:03.6894091Z [92/489] Compile [x64] PerModuleInline.gen.cpp
2025-12-19T06:28:03.7561012Z [93/489] Compile [x64] IFormationInterface.gen.cpp
2025-12-19T06:28:03.7694066Z [94/489] Compile [x64] FormationTypes.gen.cpp
2025-12-19T06:28:03.7694428Z [95/489] Compile [x64] ObjectPool.init.gen.cpp
2025-12-19T06:28:03.7694743Z [96/489] Link [x64] UnrealEditor-FormationSystem.lib
2025-12-19T06:28:03.7699111Z   ���ڴ����� C:\actions-runner\_work\_temp\XTools\TempPackage\HostProject\Plugins\XTools\Intermediate\Build\Win64\x64\UnrealEditor\Development\FormationSystem\UnrealEditor-FormationSystem.lib �Ͷ��� C:\actions-runner\_work\_temp\XTools\TempPackage\HostProject\Plugins\XTools\Intermediate\Build\Win64\x64\UnrealEditor\Development\FormationSystem\UnrealEditor-FormationSystem.exp
2025-12-19T06:28:04.5178372Z [97/489] Compile [x64] ActorPoolMemoryOptimizer.cpp
2025-12-19T06:28:04.5818306Z [98/489] Compile [x64] ActorPool.cpp
2025-12-19T06:28:04.6241651Z [99/489] Compile [x64] ObjectPoolInterface.cpp
2025-12-19T06:28:04.6638792Z [100/489] Compile [x64] ObjectPoolInterface.gen.cpp
2025-12-19T06:28:04.8992503Z [101/489] Compile [x64] ObjectPoolConfigManager.cpp
2025-12-19T06:28:04.8992871Z [102/489] Compile [x64] BAMiscUtils.cpp
2025-12-19T06:28:04.8993182Z [103/489] Link [x64] UnrealEditor-FormationSystem.dll
2025-12-19T06:28:04.8993926Z    �������� C:\actions-runner\_work\_temp\XTools\TempPackage\HostProject\Plugins\XTools\Binaries\Win64\UnrealEditor-FormationSystem.exp
2025-12-19T06:28:05.3385326Z [104/489] Compile [x64] ActorStateResetter.cpp
2025-12-19T06:28:05.3984604Z [105/489] Compile [x64] ObjectPoolModule.cpp
2025-12-19T06:28:05.4207603Z [106/489] Compile [x64] ObjectPoolLibrary.gen.cpp
2025-12-19T06:28:05.6035333Z [107/489] Compile [x64] ObjectPoolManager.cpp
2025-12-19T06:28:05.6208841Z [108/489] Compile [x64] ObjectPoolLibrary.cpp
2025-12-19T06:28:05.6268565Z [109/489] Compile [x64] PerModuleInline.gen.cpp
2025-12-19T06:28:05.7622322Z [110/489] Compile [x64] ObjectPoolPreallocator.cpp
2025-12-19T06:28:05.8704856Z [111/489] Compile [x64] BARootObject.gen.cpp
2025-12-19T06:28:05.9099494Z [112/489] Compile [x64] PerModuleInline.gen.cpp
2025-12-19T06:28:05.9604245Z [113/489] Compile [x64] MinIndexQueue.cpp
2025-12-19T06:28:06.1007004Z [114/489] Compile [x64] ObjectPoolSubsystem.gen.cpp
2025-12-19T06:28:06.1026823Z [115/489] Compile [x64] ObjectPoolTypes.gen.cpp
2025-12-19T06:28:06.2228786Z [116/489] Compile [x64] RandomShuffles.cpp
2025-12-19T06:28:06.3018721Z [117/489] Compile [x64] RandomShuffleLog.cpp
2025-12-19T06:28:06.3426683Z [118/489] Compile [x64] RandomShuffles.init.gen.cpp
2025-12-19T06:28:06.3439093Z [119/489] Compile [x64] RandomShuffleArrayLibrary.cpp
2025-12-19T06:28:06.3869200Z [120/489] Compile [x64] Sort.init.gen.cpp
2025-12-19T06:28:06.4114638Z [121/489] Compile [x64] PerModuleInline.gen.cpp
2025-12-19T06:28:06.4569351Z [122/489] Compile [x64] RandomShuffleArrayLibrary.gen.cpp
2025-12-19T06:28:06.4569897Z [123/489] Compile [x64] ObjectPoolSubsystem.cpp
2025-12-19T06:28:06.4571298Z [124/489] Link [x64] UnrealEditor-RandomShuffles.lib
2025-12-19T06:28:06.4573155Z   ���ڴ����� C:\actions-runner\_work\_temp\XTools\TempPackage\HostProject\Plugins\XTools\Intermediate\Build\Win64\x64\UnrealEditor\Development\RandomShuffles\UnrealEditor-RandomShuffles.lib �Ͷ��� C:\actions-runner\_work\_temp\XTools\TempPackage\HostProject\Plugins\XTools\Intermediate\Build\Win64\x64\UnrealEditor\Development\RandomShuffles\UnrealEditor-RandomShuffles.exp
2025-12-19T06:28:06.8798592Z [125/489] Compile [x64] ComponentTimelineUncooked.cpp
2025-12-19T06:28:06.9368278Z [126/489] Compile [x64] SortModule.cpp
2025-12-19T06:28:07.0416154Z [127/489] Compile [x64] SortLibrary.gen.cpp
2025-12-19T06:28:07.4714169Z [128/489] Compile [x64] K2Node_BaseTimeline.gen.cpp
2025-12-19T06:28:07.6571587Z [129/489] Compile [x64] K2Node_ComponentTimeline.cpp
2025-12-19T06:28:07.6951070Z [130/489] Compile [x64] K2Node_ComponentTimeline.gen.cpp
2025-12-19T06:28:07.7882375Z [131/489] Compile [x64] ObjectPoolUtils.cpp
2025-12-19T06:28:07.7882846Z [132/489] Compile [x64] K2Node_HackTimeline.gen.cpp
2025-12-19T06:28:07.7883188Z [133/489] Link [x64] UnrealEditor-RandomShuffles.dll
2025-12-19T06:28:07.7883856Z    �������� C:\actions-runner\_work\_temp\XTools\TempPackage\HostProject\Plugins\XTools\Binaries\Win64\UnrealEditor-RandomShuffles.exp
2025-12-19T06:28:07.7988690Z [134/489] Link [x64] UnrealEditor-ObjectPool.lib
2025-12-19T06:28:07.7992185Z   ���ڴ����� C:\actions-runner\_work\_temp\XTools\TempPackage\HostProject\Plugins\XTools\Intermediate\Build\Win64\x64\UnrealEditor\Development\ObjectPool\UnrealEditor-ObjectPool.lib �Ͷ��� C:\actions-runner\_work\_temp\XTools\TempPackage\HostProject\Plugins\XTools\Intermediate\Build\Win64\x64\UnrealEditor\Development\ObjectPool\UnrealEditor-ObjectPool.exp
2025-12-19T06:28:07.9538955Z [135/489] Compile [x64] SortLibrary.cpp
2025-12-19T06:28:07.9539313Z [136/489] Link [x64] UnrealEditor-Sort.lib
2025-12-19T06:28:07.9541464Z   ���ڴ����� C:\actions-runner\_work\_temp\XTools\TempPackage\HostProject\Plugins\XTools\Intermediate\Build\Win64\x64\UnrealEditor\Development\Sort\UnrealEditor-Sort.lib �Ͷ��� C:\actions-runner\_work\_temp\XTools\TempPackage\HostProject\Plugins\XTools\Intermediate\Build\Win64\x64\UnrealEditor\Development\Sort\UnrealEditor-Sort.exp
2025-12-19T06:28:08.1517173Z [137/489] Compile [x64] PerModuleInline.gen.cpp
2025-12-19T06:28:08.1555141Z [138/489] Compile [x64] K2Node_ObjectTimeline.cpp
2025-12-19T06:28:08.2601164Z [139/489] Compile [x64] K2Node_BaseTimeline.cpp
2025-12-19T06:28:08.3026557Z [140/489] Compile [x64] XTools_ComponentTimelineUncooked.init.gen.cpp
2025-12-19T06:28:08.6979389Z [141/489] Compile [x64] K2Node_ObjectTimeline.gen.cpp
2025-12-19T06:28:08.8314303Z [142/489] Compile [x64] BlueprintExtensions.init.gen.cpp
2025-12-19T06:28:08.8314639Z [143/489] Compile [x64] K2Node_Assign.gen.cpp
2025-12-19T06:28:08.8314889Z [144/489] Link [x64] UnrealEditor-ObjectPool.dll
2025-12-19T06:28:08.8315424Z    �������� C:\actions-runner\_work\_temp\XTools\TempPackage\HostProject\Plugins\XTools\Binaries\Win64\UnrealEditor-ObjectPool.exp
2025-12-19T06:28:09.0415046Z [145/489] Link [x64] UnrealEditor-Sort.dll
2025-12-19T06:28:09.0416990Z    �������� C:\actions-runner\_work\_temp\XTools\TempPackage\HostProject\Plugins\XTools\Binaries\Win64\UnrealEditor-Sort.exp
2025-12-19T06:28:09.3363857Z [146/489] Compile [x64] K2Node_CasePairedPinsNode.gen.cpp
2025-12-19T06:28:09.3365689Z [147/489] Compile [x64] K2Node_HackTimeline.cpp
2025-12-19T06:28:09.3366082Z [148/489] Link [x64] UnrealEditor-XTools_ComponentTimelineUncooked.lib
2025-12-19T06:28:09.3367965Z   ���ڴ����� C:\actions-runner\_work\_temp\XTools\TempPackage\HostProject\Plugins\XTools\Intermediate\Build\Win64\x64\UnrealEditor\Development\XTools_ComponentTimelineUncooked\UnrealEditor-XTools_ComponentTimelineUncooked.lib �Ͷ��� C:\actions-runner\_work\_temp\XTools\TempPackage\HostProject\Plugins\XTools\Intermediate\Build\Win64\x64\UnrealEditor\Development\XTools_ComponentTimelineUncooked\UnrealEditor-XTools_ComponentTimelineUncooked.exp
2025-12-19T06:28:09.5657712Z [149/489] Compile [x64] K2Node_ConditionalSequence.gen.cpp
2025-12-19T06:28:09.6782626Z [150/489] Compile [x64] K2NodeSafetyHelpers.cpp
2025-12-19T06:28:09.8174678Z [151/489] Compile [x64] K2Node_CasePairedPinsNode.cpp
2025-12-19T06:28:09.9624798Z [152/489] Compile [x64] BlueprintExtensions.cpp
2025-12-19T06:28:10.1605455Z [153/489] Compile [x64] K2Node_ForEachArrayReverse.gen.cpp
2025-12-19T06:28:10.2224255Z [154/489] Compile [x64] K2Node_ForEachLoopWithDelay.gen.cpp
2025-12-19T06:28:10.4678816Z [155/489] Compile [x64] K2Node_Assign.cpp
2025-12-19T06:28:10.5177724Z [156/489] Compile [x64] K2Node_ForEachMap.gen.cpp
2025-12-19T06:28:10.5178087Z [157/489] Compile [x64] K2Node_ForEachSet.gen.cpp
2025-12-19T06:28:10.5178733Z [158/489] Link [x64] UnrealEditor-XTools_ComponentTimelineUncooked.dll
2025-12-19T06:28:10.5180160Z    �������� C:\actions-runner\_work\_temp\XTools\TempPackage\HostProject\Plugins\XTools\Binaries\Win64\UnrealEditor-XTools_ComponentTimelineUncooked.exp
2025-12-19T06:28:11.0330112Z [159/489] Compile [x64] K2Node_ConditionalSequence.cpp
2025-12-19T06:28:11.4020964Z [160/489] Compile [x64] K2Node_ForLoopWithDelay.gen.cpp
2025-12-19T06:28:11.4466533Z [161/489] Compile [x64] K2Node_ForLoopWithDelayReverse.gen.cpp
2025-12-19T06:28:11.6073429Z [162/489] Compile [x64] K2Node_ForEachArrayReverse.cpp
2025-12-19T06:28:11.6745293Z [163/489] Compile [x64] K2Node_ForEachLoopWithDelay.cpp
2025-12-19T06:28:11.9242711Z [164/489] Compile [x64] K2Node_ForEachMap.cpp
2025-12-19T06:28:12.1574545Z [165/489] Compile [x64] K2Node_MapAddArrayItem.gen.cpp
2025-12-19T06:28:12.2891646Z [166/489] Compile [x64] K2Node_MapAddMapItem.gen.cpp
2025-12-19T06:28:12.6431650Z [167/489] Compile [x64] K2Node_ForEachSet.cpp
2025-12-19T06:28:12.6985937Z [168/489] Compile [x64] K2Node_MapAddSetItem.gen.cpp
2025-12-19T06:28:12.8618946Z [169/489] Compile [x64] K2Node_ForLoopWithDelay.cpp
2025-12-19T06:28:13.2072792Z [170/489] Compile [x64] K2Node_MapAppend.gen.cpp
2025-12-19T06:28:13.2077282Z [171/489] Compile [x64] K2Node_ForLoopWithDelayReverse.cpp
2025-12-19T06:28:13.7903364Z [172/489] Compile [x64] K2Node_MapFindRef.gen.cpp
2025-12-19T06:28:13.9245320Z [173/489] Compile [x64] K2Node_MapAddArrayItem.cpp
2025-12-19T06:28:14.0572566Z [174/489] Compile [x64] K2Node_MapAddMapItem.cpp
2025-12-19T06:28:14.2106228Z [175/489] Compile [x64] K2Node_MapIdentical.gen.cpp
2025-12-19T06:28:14.4045326Z [176/489] Compile [x64] K2Node_MapAddSetItem.cpp
2025-12-19T06:28:14.4803273Z [177/489] Compile [x64] K2Node_MapRemoveArrayItem.gen.cpp
2025-12-19T06:28:14.6680981Z [178/489] Compile [x64] K2Node_MapRemoveMapItem.gen.cpp
2025-12-19T06:28:15.1433775Z [179/489] Compile [x64] K2Node_MapAppend.cpp
2025-12-19T06:28:15.1684827Z [180/489] Compile [x64] K2Node_MapRemoveSetItem.gen.cpp
2025-12-19T06:28:15.2004479Z [181/489] Compile [x64] K2Node_MultiBranch.gen.cpp
2025-12-19T06:28:15.2889167Z [182/489] Compile [x64] K2Node_MapIdentical.cpp
2025-12-19T06:28:15.3534818Z [183/489] Compile [x64] K2Node_MapFindRef.cpp
2025-12-19T06:28:15.5793378Z [184/489] Compile [x64] K2Node_MapRemoveArrayItem.cpp
2025-12-19T06:28:15.7132144Z [185/489] Compile [x64] PerModuleInline.gen.cpp
2025-12-19T06:28:15.9568906Z [186/489] Compile [x64] K2Node_MultiConditionalSelect.gen.cpp
2025-12-19T06:28:16.1533925Z [187/489] Compile [x64] K2Node_MapRemoveMapItem.cpp
2025-12-19T06:28:16.3144080Z [188/489] Compile [x64] K2Node_MapRemoveSetItem.cpp
2025-12-19T06:28:16.4125927Z [189/489] Compile [x64] FieldSystemExtensions.cpp
2025-12-19T06:28:16.5705482Z [190/489] Compile [x64] SGraphNodeCasePairedPinsNode.cpp
2025-12-19T06:28:16.6278718Z [191/489] Compile [x64] FieldSystemExtensions.init.gen.cpp
2025-12-19T06:28:16.7479642Z [192/489] Compile [x64] PerModuleInline.gen.cpp
2025-12-19T06:28:16.7875874Z [193/489] Compile [x64] SGraphNodeMultiConditionalSelect.cpp
2025-12-19T06:28:17.2703995Z [194/489] Compile [x64] SGraphNodeConditionalSequence.cpp
2025-12-19T06:28:17.3145866Z [195/489] Compile [x64] K2Node_MultiBranch.cpp
2025-12-19T06:28:17.7252850Z [196/489] Compile [x64] K2Node_MultiConditionalSelect.cpp
2025-12-19T06:28:17.8114441Z [197/489] Compile [x64] SGraphNodeMultiBranch.cpp
2025-12-19T06:28:17.8114967Z [198/489] Compile [x64] K2Node_SpawnActorFromPool.gen.cpp
2025-12-19T06:28:17.8115692Z [199/489] Link [x64] UnrealEditor-BlueprintExtensions.lib
2025-12-19T06:28:17.8118479Z   ���ڴ����� C:\actions-runner\_work\_temp\XTools\TempPackage\HostProject\Plugins\XTools\Intermediate\Build\Win64\x64\UnrealEditor\Development\BlueprintExtensions\UnrealEditor-BlueprintExtensions.lib �Ͷ��� C:\actions-runner\_work\_temp\XTools\TempPackage\HostProject\Plugins\XTools\Intermediate\Build\Win64\x64\UnrealEditor\Development\BlueprintExtensions\UnrealEditor-BlueprintExtensions.exp
2025-12-19T06:28:18.2535017Z [200/489] Compile [x64] ObjectPoolEditor.init.gen.cpp
2025-12-19T06:28:18.3380124Z [201/489] Compile [x64] ObjectPoolEditorModule.cpp
2025-12-19T06:28:18.3380566Z [202/489] Compile [x64] PerModuleInline.gen.cpp
2025-12-19T06:28:18.3381031Z [203/489] Link [x64] UnrealEditor-BlueprintExtensions.dll
2025-12-19T06:28:18.3382460Z    �������� C:\actions-runner\_work\_temp\XTools\TempPackage\HostProject\Plugins\XTools\Binaries\Win64\UnrealEditor-BlueprintExtensions.exp
2025-12-19T06:28:18.8400782Z [204/489] Compile [x64] K2Node_SpawnActorFromPool.cpp
2025-12-19T06:28:18.8401208Z [205/489] Compile [x64] Module.PhysicsAssetOptimizer.cpp
2025-12-19T06:28:18.8401568Z [206/489] Link [x64] UnrealEditor-ObjectPoolEditor.lib
2025-12-19T06:28:18.8404636Z   ���ڴ����� C:\actions-runner\_work\_temp\XTools\TempPackage\HostProject\Plugins\XTools\Intermediate\Build\Win64\x64\UnrealEditor\Development\ObjectPoolEditor\UnrealEditor-ObjectPoolEditor.lib �Ͷ��� C:\actions-runner\_work\_temp\XTools\TempPackage\HostProject\Plugins\XTools\Intermediate\Build\Win64\x64\UnrealEditor\Development\ObjectPoolEditor\UnrealEditor-ObjectPoolEditor.exp
2025-12-19T06:28:19.4746286Z [207/489] Compile [x64] BAOpenWindowMenu.cpp
2025-12-19T06:28:19.4746729Z [208/489] Compile [x64] PhysicsAssetOptimizer.cpp
2025-12-19T06:28:19.4747061Z [209/489] Link [x64] UnrealEditor-ObjectPoolEditor.dll
2025-12-19T06:28:19.4748343Z    �������� C:\actions-runner\_work\_temp\XTools\TempPackage\HostProject\Plugins\XTools\Binaries\Win64\UnrealEditor-ObjectPoolEditor.exp
2025-12-19T06:28:20.3241398Z [210/489] Compile [x64] PhysicsAssetEditorExtension.cpp
2025-12-19T06:28:20.4638276Z [211/489] Compile [x64] BoneIdentificationSystem.cpp
2025-12-19T06:28:20.7021611Z [212/489] Compile [x64] CircleSamplingHelper.cpp
2025-12-19T06:28:20.7681439Z [213/489] Compile [x64] FormationSamplingLibrary.cpp
2025-12-19T06:28:20.8543903Z [214/489] Compile [x64] FormationSamplingLibrary.gen.cpp
2025-12-19T06:28:20.9884807Z [215/489] Compile [x64] MeshSamplingHelper.cpp
2025-12-19T06:28:21.2023687Z [216/489] Compile [x64] PerModuleInline.gen.cpp
2025-12-19T06:28:21.2952003Z [217/489] Compile [x64] PointSampling.init.gen.cpp
2025-12-19T06:28:21.5057534Z [218/489] Compile [x64] PointDeduplicationHelper.cpp
2025-12-19T06:28:21.5556127Z [219/489] Compile [x64] PointSamplingLibrary.cpp
2025-12-19T06:28:21.6209138Z [220/489] Compile [x64] XFieldSystemLibrary.cpp
2025-12-19T06:28:21.6590927Z [221/489] Compile [x64] XFieldSystemLibrary.gen.cpp
2025-12-19T06:28:21.7922023Z [222/489] Compile [x64] XFieldSystemActor.gen.cpp
2025-12-19T06:28:21.8030021Z [223/489] Compile [x64] PointSamplingLibrary.gen.cpp
2025-12-19T06:28:21.8330370Z [224/489] Compile [x64] PointSamplingTypes.gen.cpp
2025-12-19T06:28:21.8345522Z [225/489] Compile [x64] PointSamplingModule.cpp
2025-12-19T06:28:21.8397146Z [226/489] Compile [x64] PhysicsOptimizerCore.cpp
2025-12-19T06:28:21.8401069Z C:\actions-runner\_work\_temp\XTools\TempPackage\HostProject\Plugins\XTools\Source\PhysicsAssetOptimizer\Private\PhysicsOptimizerCore.cpp(219): error C2440: ����ʼ����: �޷��ӡ�TObjectPtr<USkeletalBodySetup>��ת��Ϊ��UBodySetup *��
2025-12-19T06:28:21.8402086Z C:\actions-runner\_work\_temp\XTools\TempPackage\HostProject\Plugins\XTools\Source\PhysicsAssetOptimizer\Private\PhysicsOptimizerCore.cpp(219): note: û�п�����ִ�и�ת�����û������ת��������������޷����ø������
2025-12-19T06:28:21.8429759Z C:\actions-runner\_work\_temp\XTools\TempPackage\HostProject\Plugins\XTools\Source\PhysicsAssetOptimizer\Private\PhysicsOptimizerCore.cpp(376): error C2027: ʹ����δ�������͡�USkeletalBodySetup��
2025-12-19T06:28:21.8431775Z F:\Epic Games\UE_5.5\Engine\Source\Runtime\Engine\Classes\PhysicsEngine\PhysicsAsset.h(20): note: �μ���USkeletalBodySetup��������
2025-12-19T06:28:21.8461217Z C:\actions-runner\_work\_temp\XTools\TempPackage\HostProject\Plugins\XTools\Source\PhysicsAssetOptimizer\Private\PhysicsOptimizerCore.cpp(376): error C2530: ��DefaultInstance��: �����ʼ������
2025-12-19T06:28:21.8491425Z C:\actions-runner\_work\_temp\XTools\TempPackage\HostProject\Plugins\XTools\Source\PhysicsAssetOptimizer\Private\PhysicsOptimizerCore.cpp(438): error C2027: ʹ����δ�������͡�USkeletalBodySetup��
2025-12-19T06:28:21.8492461Z F:\Epic Games\UE_5.5\Engine\Source\Runtime\Engine\Classes\PhysicsEngine\PhysicsAsset.h(20): note: �μ���USkeletalBodySetup��������
2025-12-19T06:28:21.8521039Z C:\actions-runner\_work\_temp\XTools\TempPackage\HostProject\Plugins\XTools\Source\PhysicsAssetOptimizer\Private\PhysicsOptimizerCore.cpp(458): error C2027: ʹ����δ�������͡�USkeletalBodySetup��
2025-12-19T06:28:21.8522013Z F:\Epic Games\UE_5.5\Engine\Source\Runtime\Engine\Classes\PhysicsEngine\PhysicsAsset.h(20): note: �μ���USkeletalBodySetup��������
2025-12-19T06:28:21.8549206Z C:\actions-runner\_work\_temp\XTools\TempPackage\HostProject\Plugins\XTools\Source\PhysicsAssetOptimizer\Private\PhysicsOptimizerCore.cpp(462): error C2027: ʹ����δ�������͡�USkeletalBodySetup��
2025-12-19T06:28:21.8550218Z F:\Epic Games\UE_5.5\Engine\Source\Runtime\Engine\Classes\PhysicsEngine\PhysicsAsset.h(20): note: �μ���USkeletalBodySetup��������
2025-12-19T06:28:21.8564127Z C:\actions-runner\_work\_temp\XTools\TempPackage\HostProject\Plugins\XTools\Source\PhysicsAssetOptimizer\Private\PhysicsOptimizerCore.cpp(462): error C2530: ��DefaultInstance��: �����ʼ������
2025-12-19T06:28:22.0842550Z C:\actions-runner\_work\_temp\XTools\TempPackage\HostProject\Plugins\XTools\Source\PhysicsAssetOptimizer\Private\PhysicsOptimizerCore.cpp(576): error C2027: ʹ����δ�������͡�USkeletalBodySetup��
2025-12-19T06:28:22.0843652Z F:\Epic Games\UE_5.5\Engine\Source\Runtime\Engine\Classes\PhysicsEngine\PhysicsAsset.h(20): note: �μ���USkeletalBodySetup��������
2025-12-19T06:28:22.0873691Z C:\actions-runner\_work\_temp\XTools\TempPackage\HostProject\Plugins\XTools\Source\PhysicsAssetOptimizer\Private\PhysicsOptimizerCore.cpp(576): error C2530: ��DefaultInstance��: �����ʼ������
2025-12-19T06:28:22.2537080Z C:\actions-runner\_work\_temp\XTools\TempPackage\HostProject\Plugins\XTools\Source\PhysicsAssetOptimizer\Private\PhysicsOptimizerCore.cpp(674): error C2027: ʹ����δ�������͡�USkeletalBodySetup��
2025-12-19T06:28:22.2538220Z F:\Epic Games\UE_5.5\Engine\Source\Runtime\Engine\Classes\PhysicsEngine\PhysicsAsset.h(20): note: �μ���USkeletalBodySetup��������
2025-12-19T06:28:22.2538889Z [227/489] Compile [x64] RectangleSamplingHelper.cpp
2025-12-19T06:28:22.2998572Z [228/489] Compile [x64] SplineSamplingHelper.cpp
2025-12-19T06:28:22.3918128Z [229/489] Compile [x64] TriangleSamplingHelper.cpp
2025-12-19T06:28:22.4146571Z [230/489] Compile [x64] PoissonDiskSampling.cpp
2025-12-19T06:28:22.4697023Z [231/489] Compile [x64] TextureSamplingHelper.cpp
2025-12-19T06:28:22.5685733Z [232/489] Compile [x64] SamplingCache.cpp
2025-12-19T06:28:22.5722638Z [233/489] Compile [x64] PerModuleInline.gen.cpp
2025-12-19T06:28:22.7014731Z [234/489] Compile [x64] SortEditor.init.gen.cpp
2025-12-19T06:28:22.7680535Z [235/489] Compile [x64] PoissonSamplingHelpers.cpp
2025-12-19T06:28:22.7681192Z [236/489] Compile [x64] SPhysicsOptimizerPanel.cpp
2025-12-19T06:28:22.7681897Z [237/489] Link [x64] UnrealEditor-PointSampling.lib
2025-12-19T06:28:22.7684285Z   ���ڴ����� C:\actions-runner\_work\_temp\XTools\TempPackage\HostProject\Plugins\XTools\Intermediate\Build\Win64\x64\UnrealEditor\Development\PointSampling\UnrealEditor-PointSampling.lib �Ͷ��� C:\actions-runner\_work\_temp\XTools\TempPackage\HostProject\Plugins\XTools\Intermediate\Build\Win64\x64\UnrealEditor\Development\PointSampling\UnrealEditor-PointSampling.exp
2025-12-19T06:28:23.1692335Z [238/489] Compile [x64] K2Node_SmartSort.gen.cpp
2025-12-19T06:28:23.2262877Z [239/489] Compile [x64] SortTestLibrary.gen.cpp
2025-12-19T06:28:23.4575688Z [240/489] Compile [x64] SortEditorModule.cpp
2025-12-19T06:28:23.4709126Z [241/489] Compile [x64] PerModuleInline.gen.cpp
2025-12-19T06:28:23.5959124Z [242/489] Compile [x64] SortTestLibrary.cpp
2025-12-19T06:28:23.6439155Z [243/489] Compile [x64] XBlueprintLibraryCleanupTool.gen.cpp
2025-12-19T06:28:23.6439517Z [244/489] Compile [x64] XTools.init.gen.cpp
2025-12-19T06:28:23.6439788Z [245/489] Link [x64] UnrealEditor-PointSampling.dll
2025-12-19T06:28:23.6441298Z    �������� C:\actions-runner\_work\_temp\XTools\TempPackage\HostProject\Plugins\XTools\Binaries\Win64\UnrealEditor-PointSampling.exp
2025-12-19T06:28:24.0705632Z [246/489] Compile [x64] XToolsModule.cpp
2025-12-19T06:28:24.1659363Z [247/489] Compile [x64] SortGraphPinFactory.cpp
2025-12-19T06:28:24.3514481Z [248/489] Compile [x64] XToolsLibrary.gen.cpp
2025-12-19T06:28:25.6351437Z [249/489] Compile [x64] K2Node_SmartSort.cpp
2025-12-19T06:28:25.8729942Z [250/489] Compile [x64] XBlueprintLibraryCleanupTool.cpp
2025-12-19T06:28:26.1526643Z [251/489] Compile [x64] AutoSizeCommentsCacheFile.gen.cpp
2025-12-19T06:28:26.1607950Z [252/489] Compile [x64] SGraphPinStructPropertyName.cpp
2025-12-19T06:28:26.2279257Z [253/489] Compile [x64] AutoSizeCommentsCommands.cpp
2025-12-19T06:28:26.2279671Z [254/489] Compile [x64] XToolsLibrary.cpp
2025-12-19T06:28:26.2279926Z [255/489] Link [x64] UnrealEditor-SortEditor.lib
2025-12-19T06:28:26.2282405Z   ���ڴ����� C:\actions-runner\_work\_temp\XTools\TempPackage\HostProject\Plugins\XTools\Intermediate\Build\Win64\x64\UnrealEditor\Development\SortEditor\UnrealEditor-SortEditor.lib �Ͷ��� C:\actions-runner\_work\_temp\XTools\TempPackage\HostProject\Plugins\XTools\Intermediate\Build\Win64\x64\UnrealEditor\Development\SortEditor\UnrealEditor-SortEditor.exp
2025-12-19T06:28:26.3088591Z [256/489] Link [x64] UnrealEditor-XTools.lib
2025-12-19T06:28:26.3090839Z   ���ڴ����� C:\actions-runner\_work\_temp\XTools\TempPackage\HostProject\Plugins\XTools\Intermediate\Build\Win64\x64\UnrealEditor\Development\XTools\UnrealEditor-XTools.lib �Ͷ��� C:\actions-runner\_work\_temp\XTools\TempPackage\HostProject\Plugins\XTools\Intermediate\Build\Win64\x64\UnrealEditor\Development\XTools\UnrealEditor-XTools.exp
2025-12-19T06:28:27.2409046Z [257/489] Link [x64] UnrealEditor-SortEditor.dll
2025-12-19T06:28:27.2409765Z    �������� C:\actions-runner\_work\_temp\XTools\TempPackage\HostProject\Plugins\XTools\Binaries\Win64\UnrealEditor-SortEditor.exp
2025-12-19T06:28:28.0348904Z [258/489] Compile [x64] AutoSizeCommentsCacheFile.cpp
2025-12-19T06:28:28.0349319Z [259/489] Link [x64] UnrealEditor-XTools.dll
2025-12-19T06:28:28.0352415Z    �������� C:\actions-runner\_work\_temp\XTools\TempPackage\HostProject\Plugins\XTools\Binaries\Win64\UnrealEditor-XTools.exp
2025-12-19T06:28:28.7653208Z [260/489] Compile [x64] AutoSizeCommentsGraphPanelNodeFactory.cpp
2025-12-19T06:28:28.9825237Z [261/489] Compile [x64] AutoSizeCommentsGraphHandler.cpp
2025-12-19T06:28:29.0420328Z [262/489] Compile [x64] AutoSizeCommentsInputProcessor.cpp
2025-12-19T06:28:29.4626131Z [263/489] Compile [x64] AutoSizeCommentsNodeChangeData.cpp
2025-12-19T06:28:29.7862329Z [264/489] Compile [x64] AutoSizeCommentsSettings.gen.cpp
2025-12-19T06:28:29.8031880Z [265/489] Compile [x64] AutoSizeCommentsNotifications.cpp
2025-12-19T06:28:29.9668027Z [266/489] Compile [x64] PerModuleInline.gen.cpp
2025-12-19T06:28:30.0902648Z [267/489] Compile [x64] AutoSizeCommentsStyle.cpp
2025-12-19T06:28:30.1300013Z [268/489] Compile [x64] AutoSizeCommentsState.cpp
2025-12-19T06:28:30.1605752Z [269/489] Compile [x64] XTools_AutoSizeComments.init.gen.cpp
2025-12-19T06:28:30.2326923Z [270/489] Compile [x64] XFieldSystemActor.cpp
2025-12-19T06:28:30.2327354Z [271/489] Compile [x64] AutoSizeCommentsModule.cpp
2025-12-19T06:28:30.2327669Z [272/489] Link [x64] UnrealEditor-FieldSystemExtensions.lib
2025-12-19T06:28:30.2331183Z   ���ڴ����� C:\actions-runner\_work\_temp\XTools\TempPackage\HostProject\Plugins\XTools\Intermediate\Build\Win64\x64\UnrealEditor\Development\FieldSystemExtensions\UnrealEditor-FieldSystemExtensions.lib �Ͷ��� C:\actions-runner\_work\_temp\XTools\TempPackage\HostProject\Plugins\XTools\Intermediate\Build\Win64\x64\UnrealEditor\Development\FieldSystemExtensions\UnrealEditor-FieldSystemExtensions.exp
2025-12-19T06:28:31.3662458Z [273/489] Compile [x64] AutoSizeCommentsSettings.cpp
2025-12-19T06:28:31.3663106Z [274/489] Compile [x64] AutoSizeCommentsGraphNode.cpp
2025-12-19T06:28:31.3663491Z [275/489] Link [x64] UnrealEditor-FieldSystemExtensions.dll
2025-12-19T06:28:31.3664458Z    �������� C:\actions-runner\_work\_temp\XTools\TempPackage\HostProject\Plugins\XTools\Binaries\Win64\UnrealEditor-FieldSystemExtensions.exp
2025-12-19T06:28:32.4276742Z [276/489] Compile [x64] AutoSizeCommentsUtils.cpp
2025-12-19T06:28:32.4277207Z [277/489] Link [x64] UnrealEditor-XTools_AutoSizeComments.dll
2025-12-19T06:28:32.4277911Z    �������� C:\actions-runner\_work\_temp\XTools\TempPackage\HostProject\Plugins\XTools\Binaries\Win64\UnrealEditor-XTools_AutoSizeComments.exp
2025-12-19T06:28:32.5041856Z [278/489] Link [x64] UnrealEditor-XTools_AutoSizeComments.lib
2025-12-19T06:28:32.5044559Z   ���ڴ����� C:\actions-runner\_work\_temp\XTools\TempPackage\HostProject\Plugins\XTools\Intermediate\Build\Win64\x64\UnrealEditor\Development\XTools_AutoSizeComments\UnrealEditor-XTools_AutoSizeComments.lib �Ͷ��� C:\actions-runner\_work\_temp\XTools\TempPackage\HostProject\Plugins\XTools\Intermediate\Build\Win64\x64\UnrealEditor\Development\XTools_AutoSizeComments\UnrealEditor-XTools_AutoSizeComments.exp
2025-12-19T06:28:39.8045584Z [279/489] Compile [x64] BASettingsBase.gen.cpp
2025-12-19T06:28:41.2954835Z [280/489] Compile [x64] BASettingsBase.cpp
2025-12-19T06:28:44.8586088Z [281/489] Compile [x64] BAScopedRollbackTransaction.cpp
2025-12-19T06:28:44.9709305Z [282/489] Compile [x64] BehaviorTreeGraphFormatter.cpp
2025-12-19T06:28:45.3940787Z [283/489] Compile [x64] BAWelcomeScreen.cpp
2025-12-19T06:28:50.5889962Z [284/489] Compile [x64] BlueprintAssistActionsBase.cpp
2025-12-19T06:28:50.7014055Z [285/489] Compile [x64] BASettingsChangeWindow.cpp
2025-12-19T06:28:50.7425271Z [286/489] Compile [x64] BAVariableSelectorMenu.cpp
2025-12-19T06:28:54.0065164Z [287/489] Compile [x64] BlueprintAssistCache.gen.cpp
2025-12-19T06:28:54.4219101Z [288/489] Compile [x64] BlueprintAssistCommands.cpp
2025-12-19T06:28:55.6386573Z [289/489] Compile [x64] BlueprintAssistDelayedDelegate.cpp
2025-12-19T06:28:56.6655359Z [290/489] Compile [x64] BlueprintAssistCache.cpp
2025-12-19T06:28:56.8390486Z [291/489] Compile [x64] BASearchMenu.cpp
2025-12-19T06:28:57.1653733Z [292/489] Compile [x64] BlueprintAssistCommentContainsGraph.cpp
2025-12-19T06:28:58.2897985Z [293/489] Compile [x64] BlueprintAssistCommentHandler.cpp
2025-12-19T06:28:58.9077203Z [294/489] Compile [x64] BlueprintAssistBlueprintActions.cpp
2025-12-19T06:28:59.5777592Z [295/489] Compile [x64] BlueprintAssistGlobals.cpp
2025-12-19T06:29:01.3579532Z [296/489] Compile [x64] BlueprintAssistEditorFeatures.gen.cpp
2025-12-19T06:29:07.6047202Z [297/489] Compile [x64] BlueprintAssistEditorFeatures.cpp
2025-12-19T06:29:08.1635563Z [298/489] Compile [x64] BlueprintAssistGraphCommands.cpp
2025-12-19T06:29:09.0364172Z [299/489] Compile [x64] BlueprintAssistGraphActions.cpp
2025-12-19T06:29:11.1118464Z [300/489] Compile [x64] BlueprintAssistGraphPanelNodeFactory.cpp
2025-12-19T06:29:13.1935593Z [301/489] Compile [x64] BlueprintAssistGraphOverlay.cpp
2025-12-19T06:29:15.1663008Z [302/489] Compile [x64] BlueprintAssistCreateAssetMenu.cpp
2025-12-19T06:29:18.0162289Z [303/489] Compile [x64] BlueprintAssistGraphExtender.cpp
2025-12-19T06:29:19.9351074Z [304/489] Compile [x64] BlueprintAssistGlobalActions.cpp
2025-12-19T06:29:21.5911855Z [305/489] Compile [x64] BlueprintAssistKnotNode.cpp
2025-12-19T06:29:24.3833309Z [306/489] Compile [x64] BlueprintAssistHotkeyMenu.cpp
2025-12-19T06:29:24.5316788Z [307/489] Compile [x64] BlueprintAssistGraphHandler.cpp
2025-12-19T06:29:25.2976343Z [308/489] Compile [x64] BlueprintAssistInputProcessor.cpp
2025-12-19T06:29:27.1847727Z [309/489] Compile [x64] BlueprintAssistInputProcessorState.cpp
2025-12-19T06:29:28.7578053Z [310/489] Compile [x64] BlueprintAssistNodeSizeChangeData.cpp
2025-12-19T06:29:29.3918423Z [311/489] Compile [x64] BlueprintAssistNodeActions.cpp
2025-12-19T06:29:30.0857520Z [312/489] Compile [x64] BlueprintAssistModule.cpp
2025-12-19T06:29:32.7494388Z [313/489] Compile [x64] BlueprintAssistSettings.gen.cpp
2025-12-19T06:29:33.1528256Z [314/489] Compile [x64] BlueprintAssistSettings_Advanced.gen.cpp
2025-12-19T06:29:33.7196616Z [315/489] Compile [x64] BlueprintAssistPinActions.cpp
2025-12-19T06:29:33.9645111Z [316/489] Compile [x64] BlueprintAssistSettings.cpp
2025-12-19T06:29:34.1923333Z [317/489] Compile [x64] BlueprintAssistOpenFileMenu.cpp
2025-12-19T06:29:34.8591257Z [318/489] Compile [x64] BlueprintAssistSettings_Search.cpp
2025-12-19T06:29:35.3996875Z [319/489] Compile [x64] BlueprintAssistSettings_EditorFeatures.gen.cpp
2025-12-19T06:29:37.6190005Z [320/489] Compile [x64] BlueprintAssistSettings_Advanced.cpp
2025-12-19T06:29:37.7001120Z [321/489] Compile [x64] BlueprintAssistSettings_Search.gen.cpp
2025-12-19T06:29:42.8365425Z [322/489] Compile [x64] BlueprintAssistStyle.cpp
2025-12-19T06:29:44.2750497Z [323/489] Compile [x64] BlueprintAssistSettings_EditorFeatures.cpp
2025-12-19T06:29:46.0310320Z [324/489] Compile [x64] BlueprintAssistTabActions.cpp
2025-12-19T06:29:46.1389508Z [325/489] Compile [x64] BlueprintAssistToolbar_BlueprintImpl.cpp
2025-12-19T06:29:46.1809058Z [326/489] Compile [x64] BlueprintAssistTabHandler.cpp
2025-12-19T06:29:46.1811776Z [327/489] Compile [x64] BlueprintAssistTypes.gen.cpp
2025-12-19T06:29:46.1812001Z [328/489] Resource Default.rc2
2025-12-19T06:29:49.8449270Z [329/489] Compile [x64] BlueprintAssistTabSwitcher.cpp
2025-12-19T06:29:50.2961770Z [330/489] Compile [x64] BlueprintAssistToolkitActions.cpp
2025-12-19T06:29:53.3090735Z [331/489] Compile [x64] BlueprintAssistTypes.cpp
2025-12-19T06:29:56.2309313Z [332/489] Compile [x64] BlueprintAssistToolbar.cpp
2025-12-19T06:29:57.5712854Z [333/489] Compile [x64] BlueprintAssistUtils.gen.cpp
2025-12-19T06:29:57.9688793Z [334/489] Compile [x64] FBAScopedPropertySetter.cpp
2025-12-19T06:29:58.8415074Z [335/489] Compile [x64] EdGraphParameterFormatter.cpp
2025-12-19T06:30:00.7563942Z [336/489] Compile [x64] PerModuleInline.gen.cpp
2025-12-19T06:30:01.7080104Z [337/489] Compile [x64] EdGraphFormatter.cpp
2025-12-19T06:30:02.2761085Z [338/489] Compile [x64] KnotTrack.cpp
2025-12-19T06:30:02.7831610Z [339/489] Compile [x64] BlueprintScreenshotToolCommandManager.cpp
2025-12-19T06:30:03.4203557Z [340/489] Compile [x64] BlueprintScreenshotToolCommands.cpp
2025-12-19T06:30:03.8691815Z [341/489] Compile [x64] BlueprintScreenshotToolDiffWindowButton.cpp
2025-12-19T06:30:04.2029301Z [342/489] Compile [x64] XTools_BlueprintAssist.init.gen.cpp
2025-12-19T06:30:04.8489624Z [343/489] Compile [x64] BlueprintScreenshotToolHandler.gen.cpp
2025-12-19T06:30:05.1455609Z [344/489] Compile [x64] GraphFormatterTypes.cpp
2025-12-19T06:30:06.0076011Z [345/489] Compile [x64] BlueprintScreenshotToolModule.cpp
2025-12-19T06:30:06.0521289Z [346/489] Compile [x64] BlueprintScreenshotToolSettings.gen.cpp
2025-12-19T06:30:06.3306068Z [347/489] Compile [x64] BlueprintScreenshotToolTypes.gen.cpp
2025-12-19T06:30:06.3444009Z [348/489] Compile [x64] BlueprintScreenshotToolStyle.cpp
2025-12-19T06:30:06.3908024Z [349/489] Compile [x64] BlueprintScreenshotToolWindowManager.gen.cpp
2025-12-19T06:30:06.3911372Z [350/489] Compile [x64] BlueprintAssistUtils.cpp
2025-12-19T06:30:06.3911758Z [351/489] Resource Default.rc2
2025-12-19T06:30:06.5996678Z [352/489] Compile [x64] PerModuleInline.gen.cpp
2025-12-19T06:30:06.5997145Z [353/489] Compile [x64] XTools_BlueprintScreenshotTool.init.gen.cpp
2025-12-19T06:30:06.5997559Z [354/489] Resource Default.rc2
2025-12-19T06:30:08.1086173Z [355/489] Compile [x64] BlueprintScreenshotToolHandler.cpp
2025-12-19T06:30:08.2785778Z [356/489] Compile [x64] ENUpdateConfig.gen.cpp
2025-12-19T06:30:08.4512024Z [357/489] Compile [x64] BlueprintAssistWorkflowModeMenu.cpp
2025-12-19T06:30:08.5228079Z [358/489] Compile [x64] BlueprintScreenshotToolWindowManager.cpp
2025-12-19T06:30:08.5228679Z [359/489] Compile [x64] ENPathDrawer.cpp
2025-12-19T06:30:08.5228987Z [360/489] Link [x64] UnrealEditor-XTools_BlueprintScreenshotTool.lib
2025-12-19T06:30:08.5230094Z   ���ڴ����� C:\actions-runner\_work\_temp\XTools\TempPackage\HostProject\Plugins\XTools\Intermediate\Build\Win64\x64\UnrealEditor\Development\XTools_BlueprintScreenshotTool\UnrealEditor-XTools_BlueprintScreenshotTool.lib �Ͷ��� C:\actions-runner\_work\_temp\XTools\TempPackage\HostProject\Plugins\XTools\Intermediate\Build\Win64\x64\UnrealEditor\Development\XTools_BlueprintScreenshotTool\UnrealEditor-XTools_BlueprintScreenshotTool.exp
2025-12-19T06:30:09.4728991Z [361/489] Compile [x64] ElectronicNodesSettings.gen.cpp
2025-12-19T06:30:09.4729480Z [362/489] Link [x64] UnrealEditor-XTools_BlueprintScreenshotTool.dll
2025-12-19T06:30:09.4730263Z    �������� C:\actions-runner\_work\_temp\XTools\TempPackage\HostProject\Plugins\XTools\Binaries\Win64\UnrealEditor-XTools_BlueprintScreenshotTool.exp
2025-12-19T06:30:10.1743079Z [363/489] Compile [x64] PerModuleInline.gen.cpp
2025-12-19T06:30:10.2252460Z [364/489] Compile [x64] ENUpdatePopup.cpp
2025-12-19T06:30:10.2252894Z [365/489] Compile [x64] XTools_ElectronicNodes.init.gen.cpp
2025-12-19T06:30:10.2253195Z [366/489] Resource Default.rc2
2025-12-19T06:30:10.6937824Z [367/489] Compile [x64] KnotTrackCreator.cpp
2025-12-19T06:30:10.7370766Z [368/489] Compile [x64] ECFActionBP.gen.cpp
2025-12-19T06:30:10.7548899Z [369/489] Compile [x64] ECFActionBP.cpp
2025-12-19T06:30:10.7640499Z [370/489] Compile [x64] SimpleFormatter.cpp
2025-12-19T06:30:10.8327632Z [371/489] Compile [x64] NodeFactoryPatch.cpp
2025-12-19T06:30:10.9234001Z [372/489] Compile [x64] ECFActionBase.cpp
2025-12-19T06:30:10.9435795Z [373/489] Compile [x64] ECFActionBase.gen.cpp
2025-12-19T06:30:10.9982052Z [374/489] Compile [x64] ECFActionSettings.gen.cpp
2025-12-19T06:30:11.0977662Z [375/489] Compile [x64] ENConnectionDrawingPolicy.cpp
2025-12-19T06:30:11.2235146Z [376/489] Compile [x64] ElectronicNodes.cpp
2025-12-19T06:30:11.2518148Z [377/489] Compile [x64] ECFCoroutineActionBase.gen.cpp
2025-12-19T06:30:11.3148546Z [378/489] Compile [x64] ECFBPLibrary.cpp
2025-12-19T06:30:11.3149142Z [379/489] Compile [x64] ECFBPLibrary.gen.cpp
2025-12-19T06:30:11.3149570Z [380/489] Link [x64] UnrealEditor-XTools_ElectronicNodes.lib
2025-12-19T06:30:11.3151850Z   ���ڴ����� C:\actions-runner\_work\_temp\XTools\TempPackage\HostProject\Plugins\XTools\Intermediate\Build\Win64\x64\UnrealEditor\Development\XTools_ElectronicNodes\UnrealEditor-XTools_ElectronicNodes.lib �Ͷ��� C:\actions-runner\_work\_temp\XTools\TempPackage\HostProject\Plugins\XTools\Intermediate\Build\Win64\x64\UnrealEditor\Development\XTools_ElectronicNodes\UnrealEditor-XTools_ElectronicNodes.exp
2025-12-19T06:30:11.7919898Z [381/489] Compile [x64] ECFCoroutineAwaiters.cpp
2025-12-19T06:30:11.8729381Z [382/489] Compile [x64] ECFCustomTimelineBP.cpp
2025-12-19T06:30:11.9182414Z [383/489] Compile [x64] ECFCustomTimeline.gen.cpp
2025-12-19T06:30:12.0223653Z [384/489] Compile [x64] ECFCustomTimelineBP.gen.cpp
2025-12-19T06:30:12.0697878Z [385/489] Compile [x64] ECFCustomTimelineLinearColorBP.cpp
2025-12-19T06:30:12.1116546Z [386/489] Compile [x64] SBASizeProgress.cpp
2025-12-19T06:30:12.2877758Z [387/489] Compile [x64] ECFCustomTimelineLinearColor.gen.cpp
2025-12-19T06:30:12.3899775Z [388/489] Compile [x64] ECFCustomTimelineLinearColorBP.gen.cpp
2025-12-19T06:30:12.3900194Z [389/489] Compile [x64] ECFCustomTimelineVector.gen.cpp
2025-12-19T06:30:12.3900550Z [390/489] Link [x64] UnrealEditor-XTools_ElectronicNodes.dll
2025-12-19T06:30:12.3901176Z    �������� C:\actions-runner\_work\_temp\XTools\TempPackage\HostProject\Plugins\XTools\Binaries\Win64\UnrealEditor-XTools_ElectronicNodes.exp
2025-12-19T06:30:12.6305378Z [391/489] Compile [x64] ECFCustomTimelineVectorBP.cpp
2025-12-19T06:30:12.6305867Z [392/489] Compile [x64] ECFDelay.gen.cpp
2025-12-19T06:30:12.6306995Z [393/489] Link [x64] UnrealEditor-XTools_BlueprintAssist.lib
2025-12-19T06:30:12.6308474Z   ���ڴ����� C:\actions-runner\_work\_temp\XTools\TempPackage\HostProject\Plugins\XTools\Intermediate\Build\Win64\x64\UnrealEditor\Development\XTools_BlueprintAssist\UnrealEditor-XTools_BlueprintAssist.lib �Ͷ��� C:\actions-runner\_work\_temp\XTools\TempPackage\HostProject\Plugins\XTools\Intermediate\Build\Win64\x64\UnrealEditor\Development\XTools_BlueprintAssist\UnrealEditor-XTools_BlueprintAssist.exp
2025-12-19T06:30:12.9236044Z [394/489] Compile [x64] ECFCustomTimelineVectorBP.gen.cpp
2025-12-19T06:30:12.9777976Z [395/489] Compile [x64] ECFDelayBP.cpp
2025-12-19T06:30:13.0172064Z [396/489] Compile [x64] ECFDelayBP.gen.cpp
2025-12-19T06:30:13.1246835Z [397/489] Compile [x64] ECFDelayTicks.gen.cpp
2025-12-19T06:30:13.1390503Z [398/489] Compile [x64] ECFDelayTicksBP.cpp
2025-12-19T06:30:13.2359862Z [399/489] Compile [x64] ECFDoNTimes.gen.cpp
2025-12-19T06:30:13.3456492Z [400/489] Compile [x64] ECFDelayTicksBP.gen.cpp
2025-12-19T06:30:13.3595282Z [401/489] Compile [x64] ECFDoNoMoreThanXTime.gen.cpp
2025-12-19T06:30:13.3997143Z [402/489] Compile [x64] ECFHandleBP.gen.cpp
2025-12-19T06:30:13.4363671Z [403/489] Compile [x64] ECFDoOnce.gen.cpp
2025-12-19T06:30:13.4801254Z [404/489] Compile [x64] ECFInstanceId.cpp
2025-12-19T06:30:13.5494980Z [405/489] Compile [x64] ECFDoNoMoreThanXTimeBP.cpp
2025-12-19T06:30:13.7803587Z [406/489] Compile [x64] ECFInstanceIdBP.gen.cpp
2025-12-19T06:30:13.8436236Z [407/489] Compile [x64] ECFDoNoMoreThanXTimeBP.gen.cpp
2025-12-19T06:30:13.8580800Z [408/489] Compile [x64] ECFRunAsyncAndWait.gen.cpp
2025-12-19T06:30:13.8990558Z [409/489] Compile [x64] ECFRunAsyncThen.gen.cpp
2025-12-19T06:30:13.9528133Z [410/489] Compile [x64] ECFRunAsyncThenBP.cpp
2025-12-19T06:30:13.9886063Z [411/489] Compile [x64] ECFSubsystem.gen.cpp
2025-12-19T06:30:14.2330886Z [412/489] Compile [x64] ECFRunAsyncThenBP.gen.cpp
2025-12-19T06:30:14.2647733Z [413/489] Compile [x64] ECFTicker.gen.cpp
2025-12-19T06:30:14.2648691Z [414/489] Compile [x64] ECFSubsystem.cpp
2025-12-19T06:30:14.2649021Z [415/489] Link [x64] UnrealEditor-XTools_BlueprintAssist.dll
2025-12-19T06:30:14.2649682Z    �������� C:\actions-runner\_work\_temp\XTools\TempPackage\HostProject\Plugins\XTools\Binaries\Win64\UnrealEditor-XTools_BlueprintAssist.exp
2025-12-19T06:30:14.3317772Z [416/489] Compile [x64] ECFTimeLock.gen.cpp
2025-12-19T06:30:14.4146711Z [417/489] Compile [x64] ECFTickerBP.cpp
2025-12-19T06:30:14.4242171Z [418/489] Compile [x64] ECFTicker_WithHandle.gen.cpp
2025-12-19T06:30:14.4731407Z [419/489] Compile [x64] ECFTimeline.gen.cpp
2025-12-19T06:30:14.6650435Z [420/489] Compile [x64] ECFTickerBP.gen.cpp
2025-12-19T06:30:14.7530631Z [421/489] Compile [x64] ECFTimelineBP.cpp
2025-12-19T06:30:14.7703682Z [422/489] Compile [x64] ECFTypes.gen.cpp
2025-12-19T06:30:14.7787596Z [423/489] Compile [x64] ECFTimelineBP.gen.cpp
2025-12-19T06:30:14.8433326Z [424/489] Compile [x64] ECFTimelineLinearColorBP.cpp
2025-12-19T06:30:14.8433827Z [425/489] Compile [x64] ECFTimelineLinearColor.gen.cpp
2025-12-19T06:30:14.9222117Z [426/489] Compile [x64] ECFTimelineLinearColorBP.gen.cpp
2025-12-19T06:30:14.9293878Z [427/489] Compile [x64] ECFTimelineVector.gen.cpp
2025-12-19T06:30:15.1209130Z [428/489] Compile [x64] ECFTimelineVectorBP.cpp
2025-12-19T06:30:15.2270073Z [429/489] Compile [x64] ECFTimelineVectorBP.gen.cpp
2025-12-19T06:30:15.2346979Z [430/489] Compile [x64] ECFWaitAndExecute.gen.cpp
2025-12-19T06:30:15.2738585Z [431/489] Compile [x64] ECFWaitAndExecute_WithDeltaTime.gen.cpp
2025-12-19T06:30:15.2866492Z [432/489] Compile [x64] ECFWaitAndExecuteBP.cpp
2025-12-19T06:30:15.3045694Z [433/489] Compile [x64] ECFWaitTicks.gen.cpp
2025-12-19T06:30:15.3720020Z [434/489] Compile [x64] ECFWaitSeconds.gen.cpp
2025-12-19T06:30:15.4150101Z [435/489] Compile [x64] ECFWaitAndExecuteBP.gen.cpp
2025-12-19T06:30:15.4150716Z [436/489] Compile [x64] ECFWaitUntil.gen.cpp
2025-12-19T06:30:15.4151016Z [437/489] Resource Default.rc2
2025-12-19T06:30:15.4625527Z [438/489] Compile [x64] ECFWhileTrueExecute.gen.cpp
2025-12-19T06:30:15.4810062Z [439/489] Compile [x64] EnhancedCodeFlowModule.cpp
2025-12-19T06:30:15.5247654Z [440/489] Compile [x64] PerModuleInline.gen.cpp
2025-12-19T06:30:15.5248069Z [441/489] Compile [x64] XTools_EnhancedCodeFlow.init.gen.cpp
2025-12-19T06:30:15.5248368Z [442/489] Resource Default.rc2
2025-12-19T06:30:15.6846514Z [443/489] Compile [x64] PerModuleInline.gen.cpp
2025-12-19T06:30:15.6949029Z [444/489] Compile [x64] ECFWhileTrueExecuteBP.cpp
2025-12-19T06:30:15.9242471Z [445/489] Compile [x64] XTools_SwitchLanguageCommands.cpp
2025-12-19T06:30:16.1436205Z [446/489] Compile [x64] ECFWhileTrueExecuteBP.gen.cpp
2025-12-19T06:30:16.5355394Z [447/489] Compile [x64] XTools_SwitchLanguageStyle.cpp
2025-12-19T06:30:16.7501814Z [448/489] Compile [x64] XTools_SwitchLanguage.cpp
2025-12-19T06:30:16.7503735Z [449/489] Compile [x64] EnhancedCodeFlow.cpp
2025-12-19T06:30:16.8130792Z [450/489] Compile [x64] PerModuleInline.gen.cpp
2025-12-19T06:30:16.8131228Z [451/489] Compile [x64] X_AssetEditor.init.gen.cpp
2025-12-19T06:30:16.8131563Z [452/489] Link [x64] UnrealEditor-XTools_SwitchLanguage.lib
2025-12-19T06:30:16.8134816Z   ���ڴ����� C:\actions-runner\_work\_temp\XTools\TempPackage\HostProject\Plugins\XTools\Intermediate\Build\Win64\x64\UnrealEditor\Development\XTools_SwitchLanguage\UnrealEditor-XTools_SwitchLanguage.lib �Ͷ��� C:\actions-runner\_work\_temp\XTools\TempPackage\HostProject\Plugins\XTools\Intermediate\Build\Win64\x64\UnrealEditor\Development\XTools_SwitchLanguage\UnrealEditor-XTools_SwitchLanguage.exp
2025-12-19T06:30:16.8764976Z [453/489] Compile [x64] X_AssetEditorSettings.gen.cpp
2025-12-19T06:30:16.8765400Z [454/489] Link [x64] UnrealEditor-XTools_EnhancedCodeFlow.lib
2025-12-19T06:30:16.8766926Z   ���ڴ����� C:\actions-runner\_work\_temp\XTools\TempPackage\HostProject\Plugins\XTools\Intermediate\Build\Win64\x64\UnrealEditor\Development\XTools_EnhancedCodeFlow\UnrealEditor-XTools_EnhancedCodeFlow.lib �Ͷ��� C:\actions-runner\_work\_temp\XTools\TempPackage\HostProject\Plugins\XTools\Intermediate\Build\Win64\x64\UnrealEditor\Development\XTools_EnhancedCodeFlow\UnrealEditor-XTools_EnhancedCodeFlow.exp
2025-12-19T06:30:17.1775669Z [455/489] Compile [x64] X_AssetEditor.cpp
2025-12-19T06:30:17.3007170Z [456/489] Compile [x64] X_AssetEditorSettings.cpp
2025-12-19T06:30:17.3007650Z [457/489] Compile [x64] X_AssetNamingBlueprintLibrary.gen.cpp
2025-12-19T06:30:17.3008018Z [458/489] Link [x64] UnrealEditor-XTools_SwitchLanguage.dll
2025-12-19T06:30:17.3008665Z    �������� C:\actions-runner\_work\_temp\XTools\TempPackage\HostProject\Plugins\XTools\Binaries\Win64\UnrealEditor-XTools_SwitchLanguage.exp
2025-12-19T06:30:17.4059208Z [459/489] Compile [x64] X_AssetNamingBlueprintLibrary.cpp
2025-12-19T06:30:17.6485167Z [460/489] Compile [x64] X_AssetNamingTests.cpp
2025-12-19T06:30:17.6751733Z [461/489] Compile [x64] X_AssetEditorSettingsCustomization.cpp
2025-12-19T06:30:17.7151604Z [462/489] Compile [x64] X_CollisionManager.gen.cpp
2025-12-19T06:30:17.7152149Z [463/489] Compile [x64] X_CollisionBlueprintLibrary.gen.cpp
2025-12-19T06:30:17.7152506Z [464/489] Link [x64] UnrealEditor-XTools_EnhancedCodeFlow.dll
2025-12-19T06:30:17.7154410Z    �������� C:\actions-runner\_work\_temp\XTools\TempPackage\HostProject\Plugins\XTools\Binaries\Win64\UnrealEditor-XTools_EnhancedCodeFlow.exp
2025-12-19T06:30:18.5622059Z [465/489] Compile [x64] X_MaterialFunctionCollector.cpp
2025-12-19T06:30:18.7657008Z [466/489] Compile [x64] X_AutoConvexDialog.cpp
2025-12-19T06:30:18.7668456Z [467/489] Compile [x64] X_MaterialFunctionConnector.cpp
2025-12-19T06:30:19.0000501Z [468/489] Compile [x64] X_AssetNamingDelegates.cpp
2025-12-19T06:30:19.0202599Z [469/489] Compile [x64] X_AssetNamingManager.cpp
2025-12-19T06:30:19.0686478Z [470/489] Compile [x64] X_MaterialFunctionCore.cpp
2025-12-19T06:30:19.3891625Z [471/489] Compile [x64] X_MaterialFunctionParams.gen.cpp
2025-12-19T06:30:19.3927227Z [472/489] Compile [x64] X_MaterialFunctionOperation.cpp
2025-12-19T06:30:19.8866934Z [473/489] Compile [x64] X_MaterialFunctionParamDialog.cpp
2025-12-19T06:30:20.2853533Z [474/489] Compile [x64] X_MaterialFunctionProcessor.cpp
2025-12-19T06:30:20.3513077Z [475/489] Compile [x64] X_ModuleRegistrationManager.cpp
2025-12-19T06:30:20.5992161Z [476/489] Compile [x64] X_CollisionSettingsDialog.cpp
2025-12-19T06:30:20.6021036Z [477/489] Compile [x64] X_MaterialFunctionManager.cpp
2025-12-19T06:30:20.9733096Z [478/489] Compile [x64] X_PivotManager.cpp
2025-12-19T06:30:21.3352910Z [479/489] Compile [x64] X_PivotTypes.gen.cpp
2025-12-19T06:30:21.3498368Z [480/489] Compile [x64] X_CollisionBlueprintLibrary.cpp
2025-12-19T06:30:21.3536019Z [481/489] Compile [x64] X_MenuExtensionManager.cpp
2025-12-19T06:30:22.7584492Z [482/489] Compile [x64] X_CollisionManager.cpp
2025-12-19T06:30:22.8858182Z [483/489] Compile [x64] X_MaterialFunctionUI.cpp
2025-12-19T06:30:22.8858553Z [484/489] Compile [x64] X_PivotOperation.cpp
2025-12-19T06:30:22.8858834Z [485/489] Link [x64] UnrealEditor-X_AssetEditor.lib
2025-12-19T06:30:22.8860110Z   ���ڴ����� C:\actions-runner\_work\_temp\XTools\TempPackage\HostProject\Plugins\XTools\Intermediate\Build\Win64\x64\UnrealEditor\Development\X_AssetEditor\UnrealEditor-X_AssetEditor.lib �Ͷ��� C:\actions-runner\_work\_temp\XTools\TempPackage\HostProject\Plugins\XTools\Intermediate\Build\Win64\x64\UnrealEditor\Development\X_AssetEditor\UnrealEditor-X_AssetEditor.exp
2025-12-19T06:30:23.5606550Z [486/489] Link [x64] UnrealEditor-X_AssetEditor.dll
2025-12-19T06:30:23.5606984Z    �������� C:\actions-runner\_work\_temp\XTools\TempPackage\HostProject\Plugins\XTools\Binaries\Win64\UnrealEditor-X_AssetEditor.exp
2025-12-19T06:30:23.5656222Z Trace file written to C:/Users/xiybh/AppData/Roaming/Unreal Engine/AutomationTool/Logs/F+Epic+Games+UE_5.5/UBA-UnrealEditor-Win64-Development.uba with size 117.0kb
2025-12-19T06:30:23.8557330Z Total time in Unreal Build Accelerator local executor: 186.26 seconds
2025-12-19T06:30:23.9358956Z Total execution time: 195.03 seconds
2025-12-19T06:30:23.9550221Z Took 195.13s to run dotnet.exe, ExitCode=6
2025-12-19T06:30:23.9702229Z UnrealBuildTool failed. See log for more details. (C:\Users\xiybh\AppData\Roaming\Unreal Engine\AutomationTool\Logs\F+Epic+Games+UE_5.5\UBA-UnrealEditor-Win64-Development.txt)
2025-12-19T06:30:23.9726624Z AutomationTool executed for 0h 3m 16s
2025-12-19T06:30:23.9728304Z AutomationTool exiting with ExitCode=6 (6)
2025-12-19T06:30:23.9957186Z BUILD FAILED
2025-12-19T06:30:24.0822886Z C:\actions-runner\_work\_temp\dfd67f73-5913-4e88-9d77-c756ee17afff.ps1 : Build failed with exit code: 6
2025-12-19T06:30:24.0823269Z At C:\actions-runner\_work\_temp\dfd67f73-5913-4e88-9d77-c756ee17afff.ps1:48 char:3
2025-12-19T06:30:24.0823518Z +   Write-Error "Build failed with exit code: $LASTEXITCODE"
2025-12-19T06:30:24.0823700Z +   ~~~~~~~~~~~~~~~~~~~~~~~~~~~~~~~~~~~~~~~~~~~~~~~~~~~~~~~~
2025-12-19T06:30:24.0823940Z     + CategoryInfo          : NotSpecified: (:) [Write-Error], WriteErrorException
2025-12-19T06:30:24.0824308Z     + FullyQualifiedErrorId : Microsoft.PowerShell.Commands.WriteErrorException,dfd67f73-5913-4e88-9d77-c756ee17afff.p 
2025-12-19T06:30:24.0824589Z    s1
2025-12-19T06:30:24.0824673Z  
2025-12-19T06:30:24.1008973Z ##[error]Process completed with exit code 1.
2025-12-19T06:30:24.1235307Z ##[group]Run $trigger_info = ""
2025-12-19T06:30:24.1235497Z [36;1m$trigger_info = ""[0m
2025-12-19T06:30:24.1235635Z [36;1mif ("workflow_dispatch" -eq "workflow_dispatch") {[0m
2025-12-19T06:30:24.1235783Z [36;1m  $selected_version = "all"[0m
2025-12-19T06:30:24.1235933Z [36;1m  $trigger_info = "- **Trigger**: Manual (Selected: $selected_version)`n"[0m
2025-12-19T06:30:24.1236091Z [36;1m} else {[0m
2025-12-19T06:30:24.1236198Z [36;1m  $trigger_info = "- **Trigger**: Tag push`n"[0m
2025-12-19T06:30:24.1236316Z [36;1m}[0m
2025-12-19T06:30:24.1236390Z [36;1m[0m
2025-12-19T06:30:24.1236483Z [36;1m$summary = @"[0m
2025-12-19T06:30:24.1236570Z [36;1m## Build Completed - UE 5.5[0m
2025-12-19T06:30:24.1236679Z [36;1m[0m
2025-12-19T06:30:24.1236755Z [36;1m### Build Information[0m
2025-12-19T06:30:24.1236857Z [36;1m$trigger_info- **Version**: [0m
2025-12-19T06:30:24.1236956Z [36;1m- **UE Version**: 5.5[0m
2025-12-19T06:30:24.1237096Z [36;1m- **Build Duration**: [0m
2025-12-19T06:30:24.1237193Z [36;1m- **Package Size**:  MB[0m
2025-12-19T06:30:24.1237296Z [36;1m- **Artifact Name**: ````[0m
2025-12-19T06:30:24.1237390Z [36;1m[0m
2025-12-19T06:30:24.1237467Z [36;1m### Build Status[0m
2025-12-19T06:30:24.1237570Z [36;1m- [OK] Compilation successful[0m
2025-12-19T06:30:24.1237684Z [36;1m- [OK] Post-processing completed[0m
2025-12-19T06:30:24.1237806Z [36;1m- [OK] Validation passed[0m
2025-12-19T06:30:24.1237894Z [36;1m[0m
2025-12-19T06:30:24.1237965Z [36;1m### Download[0m
2025-12-19T06:30:24.1238086Z [36;1mArtifact uploaded to Actions Artifacts, retained for 30 days.[0m
2025-12-19T06:30:24.1238239Z [36;1m"@[0m
2025-12-19T06:30:24.1238318Z [36;1m[0m
2025-12-19T06:30:24.1238440Z [36;1m$summary | Out-File -FilePath $env:GITHUB_STEP_SUMMARY -Encoding utf8[0m
2025-12-19T06:30:24.1258449Z shell: C:\WINDOWS\System32\WindowsPowerShell\v1.0\powershell.EXE -ExecutionPolicy Bypass -File {0}
2025-12-19T06:30:24.1258650Z env:
2025-12-19T06:30:24.1258731Z   UE_VERSION: 5.5
2025-12-19T06:30:24.1258814Z   UE_PATH: F:\Epic Games\UE_5.5
2025-12-19T06:30:24.1258957Z   RUNUAT_PATH: F:\Epic Games\UE_5.5\Engine\Build\BatchFiles\RunUAT.bat
2025-12-19T06:30:24.1259135Z   UE_EDITOR_PATH: F:\Epic Games\UE_5.5\Engine\Binaries\Win64\UnrealEditor.exe
2025-12-19T06:30:24.1259319Z   PLUGIN_FILE: C:\actions-runner\_work\UE_XTools\UE_XTools\XTools.uplugin
2025-12-19T06:30:24.1259514Z   OUTPUT_DIR: C:\actions-runner\_work\_temp\XTools\XTools-UE_5.5-AllPlatforms
2025-12-19T06:30:24.1259693Z   TEMP_OUTPUT: C:\actions-runner\_work\_temp\XTools\TempPackage
2025-12-19T06:30:24.1260433Z ##[endgroup]
2025-12-19T06:30:24.3859176Z ##[group]Run Write-Host "==> Cleanup Temporary Files" -ForegroundColor Cyan
2025-12-19T06:30:24.3859464Z [36;1mWrite-Host "==> Cleanup Temporary Files" -ForegroundColor Cyan[0m
2025-12-19T06:30:24.3859601Z [36;1m[0m
2025-12-19T06:30:24.3859690Z [36;1m# Clean build directory in RUNNER_TEMP[0m
2025-12-19T06:30:24.3859826Z [36;1m$base_out = Join-Path $env:RUNNER_TEMP "XTools"[0m
2025-12-19T06:30:24.3859956Z [36;1mif (Test-Path $base_out) {[0m
2025-12-19T06:30:24.3860056Z [36;1m  try {[0m
2025-12-19T06:30:24.3860263Z [36;1m    $size = (Get-ChildItem $base_out -Recurse -ErrorAction SilentlyContinue | Measure-Object -Property Length -Sum).Sum / 1MB[0m
2025-12-19T06:30:24.3860517Z [36;1m    Remove-Item -Recurse -Force $base_out -ErrorAction Stop[0m
2025-12-19T06:30:24.3860743Z [36;1m    Write-Host "[OK] Cleanup completed, freed $([math]::Round($size, 2)) MB" -ForegroundColor Green[0m
2025-12-19T06:30:24.3860929Z [36;1m  } catch {[0m
2025-12-19T06:30:24.3861055Z [36;1m    Write-Warning "Cleanup failed: $_"[0m
2025-12-19T06:30:24.3861161Z [36;1m  }[0m
2025-12-19T06:30:24.3861236Z [36;1m}[0m
2025-12-19T06:30:24.3880997Z shell: C:\WINDOWS\System32\WindowsPowerShell\v1.0\powershell.EXE -ExecutionPolicy Bypass -File {0}
2025-12-19T06:30:24.3881184Z env:
2025-12-19T06:30:24.3881257Z   UE_VERSION: 5.5
2025-12-19T06:30:24.3881345Z   UE_PATH: F:\Epic Games\UE_5.5
2025-12-19T06:30:24.3881494Z   RUNUAT_PATH: F:\Epic Games\UE_5.5\Engine\Build\BatchFiles\RunUAT.bat
2025-12-19T06:30:24.3881672Z   UE_EDITOR_PATH: F:\Epic Games\UE_5.5\Engine\Binaries\Win64\UnrealEditor.exe
2025-12-19T06:30:24.3881858Z   PLUGIN_FILE: C:\actions-runner\_work\UE_XTools\UE_XTools\XTools.uplugin
2025-12-19T06:30:24.3882046Z   OUTPUT_DIR: C:\actions-runner\_work\_temp\XTools\XTools-UE_5.5-AllPlatforms
2025-12-19T06:30:24.3882335Z   TEMP_OUTPUT: C:\actions-runner\_work\_temp\XTools\TempPackage
2025-12-19T06:30:24.3882561Z ##[endgroup]
2025-12-19T06:30:24.5768273Z ==> Cleanup Temporary Files
2025-12-19T06:30:26.9700805Z [OK] Cleanup completed, freed 7303.3 MB
2025-12-19T06:30:27.0028588Z Post job cleanup.
2025-12-19T06:30:27.1703385Z [command]"C:\Program Files\Git\cmd\git.exe" version
2025-12-19T06:30:27.2244043Z git version 2.51.2.windows.1
2025-12-19T06:30:27.2299633Z Copying 'C:\Users\xiybh\.gitconfig' to 'C:\actions-runner\_work\_temp\daad5fc6-259b-414e-ba11-ae162e4faaad\.gitconfig'
2025-12-19T06:30:27.2318884Z Temporarily overriding HOME='C:\actions-runner\_work\_temp\daad5fc6-259b-414e-ba11-ae162e4faaad' before making global git config changes
2025-12-19T06:30:27.2319235Z Adding repository directory to the temporary git global config as a safe directory
2025-12-19T06:30:27.2326403Z [command]"C:\Program Files\Git\cmd\git.exe" config --global --add safe.directory C:\actions-runner\_work\UE_XTools\UE_XTools
2025-12-19T06:30:27.3062930Z [command]"C:\Program Files\Git\cmd\git.exe" config --local --name-only --get-regexp core\.sshCommand
2025-12-19T06:30:27.3625750Z [command]"C:\Program Files\Git\cmd\git.exe" submodule foreach --recursive "sh -c \"git config --local --name-only --get-regexp 'core\.sshCommand' && git config --local --unset-all 'core.sshCommand' || :\""
2025-12-19T06:30:28.3637272Z [command]"C:\Program Files\Git\cmd\git.exe" config --local --name-only --get-regexp http\.https\:\/\/github\.com\/\.extraheader
2025-12-19T06:30:28.4176745Z http.https://github.com/.extraheader
2025-12-19T06:30:28.4218228Z [command]"C:\Program Files\Git\cmd\git.exe" config --local --unset-all http.https://github.com/.extraheader
2025-12-19T06:30:28.4787568Z [command]"C:\Program Files\Git\cmd\git.exe" submodule foreach --recursive "sh -c \"git config --local --name-only --get-regexp 'http\.https\:\/\/github\.com\/\.extraheader' && git config --local --unset-all 'http.https://github.com/.extraheader' || :\""
2025-12-19T06:30:29.4106417Z [command]"C:\Program Files\Git\cmd\git.exe" config --local --name-only --get-regexp ^includeIf\.gitdir:
2025-12-19T06:30:29.4672964Z [command]"C:\Program Files\Git\cmd\git.exe" submodule foreach --recursive "git config --local --show-origin --name-only --get-regexp remote.origin.url"
2025-12-19T06:30:30.3543534Z Cleaning up orphan processes
